06-10 19:29:57.456 24990 25003 W InputDispatcher: Attempted to unregister already unregistered input channel '6941210 com.plan.kot32.tomatotime/com.plan.kot32.tomatotime.activity.view.XuebaControlSelfActivity (server)'
06-10 19:29:57.463   314   370 W EmuHWC2 : No layers, exit, buffer 0xf1000490
06-10 19:29:57.476 24990 25008 W ActivityManager: setHasOverlayUi called on unknown pid: 11764
06-10 19:29:57.479 24990 25016 I libprocessgroup: Successfully killed process cgroup uid 10154 pid 11764 in 96ms
06-10 19:29:57.481   314 24866 W EmuHWC2 : No layers, exit, buffer 0xf1000490
06-10 19:29:57.495   314 24866 W EmuHWC2 : No layers, exit, buffer 0xf1000490
06-10 19:29:57.496  1528  1528 I bynm    : onStart
06-10 19:29:57.502 24990 25891 W ActivityManager: Unable to start service Intent { act=android.service.appprediction.AppPredictionService cmp=com.google.android.as/com.google.android.apps.miphone.aiai.app.AiAiPredictionService } U=0: not found
06-10 19:29:57.502 24990 25891 W RemoteAppPredictionService: could not bind to Intent { act=android.service.appprediction.AppPredictionService cmp=com.google.android.as/com.google.android.apps.miphone.aiai.app.AiAiPredictionService } using flags 67108865
06-10 19:29:57.504  1528  1528 I bwgw    : (REDACTED) [%s] onStart()
06-10 19:29:57.505  1528  1528 I bynm    : onResume
06-10 19:29:57.505  1528  1528 W dolk    : missing event name
06-10 19:29:57.513   314   370 W EmuHWC2 : No layers, exit, buffer 0xf1000490
06-10 19:29:57.530   314   370 W EmuHWC2 : No layers, exit, buffer 0xf1000490
06-10 19:29:57.544   314   370 W EmuHWC2 : No layers, exit, buffer 0xf1000490
06-10 19:29:57.578 32605 32605 W ThreadPoolForeg: type=1400 audit(0.0:1243): avc: denied { write } for name="traced_producer" dev="tmpfs" ino=10994 scontext=u:r:gmscore_app:s0:c512,c768 tcontext=u:object_r:traced_producer_socket:s0 tclass=sock_file permissive=0 app=com.google.android.gms
06-10 19:29:58.793 18151 18153 I cmd     : oneway function results will be dropped but finished with status OK and parcel size 4
06-10 19:30:00.991 18178 18180 I cmd     : oneway function results will be dropped but finished with status OK and parcel size 4
06-10 19:30:02.699 18213 18214 I cmd     : oneway function results will be dropped but finished with status OK and parcel size 4
06-10 19:30:03.130 18251 18255 I cmd     : oneway function results will be dropped but finished with status OK and parcel size 4
06-10 19:30:03.858 24990 25877 I ActivityTaskManager: START u0 {act=android.intent.action.MAIN cat=[android.intent.category.LAUNCHER] flg=0x10000000 cmp=com.plan.kot32.tomatotime/.activity.SplashActivity} from uid 2000
06-10 19:30:03.865   411   411 I perfetto: ing_service_impl.cc:758 Configured tracing session 53, #sources:1, duration:5000 ms, #buffers:1, total buffer size:4096 KB, total sessions:1, uid:1071 session name: ""
06-10 19:30:03.866   402   402 I perfetto: probes_producer.cc:230  Ftrace setup (target_buf=53)
06-10 19:30:03.916   402   402 I perfetto: ftrace_procfs.cc:176    enabled ftrace
06-10 19:30:03.929 24990 25015 I ActivityManager: Start proc 18315:com.plan.kot32.tomatotime/u0a154 for pre-top-activity {com.plan.kot32.tomatotime/com.plan.kot32.tomatotime.activity.SplashActivity}
06-10 19:30:03.934 24990 25015 W ActivityManager: Slow operation: 51ms so far, now at startProcess: done updating pids map
06-10 19:30:03.937 18315 18315 W ot32.tomatotim: Unexpected CPU variant for X86 using defaults: x86
06-10 19:30:03.939 18315 18315 E ot32.tomatotim: Not starting debugger since process cannot load the jdwp agent.
06-10 19:30:03.965 24990 25877 W InputReader: Device virtio_input_multi_touch_9 is associated with display ADISPLAY_ID_NONE.
06-10 19:30:03.966 24990 25877 W InputReader: Device virtio_input_multi_touch_7 is associated with display ADISPLAY_ID_NONE.
06-10 19:30:03.966 24990 25877 W InputReader: Device virtio_input_multi_touch_10 is associated with display ADISPLAY_ID_NONE.
06-10 19:30:03.966 24990 25877 W InputReader: Device virtio_input_multi_touch_6 is associated with display ADISPLAY_ID_NONE.
06-10 19:30:03.966 24990 25877 W InputReader: Device virtio_input_multi_touch_4 is associated with display ADISPLAY_ID_NONE.
06-10 19:30:03.966 24990 25877 W InputReader: Device virtio_input_multi_touch_3 is associated with display ADISPLAY_ID_NONE.
06-10 19:30:03.966 24990 25877 W InputReader: Device virtio_input_multi_touch_11 is associated with display ADISPLAY_ID_NONE.
06-10 19:30:03.966 24990 25877 W InputReader: Device virtio_input_multi_touch_8 is associated with display ADISPLAY_ID_NONE.
06-10 19:30:03.966 24990 25877 W InputReader: Device virtio_input_multi_touch_5 is associated with display ADISPLAY_ID_NONE.
06-10 19:30:03.966 24990 25877 W InputReader: Device virtio_input_multi_touch_2 is associated with display ADISPLAY_ID_NONE.
06-10 19:30:03.966 24990 25877 W InputReader: Device virtio_input_multi_touch_9 is associated with display ADISPLAY_ID_NONE.
06-10 19:30:03.966 24990 25877 W InputReader: Device virtio_input_multi_touch_7 is associated with display ADISPLAY_ID_NONE.
06-10 19:30:03.966 24990 25877 W InputReader: Device virtio_input_multi_touch_10 is associated with display ADISPLAY_ID_NONE.
06-10 19:30:03.966 24990 25877 W InputReader: Device virtio_input_multi_touch_6 is associated with display ADISPLAY_ID_NONE.
06-10 19:30:03.966 24990 25877 W InputReader: Device virtio_input_multi_touch_4 is associated with display ADISPLAY_ID_NONE.
06-10 19:30:03.966 24990 25877 W InputReader: Device virtio_input_multi_touch_3 is associated with display ADISPLAY_ID_NONE.
06-10 19:30:03.966 24990 25877 W InputReader: Device virtio_input_multi_touch_11 is associated with display ADISPLAY_ID_NONE.
06-10 19:30:03.966 24990 25877 W InputReader: Device virtio_input_multi_touch_8 is associated with display ADISPLAY_ID_NONE.
06-10 19:30:03.966 24990 25877 W InputReader: Device virtio_input_multi_touch_5 is associated with display ADISPLAY_ID_NONE.
06-10 19:30:03.966 24990 25877 W InputReader: Device virtio_input_multi_touch_2 is associated with display ADISPLAY_ID_NONE.
06-10 19:30:03.975 18315 18315 I ot32.tomatotim: The ClassLoaderContext is a special shared library.
06-10 19:30:03.977 18315 18315 E LoadedApk: Unable to instantiate appComponentFactory
06-10 19:30:03.977 18315 18315 E LoadedApk: java.lang.ClassNotFoundException: Didn't find class "androidx.core.app.CoreComponentFactory" on path: DexPathList[[zip file "/data/app/~~65FfnZ1yQjL_cHarWiviOA==/com.plan.kot32.tomatotime-eraROl5JIrY9FpE7kSN6pQ==/base.apk"],nativeLibraryDirectories=[/data/app/~~65FfnZ1yQjL_cHarWiviOA==/com.plan.kot32.tomatotime-eraROl5JIrY9FpE7kSN6pQ==/lib/x86, /data/app/~~65FfnZ1yQjL_cHarWiviOA==/com.plan.kot32.tomatotime-eraROl5JIrY9FpE7kSN6pQ==/base.apk!/lib/x86, /system/lib, /system_ext/lib]]
06-10 19:30:03.977 18315 18315 E LoadedApk: 	at dalvik.system.BaseDexClassLoader.findClass(BaseDexClassLoader.java:207)
06-10 19:30:03.977 18315 18315 E LoadedApk: 	at java.lang.ClassLoader.loadClass(ClassLoader.java:379)
06-10 19:30:03.977 18315 18315 E LoadedApk: 	at java.lang.ClassLoader.loadClass(ClassLoader.java:312)
06-10 19:30:03.977 18315 18315 E LoadedApk: 	at android.app.LoadedApk.createAppFactory(LoadedApk.java:260)
06-10 19:30:03.977 18315 18315 E LoadedApk: 	at android.app.LoadedApk.createOrUpdateClassLoaderLocked(LoadedApk.java:905)
06-10 19:30:03.977 18315 18315 E LoadedApk: 	at android.app.LoadedApk.getClassLoader(LoadedApk.java:958)
06-10 19:30:03.977 18315 18315 E LoadedApk: 	at android.app.LoadedApk.getResources(LoadedApk.java:1190)
06-10 19:30:03.977 18315 18315 E LoadedApk: 	at android.app.ContextImpl.createAppContext(ContextImpl.java:2663)
06-10 19:30:03.977 18315 18315 E LoadedApk: 	at android.app.ContextImpl.createAppContext(ContextImpl.java:2655)
06-10 19:30:03.977 18315 18315 E LoadedApk: 	at android.app.ActivityThread.handleBindApplication(ActivityThread.java:6595)
06-10 19:30:03.977 18315 18315 E LoadedApk: 	at android.app.ActivityThread.access$1300(ActivityThread.java:237)
06-10 19:30:03.977 18315 18315 E LoadedApk: 	at android.app.ActivityThread$H.handleMessage(ActivityThread.java:1913)
06-10 19:30:03.977 18315 18315 E LoadedApk: 	at android.os.Handler.dispatchMessage(Handler.java:106)
06-10 19:30:03.977 18315 18315 E LoadedApk: 	at android.os.Looper.loop(Looper.java:223)
06-10 19:30:03.977 18315 18315 E LoadedApk: 	at android.app.ActivityThread.main(ActivityThread.java:7656)
06-10 19:30:03.977 18315 18315 E LoadedApk: 	at java.lang.reflect.Method.invoke(Native Method)
06-10 19:30:03.977 18315 18315 E LoadedApk: 	at com.android.internal.os.RuntimeInit$MethodAndArgsCaller.run(RuntimeInit.java:592)
06-10 19:30:03.977 18315 18315 E LoadedApk: 	at com.android.internal.os.ZygoteInit.main(ZygoteInit.java:947)
06-10 19:30:03.987  1528  1528 I bynm    : onPause
06-10 19:30:03.988  1528  1528 W dolk    : measuring already stopped.
06-10 19:30:03.986 18315 18315 W ot32.tomatotime: type=1400 audit(0.0:1244): avc: granted { execute } for path="/data/data/com.plan.kot32.tomatotime/.jiagu/libjgcpkt.so" dev="dm-5" ino=163891 scontext=u:r:untrusted_app:s0:c154,c256,c512,c768 tcontext=u:object_r:app_data_file:s0:c154,c256,c512,c768 tclass=file app=com.plan.kot32.tomatotime
06-10 19:30:03.990 18315 18315 I chatty  : uid=10154(com.plan.kot32.tomatotime) identical 2 lines
06-10 19:30:03.990 18315 18315 W ot32.tomatotime: type=1400 audit(0.0:1247): avc: granted { execute } for path="/data/data/com.plan.kot32.tomatotime/.jiagu/libjgcpkt.so" dev="dm-5" ino=163891 scontext=u:r:untrusted_app:s0:c154,c256,c512,c768 tcontext=u:object_r:app_data_file:s0:c154,c256,c512,c768 tclass=file app=com.plan.kot32.tomatotime
06-10 19:30:04.302 18315 18315 W ot32.tomatotim: Opening an oat file without a class loader. Are you using the deprecated DexFile APIs?
06-10 19:30:04.357 18315 18315 W System.err: Warning: Using deprecated Element constructor. Do not use internal APIs, this constructor will be removed in the future.
06-10 19:30:04.397 18315 18315 E 警告  : 尚未在本地保存用户信息
06-10 19:30:04.397 18315 18315 E 警告  : 本地加载用户数据文件失败
06-10 19:30:04.418 18315 18315 I eup     : register native abi method success
06-10 19:30:04.422 24990 25014 W BroadcastQueue: Permission Denial: broadcasting Intent { act=android.net.conn.CONNECTIVITY_CHANGE flg=0x4200010 (has extras) } from null (pid=-1, uid=-1) requires com.tencent.bugly.BuglyBroadcastReceiver.permission due to registered receiver BroadcastFilter{b1174dd 10154/u0 ReceiverList{a56a0b4 18315 com.plan.kot32.tomatotime/10154/u0 remote:3e4987}}
06-10 19:30:04.463 18315 18315 I fb-UnpackingSoSource: dso store is up-to-date: /data/user/0/com.plan.kot32.tomatotime/lib-main
06-10 19:30:04.466 18315 18382 W ot32.tomatotim: Accessing hidden method Lcom/android/org/conscrypt/ConscryptEngineSocket;->setUseSessionTickets(Z)V (greylist-max-q,core-platform-api, reflection, denied)
06-10 19:30:04.466 18315 18382 W ot32.tomatotim: Accessing hidden method Lcom/android/org/conscrypt/OpenSSLSocketImpl;->setUseSessionTickets(Z)V (greylist-max-q,core-platform-api, reflection, denied)
06-10 19:30:04.466 18315 18382 W ot32.tomatotim: Accessing hidden method Lcom/android/org/conscrypt/AbstractConscryptSocket;->setUseSessionTickets(Z)V (greylist-max-q, reflection, denied)
06-10 19:30:04.467 18315 18382 W ot32.tomatotim: Accessing hidden method Lcom/android/org/conscrypt/ConscryptEngineSocket;->setHostname(Ljava/lang/String;)V (greylist-max-q,core-platform-api, reflection, denied)
06-10 19:30:04.467 18315 18382 W ot32.tomatotim: Accessing hidden method Lcom/android/org/conscrypt/OpenSSLSocketImpl;->setHostname(Ljava/lang/String;)V (greylist-max-q,core-platform-api, reflection, denied)
06-10 19:30:04.467 18315 18382 W ot32.tomatotim: Accessing hidden method Lcom/android/org/conscrypt/AbstractConscryptSocket;->setHostname(Ljava/lang/String;)V (greylist-max-q, reflection, denied)
06-10 19:30:04.467 18315 18382 W ot32.tomatotim: Accessing hidden method Lcom/android/org/conscrypt/OpenSSLSocketImpl;->setAlpnProtocols([B)V (greylist-max-q,core-platform-api, reflection, denied)
06-10 19:30:04.467 18315 18382 W ot32.tomatotim: Accessing hidden method Lcom/android/org/conscrypt/AbstractConscryptSocket;->setAlpnProtocols([B)V (greylist-max-q, reflection, denied)
06-10 19:30:04.538 18315 18397 W ot32.tomatotim: Accessing hidden method Lcom/android/org/conscrypt/ConscryptEngineSocket;->setUseSessionTickets(Z)V (greylist-max-q,core-platform-api, reflection, denied)
06-10 19:30:04.538 18315 18397 W ot32.tomatotim: Accessing hidden method Lcom/android/org/conscrypt/OpenSSLSocketImpl;->setUseSessionTickets(Z)V (greylist-max-q,core-platform-api, reflection, denied)
06-10 19:30:04.538 18315 18397 W ot32.tomatotim: Accessing hidden method Lcom/android/org/conscrypt/AbstractConscryptSocket;->setUseSessionTickets(Z)V (greylist-max-q, reflection, denied)
06-10 19:30:04.538 18315 18397 W ot32.tomatotim: Accessing hidden method Lcom/android/org/conscrypt/ConscryptEngineSocket;->setHostname(Ljava/lang/String;)V (greylist-max-q,core-platform-api, reflection, denied)
06-10 19:30:04.538 18315 18397 W ot32.tomatotim: Accessing hidden method Lcom/android/org/conscrypt/OpenSSLSocketImpl;->setHostname(Ljava/lang/String;)V (greylist-max-q,core-platform-api, reflection, denied)
06-10 19:30:04.538 18315 18397 W ot32.tomatotim: Accessing hidden method Lcom/android/org/conscrypt/AbstractConscryptSocket;->setHostname(Ljava/lang/String;)V (greylist-max-q, reflection, denied)
06-10 19:30:04.538 18315 18397 W ot32.tomatotim: Accessing hidden method Lcom/android/org/conscrypt/OpenSSLSocketImpl;->setAlpnProtocols([B)V (greylist-max-q,core-platform-api, reflection, denied)
06-10 19:30:04.538 18315 18397 W ot32.tomatotim: Accessing hidden method Lcom/android/org/conscrypt/AbstractConscryptSocket;->setAlpnProtocols([B)V (greylist-max-q, reflection, denied)
06-10 19:30:04.539 18315 18390 I TetheringManager: registerTetheringEventCallback:com.plan.kot32.tomatotime
06-10 19:30:04.551 18315 18398 W ot32.tomatotim: Accessing hidden method Lcom/android/org/conscrypt/ConscryptEngineSocket;->setUseSessionTickets(Z)V (greylist-max-q,core-platform-api, reflection, denied)
06-10 19:30:04.551 18315 18396 W ot32.tomatotim: Accessing hidden method Lcom/android/org/conscrypt/ConscryptEngineSocket;->setUseSessionTickets(Z)V (greylist-max-q,core-platform-api, reflection, denied)
06-10 19:30:04.551 18315 18396 W ot32.tomatotim: Accessing hidden method Lcom/android/org/conscrypt/OpenSSLSocketImpl;->setUseSessionTickets(Z)V (greylist-max-q,core-platform-api, reflection, denied)
06-10 19:30:04.551 18315 18396 W ot32.tomatotim: Accessing hidden method Lcom/android/org/conscrypt/AbstractConscryptSocket;->setUseSessionTickets(Z)V (greylist-max-q, reflection, denied)
06-10 19:30:04.551 18315 18396 W ot32.tomatotim: Accessing hidden method Lcom/android/org/conscrypt/ConscryptEngineSocket;->setHostname(Ljava/lang/String;)V (greylist-max-q,core-platform-api, reflection, denied)
06-10 19:30:04.551 18315 18396 W ot32.tomatotim: Accessing hidden method Lcom/android/org/conscrypt/OpenSSLSocketImpl;->setHostname(Ljava/lang/String;)V (greylist-max-q,core-platform-api, reflection, denied)
06-10 19:30:04.551 18315 18396 W ot32.tomatotim: Accessing hidden method Lcom/android/org/conscrypt/AbstractConscryptSocket;->setHostname(Ljava/lang/String;)V (greylist-max-q, reflection, denied)
06-10 19:30:04.551 18315 18398 W ot32.tomatotim: Accessing hidden method Lcom/android/org/conscrypt/OpenSSLSocketImpl;->setUseSessionTickets(Z)V (greylist-max-q,core-platform-api, reflection, denied)
06-10 19:30:04.551 18315 18396 W ot32.tomatotim: Accessing hidden method Lcom/android/org/conscrypt/OpenSSLSocketImpl;->setAlpnProtocols([B)V (greylist-max-q,core-platform-api, reflection, denied)
06-10 19:30:04.551 18315 18396 W ot32.tomatotim: Accessing hidden method Lcom/android/org/conscrypt/AbstractConscryptSocket;->setAlpnProtocols([B)V (greylist-max-q, reflection, denied)
06-10 19:30:04.552 18315 18398 W ot32.tomatotim: Accessing hidden method Lcom/android/org/conscrypt/AbstractConscryptSocket;->setUseSessionTickets(Z)V (greylist-max-q, reflection, denied)
06-10 19:30:04.552 18315 18398 W ot32.tomatotim: Accessing hidden method Lcom/android/org/conscrypt/ConscryptEngineSocket;->setHostname(Ljava/lang/String;)V (greylist-max-q,core-platform-api, reflection, denied)
06-10 19:30:04.552 18315 18398 W ot32.tomatotim: Accessing hidden method Lcom/android/org/conscrypt/OpenSSLSocketImpl;->setHostname(Ljava/lang/String;)V (greylist-max-q,core-platform-api, reflection, denied)
06-10 19:30:04.552 18315 18398 W ot32.tomatotim: Accessing hidden method Lcom/android/org/conscrypt/AbstractConscryptSocket;->setHostname(Ljava/lang/String;)V (greylist-max-q, reflection, denied)
06-10 19:30:04.552 18315 18398 W ot32.tomatotim: Accessing hidden method Lcom/android/org/conscrypt/OpenSSLSocketImpl;->setAlpnProtocols([B)V (greylist-max-q,core-platform-api, reflection, denied)
06-10 19:30:04.552 18315 18398 W ot32.tomatotim: Accessing hidden method Lcom/android/org/conscrypt/AbstractConscryptSocket;->setAlpnProtocols([B)V (greylist-max-q, reflection, denied)
06-10 19:30:04.553 18315 18399 W ot32.tomatotim: Accessing hidden method Lcom/android/org/conscrypt/ConscryptEngineSocket;->setUseSessionTickets(Z)V (greylist-max-q,core-platform-api, reflection, denied)
06-10 19:30:04.553 18315 18399 W ot32.tomatotim: Accessing hidden method Lcom/android/org/conscrypt/OpenSSLSocketImpl;->setUseSessionTickets(Z)V (greylist-max-q,core-platform-api, reflection, denied)
06-10 19:30:04.553 18315 18399 W ot32.tomatotim: Accessing hidden method Lcom/android/org/conscrypt/AbstractConscryptSocket;->setUseSessionTickets(Z)V (greylist-max-q, reflection, denied)
06-10 19:30:04.553 18315 18399 W ot32.tomatotim: Accessing hidden method Lcom/android/org/conscrypt/ConscryptEngineSocket;->setHostname(Ljava/lang/String;)V (greylist-max-q,core-platform-api, reflection, denied)
06-10 19:30:04.553 18315 18399 W ot32.tomatotim: Accessing hidden method Lcom/android/org/conscrypt/OpenSSLSocketImpl;->setHostname(Ljava/lang/String;)V (greylist-max-q,core-platform-api, reflection, denied)
06-10 19:30:04.553 18315 18399 W ot32.tomatotim: Accessing hidden method Lcom/android/org/conscrypt/AbstractConscryptSocket;->setHostname(Ljava/lang/String;)V (greylist-max-q, reflection, denied)
06-10 19:30:04.553 18315 18399 W ot32.tomatotim: Accessing hidden method Lcom/android/org/conscrypt/OpenSSLSocketImpl;->setAlpnProtocols([B)V (greylist-max-q,core-platform-api, reflection, denied)
06-10 19:30:04.553 18315 18399 W ot32.tomatotim: Accessing hidden method Lcom/android/org/conscrypt/AbstractConscryptSocket;->setAlpnProtocols([B)V (greylist-max-q, reflection, denied)
06-10 19:30:04.648 18315 18408 W ot32.tomatotim: Accessing hidden method Lcom/android/org/conscrypt/ConscryptEngineSocket;->setUseSessionTickets(Z)V (greylist-max-q,core-platform-api, reflection, denied)
06-10 19:30:04.648 18315 18408 W ot32.tomatotim: Accessing hidden method Lcom/android/org/conscrypt/OpenSSLSocketImpl;->setUseSessionTickets(Z)V (greylist-max-q,core-platform-api, reflection, denied)
06-10 19:30:04.648 18315 18408 W ot32.tomatotim: Accessing hidden method Lcom/android/org/conscrypt/AbstractConscryptSocket;->setUseSessionTickets(Z)V (greylist-max-q, reflection, denied)
06-10 19:30:04.648 18315 18408 W ot32.tomatotim: Accessing hidden method Lcom/android/org/conscrypt/ConscryptEngineSocket;->setHostname(Ljava/lang/String;)V (greylist-max-q,core-platform-api, reflection, denied)
06-10 19:30:04.648 18315 18408 W ot32.tomatotim: Accessing hidden method Lcom/android/org/conscrypt/OpenSSLSocketImpl;->setHostname(Ljava/lang/String;)V (greylist-max-q,core-platform-api, reflection, denied)
06-10 19:30:04.648 18315 18408 W ot32.tomatotim: Accessing hidden method Lcom/android/org/conscrypt/AbstractConscryptSocket;->setHostname(Ljava/lang/String;)V (greylist-max-q, reflection, denied)
06-10 19:30:04.648 18315 18408 W ot32.tomatotim: Accessing hidden method Lcom/android/org/conscrypt/OpenSSLSocketImpl;->setAlpnProtocols([B)V (greylist-max-q,core-platform-api, reflection, denied)
06-10 19:30:04.648 18315 18408 W ot32.tomatotim: Accessing hidden method Lcom/android/org/conscrypt/AbstractConscryptSocket;->setAlpnProtocols([B)V (greylist-max-q, reflection, denied)
06-10 19:30:04.682 18315 18404 W SQLiteLog: (28) double-quoted string literal: "8C151DE70E16F17C579B6BEEFA829734"
06-10 19:30:04.682 18315 18404 W SQLiteLog: (28) double-quoted string literal: ""
06-10 19:30:04.683 18315 18404 W SQLiteLog: (28) double-quoted string literal: "8C151DE70E16F17C579B6BEEFA829734"
06-10 19:30:04.684 18315 18404 W SQLiteLog: (28) double-quoted string literal: "-1"
06-10 19:30:04.700   180   180 I hwservicemanager: getTransport: Cannot find entry android.hardware.configstore@1.0::ISurfaceFlingerConfigs/default in either framework or device manifest.
06-10 19:30:04.701 18315 18393 W OpenGLRenderer: Failed to choose config with EGL_SWAP_BEHAVIOR_PRESERVED, retrying without...
06-10 19:30:04.740 18315 18408 W ot32.tomatotim: Accessing hidden method Lcom/android/org/conscrypt/OpenSSLSocketImpl;->getAlpnSelectedProtocol()[B (greylist-max-q,core-platform-api, reflection, denied)
06-10 19:30:04.740 18315 18408 W ot32.tomatotim: Accessing hidden method Lcom/android/org/conscrypt/AbstractConscryptSocket;->getAlpnSelectedProtocol()[B (greylist-max-q, reflection, denied)
06-10 19:30:04.746   180   180 I hwservicemanager: getTransport: Cannot find entry android.hardware.graphics.mapper@4.0::IMapper/default in either framework or device manifest.
06-10 19:30:04.746 18315 18393 I Gralloc4: mapper 4.x is not supported
06-10 19:30:04.796 24990 25013 I ActivityTaskManager: Displayed com.plan.kot32.tomatotime/.activity.SplashActivity: +922ms
06-10 19:30:04.798 18315 18397 W ot32.tomatotim: Accessing hidden method Lcom/android/org/conscrypt/OpenSSLSocketImpl;->getAlpnSelectedProtocol()[B (greylist-max-q,core-platform-api, reflection, denied)
06-10 19:30:04.798 18315 18397 W ot32.tomatotim: Accessing hidden method Lcom/android/org/conscrypt/AbstractConscryptSocket;->getAlpnSelectedProtocol()[B (greylist-max-q, reflection, denied)
06-10 19:30:04.830 18315 18398 W ot32.tomatotim: Accessing hidden method Lcom/android/org/conscrypt/OpenSSLSocketImpl;->getAlpnSelectedProtocol()[B (greylist-max-q,core-platform-api, reflection, denied)
06-10 19:30:04.830 18315 18398 W ot32.tomatotim: Accessing hidden method Lcom/android/org/conscrypt/AbstractConscryptSocket;->getAlpnSelectedProtocol()[B (greylist-max-q, reflection, denied)
06-10 19:30:04.843  1528  1528 I bynm    : onStop
06-10 19:30:04.860 18315 18396 W ot32.tomatotim: Accessing hidden method Lcom/android/org/conscrypt/OpenSSLSocketImpl;->getAlpnSelectedProtocol()[B (greylist-max-q,core-platform-api, reflection, denied)
06-10 19:30:04.860 18315 18396 W ot32.tomatotim: Accessing hidden method Lcom/android/org/conscrypt/AbstractConscryptSocket;->getAlpnSelectedProtocol()[B (greylist-max-q, reflection, denied)
06-10 19:30:04.909 18315 18399 W ot32.tomatotim: Accessing hidden method Lcom/android/org/conscrypt/OpenSSLSocketImpl;->getAlpnSelectedProtocol()[B (greylist-max-q,core-platform-api, reflection, denied)
06-10 19:30:04.909 18315 18399 W ot32.tomatotim: Accessing hidden method Lcom/android/org/conscrypt/AbstractConscryptSocket;->getAlpnSelectedProtocol()[B (greylist-max-q, reflection, denied)
06-10 19:30:04.989 18315 18390 E 警告  : 该数据模型对象没有继承自 BaseResponse
06-10 19:30:04.990 18315 18390 W System.err: java.lang.NoSuchFieldException: No field STATUS_200 in class Lcom/litesuits/http/data/b; (declaration of 'com.litesuits.http.data.b' appears in /data/data/com.plan.kot32.tomatotime/.jiagu/classes.dex)
06-10 19:30:04.990 18315 18390 W System.err: 	at java.lang.Class.getDeclaredField(Native Method)
06-10 19:30:04.990 18315 18390 W System.err: 	at com.litesuits.http.data.b.oOooooOoOOO0O0o(Unknown Source:29)
06-10 19:30:04.990 18315 18390 W System.err: 	at com.litesuits.http.data.b.getDescriptionInChinese(Unknown Source:27)
06-10 19:30:04.990 18315 18390 W System.err: 	at c.e.a.e.a.doRequestAndReturnObject(Unknown Source:211)
06-10 19:30:04.990 18315 18390 W System.err: 	at c.e.a.d.b.a.a.doInBackground(Unknown Source:10)
06-10 19:30:04.990 18315 18390 W System.err: 	at c.e.a.d.b.a.a.doInBackground(Unknown Source:0)
06-10 19:30:04.990 18315 18390 W System.err: 	at com.kot32.ksimplelibrary.util.ModernAsyncTask$b.call(Unknown Source:19)
06-10 19:30:04.990 18315 18390 W System.err: 	at java.util.concurrent.FutureTask.run(FutureTask.java:266)
06-10 19:30:04.990 18315 18390 W System.err: 	at java.util.concurrent.ThreadPoolExecutor.runWorker(ThreadPoolExecutor.java:1167)
06-10 19:30:04.990 18315 18390 W System.err: 	at java.util.concurrent.ThreadPoolExecutor$Worker.run(ThreadPoolExecutor.java:641)
06-10 19:30:04.990 18315 18390 W System.err: 	at java.lang.Thread.run(Thread.java:923)
06-10 19:30:05.124 24990 27590 I ActivityTaskManager: START u0 {cmp=com.plan.kot32.tomatotime/.activity.MainActivity} from uid 10154
06-10 19:30:05.131   411   411 I perfetto: ing_service_impl.cc:758 Configured tracing session 54, #sources:1, duration:5000 ms, #buffers:1, total buffer size:4096 KB, total sessions:2, uid:1071 session name: ""
06-10 19:30:05.133   402   402 I perfetto: probes_producer.cc:230  Ftrace setup (target_buf=54)
06-10 19:30:05.144 24990 25003 W ActivityTaskManager: Tried to set launchTime (0) < mLastActivityLaunchTime (20318273)
06-10 19:30:05.151 18315 18404 W SQLiteLog: (28) double-quoted string literal: "
06-10 19:30:05.151 18315 18404 W SQLiteLog: (28) double-quoted string literal: "8C151DE70E16F17C579B6BEEFA829734"
06-10 19:30:05.154 24990 25003 W InputReader: Device virtio_input_multi_touch_9 is associated with display ADISPLAY_ID_NONE.
06-10 19:30:05.154 24990 25003 W InputReader: Device virtio_input_multi_touch_7 is associated with display ADISPLAY_ID_NONE.
06-10 19:30:05.154 24990 25003 W InputReader: Device virtio_input_multi_touch_10 is associated with display ADISPLAY_ID_NONE.
06-10 19:30:05.154 24990 25003 W InputReader: Device virtio_input_multi_touch_6 is associated with display ADISPLAY_ID_NONE.
06-10 19:30:05.154 24990 25003 W InputReader: Device virtio_input_multi_touch_4 is associated with display ADISPLAY_ID_NONE.
06-10 19:30:05.154 24990 25003 W InputReader: Device virtio_input_multi_touch_3 is associated with display ADISPLAY_ID_NONE.
06-10 19:30:05.154 24990 25003 W InputReader: Device virtio_input_multi_touch_11 is associated with display ADISPLAY_ID_NONE.
06-10 19:30:05.154 24990 25003 W InputReader: Device virtio_input_multi_touch_8 is associated with display ADISPLAY_ID_NONE.
06-10 19:30:05.154 24990 25003 W InputReader: Device virtio_input_multi_touch_5 is associated with display ADISPLAY_ID_NONE.
06-10 19:30:05.154 24990 25003 W InputReader: Device virtio_input_multi_touch_2 is associated with display ADISPLAY_ID_NONE.
06-10 19:30:05.154 24990 25003 W InputReader: Device virtio_input_multi_touch_9 is associated with display ADISPLAY_ID_NONE.
06-10 19:30:05.154 24990 25003 W InputReader: Device virtio_input_multi_touch_7 is associated with display ADISPLAY_ID_NONE.
06-10 19:30:05.154 24990 25003 W InputReader: Device virtio_input_multi_touch_10 is associated with display ADISPLAY_ID_NONE.
06-10 19:30:05.154 24990 25003 W InputReader: Device virtio_input_multi_touch_6 is associated with display ADISPLAY_ID_NONE.
06-10 19:30:05.154 24990 25003 W InputReader: Device virtio_input_multi_touch_4 is associated with display ADISPLAY_ID_NONE.
06-10 19:30:05.154 24990 25003 W InputReader: Device virtio_input_multi_touch_3 is associated with display ADISPLAY_ID_NONE.
06-10 19:30:05.154 24990 25003 W InputReader: Device virtio_input_multi_touch_11 is associated with display ADISPLAY_ID_NONE.
06-10 19:30:05.154 24990 25003 W InputReader: Device virtio_input_multi_touch_8 is associated with display ADISPLAY_ID_NONE.
06-10 19:30:05.154 24990 25003 W InputReader: Device virtio_input_multi_touch_5 is associated with display ADISPLAY_ID_NONE.
06-10 19:30:05.154 24990 25003 W InputReader: Device virtio_input_multi_touch_2 is associated with display ADISPLAY_ID_NONE.
06-10 19:30:05.225 18315 18315 W System.err: java.lang.NullPointerException: Attempt to invoke virtual method 'void com.plan.kot32.tomatotime.activity.view.TopHeaderView.updateColor()' on a null object reference
06-10 19:30:05.225 18315 18315 W System.err: 	at com.plan.kot32.tomatotime.activity.MainActivity.IllIIllIll(Unknown Source:20)
06-10 19:30:05.225 18315 18315 W System.err: 	at com.plan.kot32.tomatotime.activity.MainActivity.j(Unknown Source:149)
06-10 19:30:05.225 18315 18315 W System.err: 	at com.plan.kot32.tomatotime.activity.MainActivity.onCreate(Native Method)
06-10 19:30:05.225 18315 18315 W System.err: 	at android.app.Activity.performCreate(Activity.java:8000)
06-10 19:30:05.225 18315 18315 W System.err: 	at android.app.Activity.performCreate(Activity.java:7984)
06-10 19:30:05.225 18315 18315 W System.err: 	at android.app.Instrumentation.callActivityOnCreate(Instrumentation.java:1309)
06-10 19:30:05.225 18315 18315 W System.err: 	at android.app.ActivityThread.performLaunchActivity(ActivityThread.java:3422)
06-10 19:30:05.225 18315 18315 W System.err: 	at android.app.ActivityThread.handleLaunchActivity(ActivityThread.java:3601)
06-10 19:30:05.225 18315 18315 W System.err: 	at android.app.servertransaction.LaunchActivityItem.execute(LaunchActivityItem.java:85)
06-10 19:30:05.225 18315 18315 W System.err: 	at android.app.servertransaction.TransactionExecutor.executeCallbacks(TransactionExecutor.java:135)
06-10 19:30:05.225 18315 18315 W System.err: 	at android.app.servertransaction.TransactionExecutor.execute(TransactionExecutor.java:95)
06-10 19:30:05.225 18315 18315 W System.err: 	at android.app.ActivityThread$H.handleMessage(ActivityThread.java:2066)
06-10 19:30:05.225 18315 18315 W System.err: 	at android.os.Handler.dispatchMessage(Handler.java:106)
06-10 19:30:05.225 18315 18315 W System.err: 	at android.os.Looper.loop(Looper.java:223)
06-10 19:30:05.225 18315 18315 W System.err: 	at android.app.ActivityThread.main(ActivityThread.java:7656)
06-10 19:30:05.225 18315 18315 W System.err: 	at java.lang.reflect.Method.invoke(Native Method)
06-10 19:30:05.225 18315 18315 W System.err: 	at com.android.internal.os.RuntimeInit$MethodAndArgsCaller.run(RuntimeInit.java:592)
06-10 19:30:05.225 18315 18315 W System.err: 	at com.android.internal.os.ZygoteInit.main(ZygoteInit.java:947)
06-10 19:30:05.241 18315 18315 W System.err: java.lang.NullPointerException: Attempt to invoke virtual method 'void com.plan.kot32.tomatotime.activity.view.TopHeaderView.updateColor()' on a null object reference
06-10 19:30:05.241 18315 18315 W System.err: 	at com.plan.kot32.tomatotime.activity.MainActivity.IllIIllIll(Unknown Source:20)
06-10 19:30:05.241 18315 18315 W System.err: 	at com.plan.kot32.tomatotime.activity.MainActivity.j(Unknown Source:149)
06-10 19:30:05.241 18315 18315 W System.err: 	at com.plan.kot32.tomatotime.activity.MainActivity.onResume(Unknown Source:12)
06-10 19:30:05.241 18315 18315 W System.err: 	at android.app.Instrumentation.callActivityOnResume(Instrumentation.java:1456)
06-10 19:30:05.241 18315 18315 W System.err: 	at android.app.Activity.performResume(Activity.java:8135)
06-10 19:30:05.241 18315 18315 W System.err: 	at android.app.ActivityThread.performResumeActivity(ActivityThread.java:4434)
06-10 19:30:05.241 18315 18315 W System.err: 	at android.app.ActivityThread.handleResumeActivity(ActivityThread.java:4476)
06-10 19:30:05.241 18315 18315 W System.err: 	at android.app.servertransaction.ResumeActivityItem.execute(ResumeActivityItem.java:52)
06-10 19:30:05.241 18315 18315 W System.err: 	at android.app.servertransaction.TransactionExecutor.executeLifecycleState(TransactionExecutor.java:176)
06-10 19:30:05.241 18315 18315 W System.err: 	at android.app.servertransaction.TransactionExecutor.execute(TransactionExecutor.java:97)
06-10 19:30:05.241 18315 18315 W System.err: 	at android.app.ActivityThread$H.handleMessage(ActivityThread.java:2066)
06-10 19:30:05.241 18315 18315 W System.err: 	at android.os.Handler.dispatchMessage(Handler.java:106)
06-10 19:30:05.241 18315 18315 W System.err: 	at android.os.Looper.loop(Looper.java:223)
06-10 19:30:05.241 18315 18315 W System.err: 	at android.app.ActivityThread.main(ActivityThread.java:7656)
06-10 19:30:05.241 18315 18315 W System.err: 	at java.lang.reflect.Method.invoke(Native Method)
06-10 19:30:05.241 18315 18315 W System.err: 	at com.android.internal.os.RuntimeInit$MethodAndArgsCaller.run(RuntimeInit.java:592)
06-10 19:30:05.241 18315 18315 W System.err: 	at com.android.internal.os.ZygoteInit.main(ZygoteInit.java:947)
06-10 19:30:05.249 18315 18404 W SQLiteLog: (28) double-quoted string literal: "8C151DE70E16F17C579B6BEEFA829734"
06-10 19:30:05.249 18315 18404 W SQLiteLog: (28) double-quoted string literal: ""
06-10 19:30:05.250 18315 18404 W SQLiteLog: (28) double-quoted string literal: "8C151DE70E16F17C579B6BEEFA829734"
06-10 19:30:05.250 18315 18404 W SQLiteLog: (28) double-quoted string literal: "-1"
06-10 19:30:05.481   179   179 I servicemanager: Notifying apexservice they have clients: 0
06-10 19:30:05.489   179   179 I BpBinder: onLastStrongRef automatically unlinking death recipients: <uncached descriptor>
06-10 19:30:05.501 24990 25013 I ActivityTaskManager: Displayed com.plan.kot32.tomatotime/.activity.MainActivity: +376ms
06-10 19:30:06.003 18315 18329 W System  : A resource failed to call release. 
06-10 19:30:06.070 24990 25013 I UsageStatsService: User[0] Flushing usage stats to disk
06-10 19:30:06.236 18472 18474 I cmd     : oneway function results will be dropped but finished with status OK and parcel size 4
06-10 19:30:08.097   179   179 I servicemanager: Since 'apexservice' could not be found, trying to start it as a lazy AIDL service
06-10 19:30:08.147   179   179 I BpBinder: onLastStrongRef automatically unlinking death recipients: <uncached descriptor>
06-10 19:30:08.149   179   179 I servicemanager: Tried to unregister apexservice, but there is about to be a client.
06-10 19:30:08.235 18315 18326 I ot32.tomatotim: Method exceeds compiler instruction limit: 27320 in void com.plan.kot32.tomatotime.activity.studyroom.InvalidWordManager.init()
06-10 19:30:08.284 18315 18505 W ot32.tomatotim: Accessing hidden method Lcom/android/org/conscrypt/ConscryptEngineSocket;->setUseSessionTickets(Z)V (greylist-max-q,core-platform-api, reflection, denied)
06-10 19:30:08.284 18315 18505 W ot32.tomatotim: Accessing hidden method Lcom/android/org/conscrypt/OpenSSLSocketImpl;->setUseSessionTickets(Z)V (greylist-max-q,core-platform-api, reflection, denied)
06-10 19:30:08.284 18315 18505 W ot32.tomatotim: Accessing hidden method Lcom/android/org/conscrypt/AbstractConscryptSocket;->setUseSessionTickets(Z)V (greylist-max-q, reflection, denied)
06-10 19:30:08.284 18315 18505 W ot32.tomatotim: Accessing hidden method Lcom/android/org/conscrypt/ConscryptEngineSocket;->setHostname(Ljava/lang/String;)V (greylist-max-q,core-platform-api, reflection, denied)
06-10 19:30:08.284 18315 18505 W ot32.tomatotim: Accessing hidden method Lcom/android/org/conscrypt/OpenSSLSocketImpl;->setHostname(Ljava/lang/String;)V (greylist-max-q,core-platform-api, reflection, denied)
06-10 19:30:08.284 18315 18505 W ot32.tomatotim: Accessing hidden method Lcom/android/org/conscrypt/AbstractConscryptSocket;->setHostname(Ljava/lang/String;)V (greylist-max-q, reflection, denied)
06-10 19:30:08.284 18315 18505 W ot32.tomatotim: Accessing hidden method Lcom/android/org/conscrypt/OpenSSLSocketImpl;->setAlpnProtocols([B)V (greylist-max-q,core-platform-api, reflection, denied)
06-10 19:30:08.284 18315 18505 W ot32.tomatotim: Accessing hidden method Lcom/android/org/conscrypt/AbstractConscryptSocket;->setAlpnProtocols([B)V (greylist-max-q, reflection, denied)
06-10 19:30:08.513 18315 18505 W ot32.tomatotim: Accessing hidden method Lcom/android/org/conscrypt/OpenSSLSocketImpl;->getAlpnSelectedProtocol()[B (greylist-max-q,core-platform-api, reflection, denied)
06-10 19:30:08.513 18315 18505 W ot32.tomatotim: Accessing hidden method Lcom/android/org/conscrypt/AbstractConscryptSocket;->getAlpnSelectedProtocol()[B (greylist-max-q, reflection, denied)
06-10 19:30:08.873   402   402 I perfetto: probes_producer.cc:329  Producer stop (id=53)
06-10 19:30:08.876   411   411 I perfetto: ng_service_impl.cc:1948 Tracing session 53 ended, total sessions:1
06-10 19:30:08.883   427 18309 I iorapd  : Perfetto TraceBuffer saved to file: /data/misc/iorapd/com.plan.kot32.tomatotime/921/com.plan.kot32.tomatotime.activity.SplashActivity/raw_traces/1781119808880096198.perfetto_trace.pb
06-10 19:30:09.166 18529 18531 I cmd     : oneway function results will be dropped but finished with status OK and parcel size 4
06-10 19:30:09.513 18558 18560 I cmd     : oneway function results will be dropped but finished with status OK and parcel size 4
06-10 19:30:10.136   402   402 I perfetto: probes_producer.cc:329  Producer stop (id=54)
06-10 19:30:10.137   411   411 I perfetto: ng_service_impl.cc:1948 Tracing session 54 ended, total sessions:0
06-10 19:30:10.139   402   402 I perfetto: ftrace_procfs.cc:183    disabled ftrace
06-10 19:30:10.481   179   179 I servicemanager: Notifying apexservice they have clients: 1
06-10 19:30:11.178   496   496 E wifi_forwarder: qemu_pipe_open_ns:62: Could not connect to the 'pipe:qemud:wififorward' service: Invalid argument
06-10 19:30:11.178   496   496 E wifi_forwarder: RemoteConnection failed to initialize: RemoteConnection failed to open pipe
06-10 19:30:12.106   483   483 E netmgr  : qemu_pipe_open_ns:62: Could not connect to the 'pipe:qemud:network' service: Invalid argument
06-10 19:30:12.106   483   483 E netmgr  : Failed to open QEMU pipe 'qemud:network': Invalid argument
06-10 19:30:14.708 24990 25001 W System  : A resource failed to call release. 
06-10 19:30:14.708 24990 25001 I chatty  : uid=1000(system) FinalizerDaemon identical 1 line
06-10 19:30:14.709 24990 25001 W System  : A resource failed to call release. 
06-10 19:30:14.709 24990 25001 W System  : A resource failed to call dispose. 
06-10 19:30:14.903 18616 18618 I cmd     : oneway function results will be dropped but finished with status OK and parcel size 4
06-10 19:30:15.064 18631 18633 I cmd     : oneway function results will be dropped but finished with status OK and parcel size 4
06-10 19:30:15.385 18661 18663 I cmd     : oneway function results will be dropped but finished with status OK and parcel size 4
06-10 19:30:15.480   179   179 I servicemanager: Notifying apexservice they have clients: 0
06-10 19:30:15.484   179   179 I BpBinder: onLastStrongRef automatically unlinking death recipients: <uncached descriptor>
06-10 19:30:15.572 18673 18673 E libc    : Access denied finding property "persist.device_config.runtime_native_boot.profilebootclasspath"
06-10 19:30:15.572 18673 18673 E libc    : Access denied finding property "persist.device_config.runtime_native_boot.enable_apex_image"
06-10 19:30:15.572 18673 18673 I AndroidRuntime: Using default boot image
06-10 19:30:15.572 18673 18673 E libc    : Access denied finding property "persist.device_config.runtime_native_boot.disable_lock_profiling"
06-10 19:30:15.572 18673 18673 I AndroidRuntime: Leaving lock profiling enabled
06-10 19:30:15.562 18673 18673 W app_process: type=1400 audit(0.0:1248): avc: denied { read } for name="u:object_r:device_config_runtime_native_boot_prop:s0" dev="tmpfs" ino=8372 scontext=u:r:shell:s0 tcontext=u:object_r:device_config_runtime_native_boot_prop:s0 tclass=file permissive=0
06-10 19:30:15.572 18673 18673 E libc    : Access denied finding property "persist.device_config.runtime_native_boot.enable_generational_cc"
06-10 19:30:15.573 18673 18673 W app_process: Could not reserve sentinel fault page
06-10 19:30:15.570 18673 18673 W app_process: type=1400 audit(0.0:1249): avc: denied { read } for name="u:object_r:device_config_runtime_native_boot_prop:s0" dev="tmpfs" ino=8372 scontext=u:r:shell:s0 tcontext=u:object_r:device_config_runtime_native_boot_prop:s0 tclass=file permissive=0
06-10 19:30:15.606 18673 18673 W app_process: Unexpected CPU variant for X86 using defaults: x86
06-10 19:30:15.607 18673 18673 I app_process: The ClassLoaderContext is a special shared library.
06-10 19:30:15.614 18673 18673 W app_process: JNI RegisterNativeMethods: attempt to register 0 native methods for android.media.AudioAttributes
06-10 19:30:15.865 24990 25003 I system_server: oneway function results will be dropped but finished with status OK and parcel size 4
06-10 19:30:15.868 24990 25003 I system_server: oneway function results will be dropped but finished with status OK and parcel size 4
06-10 19:30:16.008 24990 25891 I system_server: oneway function results will be dropped but finished with status OK and parcel size 4
06-10 19:30:16.011 18698 18700 I cmd     : oneway function results will be dropped but finished with status OK and parcel size 4
06-10 19:30:18.101   179   179 I servicemanager: Since 'apexservice' could not be found, trying to start it as a lazy AIDL service
06-10 19:30:18.155   179   179 I BpBinder: onLastStrongRef automatically unlinking death recipients: <uncached descriptor>
06-10 19:30:18.157   179   179 I servicemanager: Tried to unregister apexservice, but there is about to be a client.
06-10 19:30:18.979 24990 25877 I system_server: oneway function results will be dropped but finished with status OK and parcel size 4
06-10 19:30:20.481   179   179 I servicemanager: Notifying apexservice they have clients: 1
06-10 19:30:21.206  1237  1237 W ThreadPoolForeg: type=1400 audit(0.0:1252): avc: denied { write } for name="traced_producer" dev="tmpfs" ino=10994 scontext=u:r:gmscore_app:s0:c512,c768 tcontext=u:object_r:traced_producer_socket:s0 tclass=sock_file permissive=0 app=com.google.android.gms
06-10 19:30:21.537 18748 18750 I cmd     : oneway function results will be dropped but finished with status OK and parcel size 4
06-10 19:30:21.855 18775 18777 I cmd     : oneway function results will be dropped but finished with status OK and parcel size 4
06-10 19:30:24.862   643   643 W ThreadPoolForeg: type=1400 audit(0.0:1253): avc: denied { write } for name="traced_producer" dev="tmpfs" ino=10994 scontext=u:r:gmscore_app:s0:c512,c768 tcontext=u:object_r:traced_producer_socket:s0 tclass=sock_file permissive=0 app=com.google.android.gms
06-10 19:30:27.622 32605 32605 W ThreadPoolForeg: type=1400 audit(0.0:1254): avc: denied { write } for name="traced_producer" dev="tmpfs" ino=10994 scontext=u:r:gmscore_app:s0:c512,c768 tcontext=u:object_r:traced_producer_socket:s0 tclass=sock_file permissive=0 app=com.google.android.gms
06-10 19:30:28.094 24990 25001 W System  : A resource failed to call release. 
06-10 19:30:28.094 24990 25001 I chatty  : uid=1000(system) FinalizerDaemon identical 1 line
06-10 19:30:28.094 24990 25001 W System  : A resource failed to call release. 
06-10 19:30:36.531  1237 18816 W GAv4-SVC: Network compressed POST connection error: javax.net.ssl.SSLHandshakeException: Connection closed by peer
06-10 19:30:51.226  1237  1237 W ThreadPoolForeg: type=1400 audit(0.0:1255): avc: denied { write } for name="traced_producer" dev="tmpfs" ino=10994 scontext=u:r:gmscore_app:s0:c512,c768 tcontext=u:object_r:traced_producer_socket:s0 tclass=sock_file permissive=0 app=com.google.android.gms
06-10 19:30:54.902   643   643 W ThreadPoolForeg: type=1400 audit(0.0:1256): avc: denied { write } for name="traced_producer" dev="tmpfs" ino=10994 scontext=u:r:gmscore_app:s0:c512,c768 tcontext=u:object_r:traced_producer_socket:s0 tclass=sock_file permissive=0 app=com.google.android.gms
06-10 19:30:57.622 32605 32605 W ThreadPoolForeg: type=1400 audit(0.0:1257): avc: denied { write } for name="traced_producer" dev="tmpfs" ino=10994 scontext=u:r:gmscore_app:s0:c512,c768 tcontext=u:object_r:traced_producer_socket:s0 tclass=sock_file permissive=0 app=com.google.android.gms
06-10 19:31:11.238   496   496 E wifi_forwarder: qemu_pipe_open_ns:62: Could not connect to the 'pipe:qemud:wififorward' service: Invalid argument
06-10 19:31:11.238   496   496 E wifi_forwarder: RemoteConnection failed to initialize: RemoteConnection failed to open pipe
06-10 19:31:11.904 24990 18875 E NtpTimeHelper: requestTime failed
06-10 19:31:12.167   483   483 E netmgr  : qemu_pipe_open_ns:62: Could not connect to the 'pipe:qemud:network' service: Invalid argument
06-10 19:31:12.167   483   483 E netmgr  : Failed to open QEMU pipe 'qemud:network': Invalid argument
06-10 19:31:17.174 24990 25014 W ActivityManager: Timeout executing service: ServiceRecord{e397a8f u0 com.android.systemui/.dump.SystemUIAuxiliaryDumpService}
06-10 19:31:17.182 24990 18928 I ActivityManager: dumpStackTraces pids={643=true, 1237=true, 1528=true, 1703=true, 4023=true, 4290=true, 4884=true, 5125=true, 5410=true, 9906=true, 18315=true, 25141=true, 25422=true, 25442=true, 25694=true, 25801=true, 25845=true, 26096=true, 26491=true, 32605=true} nativepids=[187, 289, 377, 415, 435, 436, 447, 449, 24953, 24954, 24956, 25036, 25141]
06-10 19:31:17.322 18941 18943 I cmd     : oneway function results will be dropped but finished with status OK and parcel size 4
06-10 19:31:17.411 24990 18928 I ActivityManager: Skipping next CPU consuming process, not a java proc: 389
06-10 19:31:17.411 24990 18928 I ActivityManager: Skipping next CPU consuming process, not a java proc: 24990
06-10 19:31:17.411 24990 18928 I ActivityManager: Skipping next CPU consuming process, not a java proc: 18949
06-10 19:31:17.412 24990 18928 I ActivityManager: Dumping to /data/anr/anr_2026-06-10-19-31-17-412
06-10 19:31:17.412 24990 18928 I ActivityManager: Collecting stacks for pid 16987
06-10 19:31:17.412 24990 18928 I system_server: libdebuggerd_client: started dumping process 16987
06-10 19:31:17.413   284   284 I tombstoned: registered intercept for pid 16987 and type kDebuggerdJavaBacktrace
06-10 19:31:17.413 16987 16997 I ndroid.systemu: Thread[6,tid=16997,WaitingInMainSignalCatcherLoop,Thread*=0xddfc3810,peer=0x13a005a0,"Signal Catcher"]: reacting to signal 3
06-10 19:31:17.414 16987 16997 I ndroid.systemu: 
06-10 19:31:17.487 18958 18960 I cmd     : oneway function results will be dropped but finished with status OK and parcel size 4
06-10 19:31:17.490   284   284 I tombstoned: received crash request for pid 16987
06-10 19:31:17.491   284   284 I tombstoned: found intercept fd 512 for pid 16987 and type kDebuggerdJavaBacktrace
06-10 19:31:17.491 16987 16997 I ndroid.systemu: Wrote stack traces to tombstoned
06-10 19:31:17.491 24990 18928 I system_server: libdebuggerd_client: done dumping process 16987
06-10 19:31:17.495 24990 18928 I ActivityManager: Collecting stacks for pid 24990
06-10 19:31:17.496 24990 18928 I system_server: libdebuggerd_client: started dumping process 24990
06-10 19:31:17.497   284   284 I tombstoned: registered intercept for pid 24990 and type kDebuggerdJavaBacktrace
06-10 19:31:17.497 24990 24996 I system_server: Thread[2,tid=24996,WaitingInMainSignalCatcherLoop,Thread*=0xddfc2a10,peer=0x12c00150,"Signal Catcher"]: reacting to signal 3
06-10 19:31:17.497 24990 24996 I system_server: 
06-10 19:31:17.677 18973 18975 I cmd     : oneway function results will be dropped but finished with status OK and parcel size 4
06-10 19:31:17.680   284   284 I tombstoned: received crash request for pid 24990
06-10 19:31:17.680   284   284 I tombstoned: found intercept fd 512 for pid 24990 and type kDebuggerdJavaBacktrace
06-10 19:31:17.680 24990 24996 I system_server: Wrote stack traces to tombstoned
06-10 19:31:17.682 24990 18928 I system_server: libdebuggerd_client: done dumping process 24990
06-10 19:31:17.684 24990 18928 I ActivityManager: Collecting stacks for pid 25930
06-10 19:31:17.684 24990 18928 I system_server: libdebuggerd_client: started dumping process 25930
06-10 19:31:17.685   284   284 I tombstoned: registered intercept for pid 25930 and type kDebuggerdJavaBacktrace
06-10 19:31:17.685 25930 25947 I or.multidispla: Thread[6,tid=25947,WaitingInMainSignalCatcherLoop,Thread*=0xddfc1c10,peer=0x12d801b0,"Signal Catcher"]: reacting to signal 3
06-10 19:31:17.685 25930 25947 I or.multidispla: 
06-10 19:31:17.701   284   284 I tombstoned: received crash request for pid 25930
06-10 19:31:17.701   284   284 I tombstoned: found intercept fd 512 for pid 25930 and type kDebuggerdJavaBacktrace
06-10 19:31:17.702 25930 25947 I or.multidispla: Wrote stack traces to tombstoned
06-10 19:31:17.702 24990 18928 I system_server: libdebuggerd_client: done dumping process 25930
06-10 19:31:17.705 24990 18928 I ActivityManager: Collecting stacks for pid 25901
06-10 19:31:17.706 24990 18928 I system_server: libdebuggerd_client: started dumping process 25901
06-10 19:31:17.706   284   284 I tombstoned: registered intercept for pid 25901 and type kDebuggerdJavaBacktrace
06-10 19:31:17.706 25901 25915 I .ims.rcsservic: Thread[5,tid=25915,WaitingInMainSignalCatcherLoop,Thread*=0xddfc9a10,peer=0x12e801b0,"Signal Catcher"]: reacting to signal 3
06-10 19:31:17.706 25901 25915 I .ims.rcsservic: 
06-10 19:31:17.721   284   284 I tombstoned: received crash request for pid 25901
06-10 19:31:17.721   284   284 I tombstoned: found intercept fd 512 for pid 25901 and type kDebuggerdJavaBacktrace
06-10 19:31:17.722 25901 25915 I .ims.rcsservic: Wrote stack traces to tombstoned
06-10 19:31:17.722 24990 18928 I system_server: libdebuggerd_client: done dumping process 25901
06-10 19:31:17.726 24990 18928 I ActivityManager: Collecting stacks for pid 25376
