06-10 19:24:40.430 11764 11849 W ot32.tomatotim: Accessing hidden method Lcom/android/org/conscrypt/OpenSSLSocketImpl;->setHostname(Ljava/lang/String;)V (greylist-max-q,core-platform-api, reflection, denied)
06-10 19:24:40.430 11764 11849 W ot32.tomatotim: Accessing hidden method Lcom/android/org/conscrypt/AbstractConscryptSocket;->setHostname(Ljava/lang/String;)V (greylist-max-q, reflection, denied)
06-10 19:24:40.430 11764 11849 W ot32.tomatotim: Accessing hidden method Lcom/android/org/conscrypt/OpenSSLSocketImpl;->setAlpnProtocols([B)V (greylist-max-q,core-platform-api, reflection, denied)
06-10 19:24:40.430 11764 11849 W ot32.tomatotim: Accessing hidden method Lcom/android/org/conscrypt/AbstractConscryptSocket;->setAlpnProtocols([B)V (greylist-max-q, reflection, denied)
06-10 19:24:40.430 11764 11850 W ot32.tomatotim: Accessing hidden method Lcom/android/org/conscrypt/ConscryptEngineSocket;->setUseSessionTickets(Z)V (greylist-max-q,core-platform-api, reflection, denied)
06-10 19:24:40.430 11764 11850 W ot32.tomatotim: Accessing hidden method Lcom/android/org/conscrypt/OpenSSLSocketImpl;->setUseSessionTickets(Z)V (greylist-max-q,core-platform-api, reflection, denied)
06-10 19:24:40.430 11764 11850 W ot32.tomatotim: Accessing hidden method Lcom/android/org/conscrypt/AbstractConscryptSocket;->setUseSessionTickets(Z)V (greylist-max-q, reflection, denied)
06-10 19:24:40.430 11764 11850 W ot32.tomatotim: Accessing hidden method Lcom/android/org/conscrypt/ConscryptEngineSocket;->setHostname(Ljava/lang/String;)V (greylist-max-q,core-platform-api, reflection, denied)
06-10 19:24:40.430 11764 11850 W ot32.tomatotim: Accessing hidden method Lcom/android/org/conscrypt/OpenSSLSocketImpl;->setHostname(Ljava/lang/String;)V (greylist-max-q,core-platform-api, reflection, denied)
06-10 19:24:40.430 11764 11850 W ot32.tomatotim: Accessing hidden method Lcom/android/org/conscrypt/AbstractConscryptSocket;->setHostname(Ljava/lang/String;)V (greylist-max-q, reflection, denied)
06-10 19:24:40.430 11764 11850 W ot32.tomatotim: Accessing hidden method Lcom/android/org/conscrypt/OpenSSLSocketImpl;->setAlpnProtocols([B)V (greylist-max-q,core-platform-api, reflection, denied)
06-10 19:24:40.430 11764 11850 W ot32.tomatotim: Accessing hidden method Lcom/android/org/conscrypt/AbstractConscryptSocket;->setAlpnProtocols([B)V (greylist-max-q, reflection, denied)
06-10 19:24:40.528 11764 11860 W ot32.tomatotim: Accessing hidden method Lcom/android/org/conscrypt/ConscryptEngineSocket;->setUseSessionTickets(Z)V (greylist-max-q,core-platform-api, reflection, denied)
06-10 19:24:40.528 11764 11860 W ot32.tomatotim: Accessing hidden method Lcom/android/org/conscrypt/OpenSSLSocketImpl;->setUseSessionTickets(Z)V (greylist-max-q,core-platform-api, reflection, denied)
06-10 19:24:40.528 11764 11860 W ot32.tomatotim: Accessing hidden method Lcom/android/org/conscrypt/AbstractConscryptSocket;->setUseSessionTickets(Z)V (greylist-max-q, reflection, denied)
06-10 19:24:40.528 11764 11860 W ot32.tomatotim: Accessing hidden method Lcom/android/org/conscrypt/ConscryptEngineSocket;->setHostname(Ljava/lang/String;)V (greylist-max-q,core-platform-api, reflection, denied)
06-10 19:24:40.528 11764 11860 W ot32.tomatotim: Accessing hidden method Lcom/android/org/conscrypt/OpenSSLSocketImpl;->setHostname(Ljava/lang/String;)V (greylist-max-q,core-platform-api, reflection, denied)
06-10 19:24:40.528 11764 11860 W ot32.tomatotim: Accessing hidden method Lcom/android/org/conscrypt/AbstractConscryptSocket;->setHostname(Ljava/lang/String;)V (greylist-max-q, reflection, denied)
06-10 19:24:40.528 11764 11860 W ot32.tomatotim: Accessing hidden method Lcom/android/org/conscrypt/OpenSSLSocketImpl;->setAlpnProtocols([B)V (greylist-max-q,core-platform-api, reflection, denied)
06-10 19:24:40.528 11764 11860 W ot32.tomatotim: Accessing hidden method Lcom/android/org/conscrypt/AbstractConscryptSocket;->setAlpnProtocols([B)V (greylist-max-q, reflection, denied)
06-10 19:24:40.534   180   180 I hwservicemanager: getTransport: Cannot find entry android.hardware.configstore@1.0::ISurfaceFlingerConfigs/default in either framework or device manifest.
06-10 19:24:40.535 11764 11843 W OpenGLRenderer: Failed to choose config with EGL_SWAP_BEHAVIOR_PRESERVED, retrying without...
06-10 19:24:40.547 11764 11855 W SQLiteLog: (28) double-quoted string literal: "8C151DE70E16F17C579B6BEEFA829734"
06-10 19:24:40.549 11764 11855 W SQLiteLog: (28) double-quoted string literal: ""
06-10 19:24:40.549 11764 11855 W SQLiteLog: (28) double-quoted string literal: "8C151DE70E16F17C579B6BEEFA829734"
06-10 19:24:40.549 11764 11855 W SQLiteLog: (28) double-quoted string literal: "-1"
06-10 19:24:40.576   180   180 I hwservicemanager: getTransport: Cannot find entry android.hardware.graphics.mapper@4.0::IMapper/default in either framework or device manifest.
06-10 19:24:40.576 11764 11843 I Gralloc4: mapper 4.x is not supported
06-10 19:24:40.626 24990 25013 I ActivityTaskManager: Displayed com.plan.kot32.tomatotime/.activity.SplashActivity: +973ms
06-10 19:24:40.705 11764 11860 W ot32.tomatotim: Accessing hidden method Lcom/android/org/conscrypt/OpenSSLSocketImpl;->getAlpnSelectedProtocol()[B (greylist-max-q,core-platform-api, reflection, denied)
06-10 19:24:40.705 11764 11860 W ot32.tomatotim: Accessing hidden method Lcom/android/org/conscrypt/AbstractConscryptSocket;->getAlpnSelectedProtocol()[B (greylist-max-q, reflection, denied)
06-10 19:24:40.735 11764 11850 W ot32.tomatotim: Accessing hidden method Lcom/android/org/conscrypt/OpenSSLSocketImpl;->getAlpnSelectedProtocol()[B (greylist-max-q,core-platform-api, reflection, denied)
06-10 19:24:40.735 11764 11850 W ot32.tomatotim: Accessing hidden method Lcom/android/org/conscrypt/AbstractConscryptSocket;->getAlpnSelectedProtocol()[B (greylist-max-q, reflection, denied)
06-10 19:24:40.773 11764 11851 W ot32.tomatotim: Accessing hidden method Lcom/android/org/conscrypt/OpenSSLSocketImpl;->getAlpnSelectedProtocol()[B (greylist-max-q,core-platform-api, reflection, denied)
06-10 19:24:40.774 11764 11851 W ot32.tomatotim: Accessing hidden method Lcom/android/org/conscrypt/AbstractConscryptSocket;->getAlpnSelectedProtocol()[B (greylist-max-q, reflection, denied)
06-10 19:24:40.800 11764 11852 W ot32.tomatotim: Accessing hidden method Lcom/android/org/conscrypt/OpenSSLSocketImpl;->getAlpnSelectedProtocol()[B (greylist-max-q,core-platform-api, reflection, denied)
06-10 19:24:40.800 11764 11852 W ot32.tomatotim: Accessing hidden method Lcom/android/org/conscrypt/AbstractConscryptSocket;->getAlpnSelectedProtocol()[B (greylist-max-q, reflection, denied)
06-10 19:24:40.802 11764 11849 W ot32.tomatotim: Accessing hidden method Lcom/android/org/conscrypt/OpenSSLSocketImpl;->getAlpnSelectedProtocol()[B (greylist-max-q,core-platform-api, reflection, denied)
06-10 19:24:40.802 11764 11849 W ot32.tomatotim: Accessing hidden method Lcom/android/org/conscrypt/AbstractConscryptSocket;->getAlpnSelectedProtocol()[B (greylist-max-q, reflection, denied)
06-10 19:24:40.868 11764 11840 E 警告  : 该数据模型对象没有继承自 BaseResponse
06-10 19:24:40.868 11764 11840 W System.err: java.lang.NoSuchFieldException: No field STATUS_200 in class Lcom/litesuits/http/data/b; (declaration of 'com.litesuits.http.data.b' appears in /data/data/com.plan.kot32.tomatotime/.jiagu/classes.dex)
06-10 19:24:40.868 11764 11840 W System.err: 	at java.lang.Class.getDeclaredField(Native Method)
06-10 19:24:40.868 11764 11840 W System.err: 	at com.litesuits.http.data.b.oOooooOoOOO0O0o(Unknown Source:29)
06-10 19:24:40.868 11764 11840 W System.err: 	at com.litesuits.http.data.b.getDescriptionInChinese(Unknown Source:27)
06-10 19:24:40.868 11764 11840 W System.err: 	at c.e.a.e.a.doRequestAndReturnObject(Unknown Source:211)
06-10 19:24:40.868 11764 11840 W System.err: 	at c.e.a.d.b.a.a.doInBackground(Unknown Source:10)
06-10 19:24:40.868 11764 11840 W System.err: 	at c.e.a.d.b.a.a.doInBackground(Unknown Source:0)
06-10 19:24:40.868 11764 11840 W System.err: 	at com.kot32.ksimplelibrary.util.ModernAsyncTask$b.call(Unknown Source:19)
06-10 19:24:40.868 11764 11840 W System.err: 	at java.util.concurrent.FutureTask.run(FutureTask.java:266)
06-10 19:24:40.868 11764 11840 W System.err: 	at java.util.concurrent.ThreadPoolExecutor.runWorker(ThreadPoolExecutor.java:1167)
06-10 19:24:40.868 11764 11840 W System.err: 	at java.util.concurrent.ThreadPoolExecutor$Worker.run(ThreadPoolExecutor.java:641)
06-10 19:24:40.868 11764 11840 W System.err: 	at java.lang.Thread.run(Thread.java:923)
06-10 19:24:40.909  1528  1528 I bynm    : onStop
06-10 19:24:40.967 11886 11888 I cmd     : oneway function results will be dropped but finished with status OK and parcel size 4
06-10 19:24:40.985 24990 26269 I ActivityTaskManager: START u0 {cmp=com.plan.kot32.tomatotime/.activity.MainActivity} from uid 10154
06-10 19:24:40.987   411   411 I perfetto: ing_service_impl.cc:758 Configured tracing session 46, #sources:1, duration:5000 ms, #buffers:1, total buffer size:4096 KB, total sessions:2, uid:1071 session name: ""
06-10 19:24:40.991   402   402 I perfetto: probes_producer.cc:230  Ftrace setup (target_buf=46)
06-10 19:24:41.005 24990 25877 W ActivityTaskManager: Tried to set launchTime (0) < mLastActivityLaunchTime (19994015)
06-10 19:24:41.005 24990 25877 W InputReader: Device virtio_input_multi_touch_9 is associated with display ADISPLAY_ID_NONE.
06-10 19:24:41.005 24990 25877 W InputReader: Device virtio_input_multi_touch_7 is associated with display ADISPLAY_ID_NONE.
06-10 19:24:41.005 24990 25877 W InputReader: Device virtio_input_multi_touch_10 is associated with display ADISPLAY_ID_NONE.
06-10 19:24:41.005 24990 25877 W InputReader: Device virtio_input_multi_touch_6 is associated with display ADISPLAY_ID_NONE.
06-10 19:24:41.005 24990 25877 W InputReader: Device virtio_input_multi_touch_4 is associated with display ADISPLAY_ID_NONE.
06-10 19:24:41.005 24990 25877 W InputReader: Device virtio_input_multi_touch_3 is associated with display ADISPLAY_ID_NONE.
06-10 19:24:41.005 24990 25877 W InputReader: Device virtio_input_multi_touch_11 is associated with display ADISPLAY_ID_NONE.
06-10 19:24:41.005 24990 25877 W InputReader: Device virtio_input_multi_touch_8 is associated with display ADISPLAY_ID_NONE.
06-10 19:24:41.005 24990 25877 W InputReader: Device virtio_input_multi_touch_5 is associated with display ADISPLAY_ID_NONE.
06-10 19:24:41.005 24990 25877 W InputReader: Device virtio_input_multi_touch_2 is associated with display ADISPLAY_ID_NONE.
06-10 19:24:41.006 24990 25877 W InputReader: Device virtio_input_multi_touch_9 is associated with display ADISPLAY_ID_NONE.
06-10 19:24:41.006 24990 25877 W InputReader: Device virtio_input_multi_touch_7 is associated with display ADISPLAY_ID_NONE.
06-10 19:24:41.006 24990 25877 W InputReader: Device virtio_input_multi_touch_10 is associated with display ADISPLAY_ID_NONE.
06-10 19:24:41.006 24990 25877 W InputReader: Device virtio_input_multi_touch_6 is associated with display ADISPLAY_ID_NONE.
06-10 19:24:41.006 24990 25877 W InputReader: Device virtio_input_multi_touch_4 is associated with display ADISPLAY_ID_NONE.
06-10 19:24:41.006 24990 25877 W InputReader: Device virtio_input_multi_touch_3 is associated with display ADISPLAY_ID_NONE.
06-10 19:24:41.006 24990 25877 W InputReader: Device virtio_input_multi_touch_11 is associated with display ADISPLAY_ID_NONE.
06-10 19:24:41.006 24990 25877 W InputReader: Device virtio_input_multi_touch_8 is associated with display ADISPLAY_ID_NONE.
06-10 19:24:41.006 24990 25877 W InputReader: Device virtio_input_multi_touch_5 is associated with display ADISPLAY_ID_NONE.
06-10 19:24:41.006 24990 25877 W InputReader: Device virtio_input_multi_touch_2 is associated with display ADISPLAY_ID_NONE.
06-10 19:24:41.029 11764 11855 W SQLiteLog: (28) double-quoted string literal: "
06-10 19:24:41.029 11764 11855 W SQLiteLog: (28) double-quoted string literal: "8C151DE70E16F17C579B6BEEFA829734"
06-10 19:24:41.095 11764 11764 W System.err: java.lang.NullPointerException: Attempt to invoke virtual method 'void com.plan.kot32.tomatotime.activity.view.TopHeaderView.updateColor()' on a null object reference
06-10 19:24:41.095 11764 11764 W System.err: 	at com.plan.kot32.tomatotime.activity.MainActivity.IllIIllIll(Unknown Source:20)
06-10 19:24:41.095 11764 11764 W System.err: 	at com.plan.kot32.tomatotime.activity.MainActivity.j(Unknown Source:149)
06-10 19:24:41.095 11764 11764 W System.err: 	at com.plan.kot32.tomatotime.activity.MainActivity.onCreate(Native Method)
06-10 19:24:41.095 11764 11764 W System.err: 	at android.app.Activity.performCreate(Activity.java:8000)
06-10 19:24:41.095 11764 11764 W System.err: 	at android.app.Activity.performCreate(Activity.java:7984)
06-10 19:24:41.095 11764 11764 W System.err: 	at android.app.Instrumentation.callActivityOnCreate(Instrumentation.java:1309)
06-10 19:24:41.095 11764 11764 W System.err: 	at android.app.ActivityThread.performLaunchActivity(ActivityThread.java:3422)
06-10 19:24:41.095 11764 11764 W System.err: 	at android.app.ActivityThread.handleLaunchActivity(ActivityThread.java:3601)
06-10 19:24:41.095 11764 11764 W System.err: 	at android.app.servertransaction.LaunchActivityItem.execute(LaunchActivityItem.java:85)
06-10 19:24:41.095 11764 11764 W System.err: 	at android.app.servertransaction.TransactionExecutor.executeCallbacks(TransactionExecutor.java:135)
06-10 19:24:41.095 11764 11764 W System.err: 	at android.app.servertransaction.TransactionExecutor.execute(TransactionExecutor.java:95)
06-10 19:24:41.095 11764 11764 W System.err: 	at android.app.ActivityThread$H.handleMessage(ActivityThread.java:2066)
06-10 19:24:41.095 11764 11764 W System.err: 	at android.os.Handler.dispatchMessage(Handler.java:106)
06-10 19:24:41.095 11764 11764 W System.err: 	at android.os.Looper.loop(Looper.java:223)
06-10 19:24:41.095 11764 11764 W System.err: 	at android.app.ActivityThread.main(ActivityThread.java:7656)
06-10 19:24:41.095 11764 11764 W System.err: 	at java.lang.reflect.Method.invoke(Native Method)
06-10 19:24:41.095 11764 11764 W System.err: 	at com.android.internal.os.RuntimeInit$MethodAndArgsCaller.run(RuntimeInit.java:592)
06-10 19:24:41.095 11764 11764 W System.err: 	at com.android.internal.os.ZygoteInit.main(ZygoteInit.java:947)
06-10 19:24:41.108 11764 11764 W System.err: java.lang.NullPointerException: Attempt to invoke virtual method 'void com.plan.kot32.tomatotime.activity.view.TopHeaderView.updateColor()' on a null object reference
06-10 19:24:41.108 11764 11764 W System.err: 	at com.plan.kot32.tomatotime.activity.MainActivity.IllIIllIll(Unknown Source:20)
06-10 19:24:41.108 11764 11764 W System.err: 	at com.plan.kot32.tomatotime.activity.MainActivity.j(Unknown Source:149)
06-10 19:24:41.108 11764 11764 W System.err: 	at com.plan.kot32.tomatotime.activity.MainActivity.onResume(Unknown Source:12)
06-10 19:24:41.108 11764 11764 W System.err: 	at android.app.Instrumentation.callActivityOnResume(Instrumentation.java:1456)
06-10 19:24:41.108 11764 11764 W System.err: 	at android.app.Activity.performResume(Activity.java:8135)
06-10 19:24:41.108 11764 11764 W System.err: 	at android.app.ActivityThread.performResumeActivity(ActivityThread.java:4434)
06-10 19:24:41.108 11764 11764 W System.err: 	at android.app.ActivityThread.handleResumeActivity(ActivityThread.java:4476)
06-10 19:24:41.108 11764 11764 W System.err: 	at android.app.servertransaction.ResumeActivityItem.execute(ResumeActivityItem.java:52)
06-10 19:24:41.108 11764 11764 W System.err: 	at android.app.servertransaction.TransactionExecutor.executeLifecycleState(TransactionExecutor.java:176)
06-10 19:24:41.108 11764 11764 W System.err: 	at android.app.servertransaction.TransactionExecutor.execute(TransactionExecutor.java:97)
06-10 19:24:41.108 11764 11764 W System.err: 	at android.app.ActivityThread$H.handleMessage(ActivityThread.java:2066)
06-10 19:24:41.108 11764 11764 W System.err: 	at android.os.Handler.dispatchMessage(Handler.java:106)
06-10 19:24:41.108 11764 11764 W System.err: 	at android.os.Looper.loop(Looper.java:223)
06-10 19:24:41.108 11764 11764 W System.err: 	at android.app.ActivityThread.main(ActivityThread.java:7656)
06-10 19:24:41.108 11764 11764 W System.err: 	at java.lang.reflect.Method.invoke(Native Method)
06-10 19:24:41.108 11764 11764 W System.err: 	at com.android.internal.os.RuntimeInit$MethodAndArgsCaller.run(RuntimeInit.java:592)
06-10 19:24:41.108 11764 11764 W System.err: 	at com.android.internal.os.ZygoteInit.main(ZygoteInit.java:947)
06-10 19:24:41.114 11764 11855 W SQLiteLog: (28) double-quoted string literal: "8C151DE70E16F17C579B6BEEFA829734"
06-10 19:24:41.114 11764 11855 W SQLiteLog: (28) double-quoted string literal: ""
06-10 19:24:41.114 11764 11855 W SQLiteLog: (28) double-quoted string literal: "8C151DE70E16F17C579B6BEEFA829734"
06-10 19:24:41.114 11764 11855 W SQLiteLog: (28) double-quoted string literal: "-1"
06-10 19:24:41.349 24990 25013 I ActivityTaskManager: Displayed com.plan.kot32.tomatotime/.activity.MainActivity: +363ms
06-10 19:24:41.759 11764 11780 W System  : A resource failed to call release. 
06-10 19:24:42.022 11925 11927 I cmd     : oneway function results will be dropped but finished with status OK and parcel size 4
06-10 19:24:44.111 11764 11777 I ot32.tomatotim: Method exceeds compiler instruction limit: 27320 in void com.plan.kot32.tomatotime.activity.studyroom.InvalidWordManager.init()
06-10 19:24:44.170 11764 11954 W ot32.tomatotim: Accessing hidden method Lcom/android/org/conscrypt/ConscryptEngineSocket;->setUseSessionTickets(Z)V (greylist-max-q,core-platform-api, reflection, denied)
06-10 19:24:44.170 11764 11954 W ot32.tomatotim: Accessing hidden method Lcom/android/org/conscrypt/OpenSSLSocketImpl;->setUseSessionTickets(Z)V (greylist-max-q,core-platform-api, reflection, denied)
06-10 19:24:44.170 11764 11954 W ot32.tomatotim: Accessing hidden method Lcom/android/org/conscrypt/AbstractConscryptSocket;->setUseSessionTickets(Z)V (greylist-max-q, reflection, denied)
06-10 19:24:44.170 11764 11954 W ot32.tomatotim: Accessing hidden method Lcom/android/org/conscrypt/ConscryptEngineSocket;->setHostname(Ljava/lang/String;)V (greylist-max-q,core-platform-api, reflection, denied)
06-10 19:24:44.170 11764 11954 W ot32.tomatotim: Accessing hidden method Lcom/android/org/conscrypt/OpenSSLSocketImpl;->setHostname(Ljava/lang/String;)V (greylist-max-q,core-platform-api, reflection, denied)
06-10 19:24:44.170 11764 11954 W ot32.tomatotim: Accessing hidden method Lcom/android/org/conscrypt/AbstractConscryptSocket;->setHostname(Ljava/lang/String;)V (greylist-max-q, reflection, denied)
06-10 19:24:44.170 11764 11954 W ot32.tomatotim: Accessing hidden method Lcom/android/org/conscrypt/OpenSSLSocketImpl;->setAlpnProtocols([B)V (greylist-max-q,core-platform-api, reflection, denied)
06-10 19:24:44.170 11764 11954 W ot32.tomatotim: Accessing hidden method Lcom/android/org/conscrypt/AbstractConscryptSocket;->setAlpnProtocols([B)V (greylist-max-q, reflection, denied)
06-10 19:24:44.215 24990 25001 W System  : A resource failed to call release. 
06-10 19:24:44.215 24990 25001 I chatty  : uid=1000(system) FinalizerDaemon identical 1 line
06-10 19:24:44.215 24990 25001 W System  : A resource failed to call release. 
06-10 19:24:44.215 24990 25001 W System  : A resource failed to call dispose. 
06-10 19:24:44.394 11764 11954 W ot32.tomatotim: Accessing hidden method Lcom/android/org/conscrypt/OpenSSLSocketImpl;->getAlpnSelectedProtocol()[B (greylist-max-q,core-platform-api, reflection, denied)
06-10 19:24:44.394 11764 11954 W ot32.tomatotim: Accessing hidden method Lcom/android/org/conscrypt/AbstractConscryptSocket;->getAlpnSelectedProtocol()[B (greylist-max-q, reflection, denied)
06-10 19:24:44.651   402   402 I perfetto: probes_producer.cc:329  Producer stop (id=45)
06-10 19:24:44.653   411   411 I perfetto: ng_service_impl.cc:1948 Tracing session 45 ended, total sessions:1
06-10 19:24:45.566 12005 12007 I cmd     : oneway function results will be dropped but finished with status OK and parcel size 4
06-10 19:24:45.991   402   402 I perfetto: probes_producer.cc:329  Producer stop (id=46)
06-10 19:24:45.992   402   402 I perfetto: ftrace_procfs.cc:183    disabled ftrace
06-10 19:24:45.993   411   411 I perfetto: ng_service_impl.cc:1948 Tracing session 46 ended, total sessions:0
06-10 19:24:46.225 12036 12038 I cmd     : oneway function results will be dropped but finished with status OK and parcel size 4
06-10 19:24:46.378 12053 12055 I cmd     : oneway function results will be dropped but finished with status OK and parcel size 4
06-10 19:24:46.509 12065 12068 I cmd     : oneway function results will be dropped but finished with status OK and parcel size 4
06-10 19:24:47.121 12113 12113 E libc    : Access denied finding property "persist.device_config.runtime_native_boot.profilebootclasspath"
06-10 19:24:47.121 12113 12113 E libc    : Access denied finding property "persist.device_config.runtime_native_boot.enable_apex_image"
06-10 19:24:47.121 12113 12113 I AndroidRuntime: Using default boot image
06-10 19:24:47.121 12113 12113 E libc    : Access denied finding property "persist.device_config.runtime_native_boot.disable_lock_profiling"
06-10 19:24:47.121 12113 12113 I AndroidRuntime: Leaving lock profiling enabled
06-10 19:24:47.121 12113 12113 E libc    : Access denied finding property "persist.device_config.runtime_native_boot.enable_generational_cc"
06-10 19:24:47.114 12113 12113 W app_process: type=1400 audit(0.0:1090): avc: denied { read } for name="u:object_r:device_config_runtime_native_boot_prop:s0" dev="tmpfs" ino=8372 scontext=u:r:shell:s0 tcontext=u:object_r:device_config_runtime_native_boot_prop:s0 tclass=file permissive=0
06-10 19:24:47.118 12113 12113 I chatty  : uid=2000(shell) main identical 2 lines
06-10 19:24:47.118 12113 12113 W app_process: type=1400 audit(0.0:1093): avc: denied { read } for name="u:object_r:device_config_runtime_native_boot_prop:s0" dev="tmpfs" ino=8372 scontext=u:r:shell:s0 tcontext=u:object_r:device_config_runtime_native_boot_prop:s0 tclass=file permissive=0
06-10 19:24:47.284 12113 12113 W app_process: Unexpected CPU variant for X86 using defaults: x86
06-10 19:24:47.286 12113 12113 I app_process: The ClassLoaderContext is a special shared library.
06-10 19:24:47.293 12113 12113 W app_process: JNI RegisterNativeMethods: attempt to register 0 native methods for android.media.AudioAttributes
06-10 19:24:47.502 24990 26269 I ActivityTaskManager: START u0 {cmp=com.plan.kot32.tomatotime/.activity.view.XuebaActivity} from uid 10154
06-10 19:24:47.503 24990 25877 I system_server: oneway function results will be dropped but finished with status OK and parcel size 4
06-10 19:24:47.504 24990 27590 I system_server: oneway function results will be dropped but finished with status OK and parcel size 4
06-10 19:24:47.505 24990 27590 I system_server: oneway function results will be dropped but finished with status OK and parcel size 4
06-10 19:24:47.506   411   411 I perfetto: ing_service_impl.cc:758 Configured tracing session 47, #sources:1, duration:5000 ms, #buffers:1, total buffer size:4096 KB, total sessions:1, uid:1071 session name: ""
06-10 19:24:47.506   402   402 I perfetto: probes_producer.cc:230  Ftrace setup (target_buf=47)
06-10 19:24:47.509 24990 25753 W ActivityTaskManager: Tried to set launchTime (0) < mLastActivityLaunchTime (19995313)
06-10 19:24:47.509 24990 25753 W InputReader: Device virtio_input_multi_touch_9 is associated with display ADISPLAY_ID_NONE.
06-10 19:24:47.509 24990 25753 W InputReader: Device virtio_input_multi_touch_7 is associated with display ADISPLAY_ID_NONE.
06-10 19:24:47.509 24990 25753 W InputReader: Device virtio_input_multi_touch_10 is associated with display ADISPLAY_ID_NONE.
06-10 19:24:47.509 24990 25753 W InputReader: Device virtio_input_multi_touch_6 is associated with display ADISPLAY_ID_NONE.
06-10 19:24:47.509 24990 25753 W InputReader: Device virtio_input_multi_touch_4 is associated with display ADISPLAY_ID_NONE.
06-10 19:24:47.509 24990 25753 W InputReader: Device virtio_input_multi_touch_3 is associated with display ADISPLAY_ID_NONE.
06-10 19:24:47.509 24990 25753 W InputReader: Device virtio_input_multi_touch_11 is associated with display ADISPLAY_ID_NONE.
06-10 19:24:47.509 24990 25753 W InputReader: Device virtio_input_multi_touch_8 is associated with display ADISPLAY_ID_NONE.
06-10 19:24:47.509 24990 25753 W InputReader: Device virtio_input_multi_touch_5 is associated with display ADISPLAY_ID_NONE.
06-10 19:24:47.509 24990 25753 W InputReader: Device virtio_input_multi_touch_2 is associated with display ADISPLAY_ID_NONE.
06-10 19:24:47.509 24990 25753 W InputReader: Device virtio_input_multi_touch_9 is associated with display ADISPLAY_ID_NONE.
06-10 19:24:47.509 24990 25753 W InputReader: Device virtio_input_multi_touch_7 is associated with display ADISPLAY_ID_NONE.
06-10 19:24:47.509 24990 25753 W InputReader: Device virtio_input_multi_touch_10 is associated with display ADISPLAY_ID_NONE.
06-10 19:24:47.509 24990 25753 W InputReader: Device virtio_input_multi_touch_6 is associated with display ADISPLAY_ID_NONE.
06-10 19:24:47.509 24990 25753 W InputReader: Device virtio_input_multi_touch_4 is associated with display ADISPLAY_ID_NONE.
06-10 19:24:47.509 24990 25753 W InputReader: Device virtio_input_multi_touch_3 is associated with display ADISPLAY_ID_NONE.
06-10 19:24:47.509 24990 25753 W InputReader: Device virtio_input_multi_touch_11 is associated with display ADISPLAY_ID_NONE.
06-10 19:24:47.509 24990 25753 W InputReader: Device virtio_input_multi_touch_8 is associated with display ADISPLAY_ID_NONE.
06-10 19:24:47.509 24990 25753 W InputReader: Device virtio_input_multi_touch_5 is associated with display ADISPLAY_ID_NONE.
06-10 19:24:47.509 24990 25753 W InputReader: Device virtio_input_multi_touch_2 is associated with display ADISPLAY_ID_NONE.
06-10 19:24:47.520 11764 11855 W SQLiteLog: (28) double-quoted string literal: "
06-10 19:24:47.520 11764 11855 W SQLiteLog: (28) double-quoted string literal: "8C151DE70E16F17C579B6BEEFA829734"
06-10 19:24:47.530   402   402 I perfetto: ftrace_procfs.cc:176    enabled ftrace
06-10 19:24:47.546 11764 11855 W SQLiteLog: (28) double-quoted string literal: "8C151DE70E16F17C579B6BEEFA829734"
06-10 19:24:47.546 11764 11855 W SQLiteLog: (28) double-quoted string literal: ""
06-10 19:24:47.546 11764 11855 W SQLiteLog: (28) double-quoted string literal: "8C151DE70E16F17C579B6BEEFA829734"
06-10 19:24:47.546 11764 11855 W SQLiteLog: (28) double-quoted string literal: "-1"
06-10 19:24:47.609 24990 25013 I ActivityTaskManager: Displayed com.plan.kot32.tomatotime/.activity.view.XuebaActivity: +105ms
06-10 19:24:47.642 24990 27590 I system_server: oneway function results will be dropped but finished with status OK and parcel size 4
06-10 19:24:47.767 12150 12152 I cmd     : oneway function results will be dropped but finished with status OK and parcel size 4
06-10 19:24:49.114 24990 25008 I ActivityManager: PendingStartActivityUids startActivity to updateOomAdj delay:1604ms, uid:10154
06-10 19:24:50.596 24990 26269 I system_server: oneway function results will be dropped but finished with status OK and parcel size 4
06-10 19:24:50.958  1237  1237 W ThreadPoolForeg: type=1400 audit(0.0:1094): avc: denied { write } for name="traced_producer" dev="tmpfs" ino=10994 scontext=u:r:gmscore_app:s0:c512,c768 tcontext=u:object_r:traced_producer_socket:s0 tclass=sock_file permissive=0 app=com.google.android.gms
06-10 19:24:52.510   402   402 I perfetto: probes_producer.cc:329  Producer stop (id=47)
06-10 19:24:52.511   411   411 I perfetto: ng_service_impl.cc:1948 Tracing session 47 ended, total sessions:0
06-10 19:24:52.514   402   402 I perfetto: ftrace_procfs.cc:183    disabled ftrace
06-10 19:24:54.315 12291 12293 I cmd     : oneway function results will be dropped but finished with status OK and parcel size 4
06-10 19:24:54.508 12303 12303 E libc    : Access denied finding property "persist.device_config.runtime_native_boot.profilebootclasspath"
06-10 19:24:54.508 12303 12303 E libc    : Access denied finding property "persist.device_config.runtime_native_boot.enable_apex_image"
06-10 19:24:54.508 12303 12303 I AndroidRuntime: Using default boot image
06-10 19:24:54.508 12303 12303 E libc    : Access denied finding property "persist.device_config.runtime_native_boot.disable_lock_profiling"
06-10 19:24:54.508 12303 12303 I AndroidRuntime: Leaving lock profiling enabled
06-10 19:24:54.508 12303 12303 E libc    : Access denied finding property "persist.device_config.runtime_native_boot.enable_generational_cc"
06-10 19:24:54.502 12303 12303 W app_process: type=1400 audit(0.0:1095): avc: denied { read } for name="u:object_r:device_config_runtime_native_boot_prop:s0" dev="tmpfs" ino=8372 scontext=u:r:shell:s0 tcontext=u:object_r:device_config_runtime_native_boot_prop:s0 tclass=file permissive=0
06-10 19:24:54.545 12303 12303 W app_process: Unexpected CPU variant for X86 using defaults: x86
06-10 19:24:54.546 12303 12303 I app_process: The ClassLoaderContext is a special shared library.
06-10 19:24:54.554 12303 12303 W app_process: JNI RegisterNativeMethods: attempt to register 0 native methods for android.media.AudioAttributes
06-10 19:24:54.582   643   643 W ThreadPoolForeg: type=1400 audit(0.0:1099): avc: denied { write } for name="traced_producer" dev="tmpfs" ino=10994 scontext=u:r:gmscore_app:s0:c512,c768 tcontext=u:object_r:traced_producer_socket:s0 tclass=sock_file permissive=0 app=com.google.android.gms
06-10 19:24:54.735 12325 12327 I cmd     : oneway function results will be dropped but finished with status OK and parcel size 4
06-10 19:24:54.763 24990 27590 I ActivityTaskManager: START u0 {cmp=com.plan.kot32.tomatotime/.activity.view.XuebaHelpActivity} from uid 10154
06-10 19:24:54.767   411   411 I perfetto: ing_service_impl.cc:758 Configured tracing session 48, #sources:1, duration:5000 ms, #buffers:1, total buffer size:4096 KB, total sessions:1, uid:1071 session name: ""
06-10 19:24:54.767   402   402 I perfetto: probes_producer.cc:230  Ftrace setup (target_buf=48)
06-10 19:24:54.768 24990 26269 I system_server: oneway function results will be dropped but finished with status OK and parcel size 4
06-10 19:24:54.768 24990 26269 I system_server: oneway function results will be dropped but finished with status OK and parcel size 4
06-10 19:24:54.770 24990 26269 W ActivityTaskManager: Tried to set launchTime (0) < mLastActivityLaunchTime (20001816)
06-10 19:24:54.771 24990 26269 W InputReader: Device virtio_input_multi_touch_9 is associated with display ADISPLAY_ID_NONE.
06-10 19:24:54.771 24990 26269 W InputReader: Device virtio_input_multi_touch_7 is associated with display ADISPLAY_ID_NONE.
06-10 19:24:54.771 24990 26269 W InputReader: Device virtio_input_multi_touch_10 is associated with display ADISPLAY_ID_NONE.
06-10 19:24:54.771 24990 26269 W InputReader: Device virtio_input_multi_touch_6 is associated with display ADISPLAY_ID_NONE.
06-10 19:24:54.771 24990 26269 W InputReader: Device virtio_input_multi_touch_4 is associated with display ADISPLAY_ID_NONE.
06-10 19:24:54.771 24990 26269 W InputReader: Device virtio_input_multi_touch_3 is associated with display ADISPLAY_ID_NONE.
06-10 19:24:54.771 24990 26269 W InputReader: Device virtio_input_multi_touch_11 is associated with display ADISPLAY_ID_NONE.
06-10 19:24:54.771 24990 26269 W InputReader: Device virtio_input_multi_touch_8 is associated with display ADISPLAY_ID_NONE.
06-10 19:24:54.771 24990 26269 W InputReader: Device virtio_input_multi_touch_5 is associated with display ADISPLAY_ID_NONE.
06-10 19:24:54.771 24990 26269 W InputReader: Device virtio_input_multi_touch_2 is associated with display ADISPLAY_ID_NONE.
06-10 19:24:54.771 24990 26269 W InputReader: Device virtio_input_multi_touch_9 is associated with display ADISPLAY_ID_NONE.
06-10 19:24:54.771 24990 26269 W InputReader: Device virtio_input_multi_touch_7 is associated with display ADISPLAY_ID_NONE.
06-10 19:24:54.771 24990 26269 W InputReader: Device virtio_input_multi_touch_10 is associated with display ADISPLAY_ID_NONE.
06-10 19:24:54.771 24990 26269 W InputReader: Device virtio_input_multi_touch_6 is associated with display ADISPLAY_ID_NONE.
06-10 19:24:54.771 24990 26269 W InputReader: Device virtio_input_multi_touch_4 is associated with display ADISPLAY_ID_NONE.
06-10 19:24:54.771 24990 26269 W InputReader: Device virtio_input_multi_touch_3 is associated with display ADISPLAY_ID_NONE.
06-10 19:24:54.771 24990 26269 W InputReader: Device virtio_input_multi_touch_11 is associated with display ADISPLAY_ID_NONE.
06-10 19:24:54.771 24990 26269 W InputReader: Device virtio_input_multi_touch_8 is associated with display ADISPLAY_ID_NONE.
06-10 19:24:54.771 24990 26269 W InputReader: Device virtio_input_multi_touch_5 is associated with display ADISPLAY_ID_NONE.
06-10 19:24:54.771 24990 26269 W InputReader: Device virtio_input_multi_touch_2 is associated with display ADISPLAY_ID_NONE.
06-10 19:24:54.787 11764 11855 W SQLiteLog: (28) double-quoted string literal: "
06-10 19:24:54.787 11764 11855 W SQLiteLog: (28) double-quoted string literal: "8C151DE70E16F17C579B6BEEFA829734"
06-10 19:24:54.800   402   402 I perfetto: ftrace_procfs.cc:176    enabled ftrace
06-10 19:24:54.854 11764 11855 W SQLiteLog: (28) double-quoted string literal: "8C151DE70E16F17C579B6BEEFA829734"
06-10 19:24:54.855 11764 11855 W SQLiteLog: (28) double-quoted string literal: ""
06-10 19:24:54.855 11764 11855 W SQLiteLog: (28) double-quoted string literal: "8C151DE70E16F17C579B6BEEFA829734"
06-10 19:24:54.855 11764 11855 W SQLiteLog: (28) double-quoted string literal: "-1"
06-10 19:24:54.895 24990 25013 I ActivityTaskManager: Displayed com.plan.kot32.tomatotime/.activity.view.XuebaHelpActivity: +130ms
06-10 19:24:54.901 24990 25753 I system_server: oneway function results will be dropped but finished with status OK and parcel size 4
06-10 19:24:57.290 32605 32605 W ThreadPoolForeg: type=1400 audit(0.0:1100): avc: denied { write } for name="traced_producer" dev="tmpfs" ino=10994 scontext=u:r:gmscore_app:s0:c512,c768 tcontext=u:object_r:traced_producer_socket:s0 tclass=sock_file permissive=0 app=com.google.android.gms
06-10 19:24:57.869 24990 26269 I system_server: oneway function results will be dropped but finished with status OK and parcel size 4
06-10 19:24:59.773   402   402 I perfetto: probes_producer.cc:329  Producer stop (id=48)
06-10 19:24:59.776   411   411 I perfetto: ng_service_impl.cc:1948 Tracing session 48 ended, total sessions:0
06-10 19:24:59.781   402   402 I perfetto: ftrace_procfs.cc:183    disabled ftrace
06-10 19:25:00.291 24990 25014 W ActivityManager: Timeout executing service: ServiceRecord{b64281c u0 com.google.android.setupwizard/.predeferred.PreDeferredServiceScheduler}
06-10 19:25:00.306 24990 12362 I ActivityManager: dumpStackTraces pids=null nativepids=null
06-10 19:25:00.307 24990 12362 I ActivityManager: Dumping to /data/anr/anr_2026-06-10-19-25-00-306
06-10 19:25:00.307 24990 12362 I ActivityManager: Collecting stacks for pid 11204
06-10 19:25:00.307 24990 12362 I system_server: libdebuggerd_client: started dumping process 11204
06-10 19:25:00.308   284   284 I tombstoned: registered intercept for pid 11204 and type kDebuggerdJavaBacktrace
06-10 19:25:00.308 11204 11214 I oid.setupwizar: Thread[6,tid=11214,WaitingInMainSignalCatcherLoop,Thread*=0xddfc6210,peer=0x12c40df0,"Signal Catcher"]: reacting to signal 3
06-10 19:25:00.308 11204 11214 I oid.setupwizar: 
06-10 19:25:00.343 24990 25001 W System  : A resource failed to call release. 
06-10 19:25:00.343 24990 25001 W System  : A resource failed to call release. 
06-10 19:25:00.346   284   284 I tombstoned: received crash request for pid 11204
06-10 19:25:00.346   284   284 I tombstoned: found intercept fd 512 for pid 11204 and type kDebuggerdJavaBacktrace
06-10 19:25:00.346 11204 11214 I oid.setupwizar: Wrote stack traces to tombstoned
06-10 19:25:00.346 24990 12362 I system_server: libdebuggerd_client: done dumping process 11204
06-10 19:25:00.351 24990 12362 I ActivityManager: Done dumping
06-10 19:25:00.353 24990 12362 E ActivityManager: ANR in com.google.android.setupwizard
06-10 19:25:00.353 24990 12362 E ActivityManager: PID: 11204
06-10 19:25:00.353 24990 12362 E ActivityManager: Reason: executing service com.google.android.setupwizard/.predeferred.PreDeferredServiceScheduler
06-10 19:25:00.353 24990 12362 E ActivityManager: Load: 0.0 / 0.0 / 0.0
06-10 19:25:00.353 24990 12362 E ActivityManager: ----- Output from /proc/pressure/memory -----
06-10 19:25:00.353 24990 12362 E ActivityManager: some avg10=0.00 avg60=0.00 avg300=0.00 total=20960769
06-10 19:25:00.353 24990 12362 E ActivityManager: full avg10=0.00 avg60=0.00 avg300=0.00 total=6091792
06-10 19:25:00.353 24990 12362 E ActivityManager: ----- End output from /proc/pressure/memory -----
06-10 19:25:00.353 24990 12362 E ActivityManager: 
06-10 19:25:00.353 24990 12362 E ActivityManager: CPU usage from 286447ms to 0ms ago (2026-06-10 19:20:13.846 to 2026-06-10 19:25:00.293):
06-10 19:25:00.353 24990 12362 E ActivityManager:   2.2% 24990/system_server: 0.8% user + 1.3% kernel / faults: 50909 minor 3 major
06-10 19:25:00.353 24990 12362 E ActivityManager:   1.1% 377/surfaceflinger: 0% user + 1.1% kernel / faults: 223 minor
06-10 19:25:00.353 24990 12362 E ActivityManager:   0.8% 314/android.hardware.graphics.composer@2.3-service: 0% user + 0.8% kernel
06-10 19:25:00.353 24990 12362 E ActivityManager:   0.8% 299/android.hardware.bluetooth@1.1-service.sim: 0.5% user + 0.3% kernel
06-10 19:25:00.353 24990 12362 E ActivityManager:   0.8% 389/adbd: 0% user + 0.7% kernel / faults: 25198 minor 6 major
06-10 19:25:00.353 24990 12362 E ActivityManager:   0.6% 343/android.hardware.sensors@2.1-service.multihal: 0% user + 0.5% kernel
06-10 19:25:00.353 24990 12362 E ActivityManager:   0.4% 26096/io.github.ylimit.droidbotapp: 0.1% user + 0.2% kernel / faults: 52768 minor 6 major
06-10 19:25:00.353 24990 12362 E ActivityManager:   0.2% 25442/com.google.android.apps.nexuslauncher: 0% user + 0.2% kernel / faults: 261 minor 4 major
06-10 19:25:00.353 24990 12362 E ActivityManager:   0.2% 176/logd: 0% user + 0.1% kernel / faults: 11 minor 3 major
06-10 19:25:00.353 24990 12362 E ActivityManager:   0.1% 32605/com.google.android.gms.persistent: 0% user + 0% kernel / faults: 1833 minor 7 major
06-10 19:25:00.353 24990 12362 E ActivityManager:   0.1% 25376/com.android.phone: 0% user + 0% kernel / faults: 918 minor 4 major
06-10 19:25:00.353 24990 12362 E ActivityManager:   0% 1703/com.google.android.googlequicksearchbox:interactor: 0% user + 0% kernel / faults: 87 minor 2 major
06-10 19:25:00.353 24990 12362 E ActivityManager:   0.1% 519/process-tracker: 0% user + 0% kernel
06-10 19:25:00.353 24990 12362 E ActivityManager:   0% 1528/com.google.android.googlequicksearchbox:googleapp: 0% user + 0% kernel / faults: 2424 minor 26 major
06-10 19:25:00.353 24990 12362 E ActivityManager:   0% 25037/android.hardware.audio.service.ranchu: 0% user + 0% kernel / faults: 9 minor
06-10 19:25:00.353 24990 12362 E ActivityManager:   0% 449/media.swcodec: 0% user + 0% kernel / faults: 70 minor 3 major
06-10 19:25:00.353 24990 12362 E ActivityManager:   0% 311/android.hardware.graphics.allocator@3.0-service: 0% user + 0% kernel
06-10 19:25:00.353 24990 12362 E ActivityManager:   0% 25036/audioserver: 0% user + 0% kernel / faults: 145 minor
06-10 19:25:00.353 24990 12362 E ActivityManager:   0% 1237/com.google.android.gms: 0% user + 0% kernel / faults: 2970 minor
06-10 19:25:00.353 24990 12362 E ActivityManager:   0% 10/rcu_preempt: 0% user + 0% kernel
06-10 19:25:00.353 24990 12362 E ActivityManager:   0% 25216/android.hardware.gnss@2.0-service.ranchu: 0% user + 0% kernel
06-10 19:25:00.353 24990 12362 E ActivityManager:   0% 643/com.google.android.gms.unstable: 0% user + 0% kernel / faults: 1315 minor 1 major
06-10 19:25:00.353 24990 12362 E ActivityManager:   0% 179/servicemanager: 0% user + 0% kernel
06-10 19:25:00.353 24990 12362 E ActivityManager:   0% 381/logcat: 0% user + 0% kernel
06-10 19:25:00.353 24990 12362 E ActivityManager:   0% 402/traced_probes: 0% user + 0% kernel / faults: 7 minor
06-10 19:25:00.353 24990 12362 E ActivityManager:   0% 24956/netd: 0% user + 0% kernel / faults: 166 minor 3 major
06-10 19:25:00.353 24990 12362 E ActivityManager:   0% 25801/com.google.process.gservices: 0% user + 0% kernel / faults: 222 minor
06-10 19:25:00.353 24990 12362 E ActivityManager:   0% 26491/com.google.android.ims: 0% user + 0% kernel / faults: 53 minor 4 major
06-10 19:25:00.353 24990 12362 E ActivityManager:   0% 9/ksoftirqd/0: 0% user + 0% kernel
06-10 19:25:00.353 24990 12362 E ActivityManager:   0% 16/ksoftirqd/1: 0% user + 0% kernel
06-10 19:25:00.353 24990 12362 E ActivityManager:   0% 207/jbd2/dm-5-8: 0% user + 0% kernel
06-10 19:25:00.353 24990 12362 E ActivityManager:   0% 25694/com.google.android.inputmethod.latin: 0% user + 0% kernel / faults: 269 minor
06-10 19:25:00.353 24990 12362 E ActivityManager:   0% 4708/com.android.vending: 0% user + 0% kernel / faults: 11 minor
06-10 19:25:00.353 24990 12362 E ActivityManager:   0% 25273/com.android.networkstack.process: 0% user + 0% kernel / faults: 160 minor
06-10 19:25:00.353 24990 12362 E ActivityManager:   0% 5410/com.android.vending:instant_app_installer: 0% user + 0% kernel / faults: 34 minor
06-10 19:25:00.353 24990 12362 E ActivityManager:   0% 9820/kworker/1:2-mm_percpu_wq: 0% user + 0% kernel
06-10 19:25:00.353 24990 12362 E ActivityManager:   0% 24963/iptables-restore: 0% user + 0% kernel
06-10 19:25:00.353 24990 12362 E ActivityManager:   0% 21/ksoftirqd/2: 0% user + 0% kernel
06-10 19:25:00.353 24990 12362 E ActivityManager:   0% 26/ksoftirqd/3: 0% user + 0% kernel
06-10 19:25:00.353 24990 12362 E ActivityManager:   0% 289/statsd: 0% user + 0% kernel / faults: 150 minor
06-10 19:25:00.353 24990 12362 E ActivityManager:   0% 3867/kworker/u8:2-kverityd: 0% user + 0% kernel
06-10 19:25:00.353 24990 12362 E ActivityManager:   0% 3875/kworker/0:1-events_power_efficient: 0% user + 0% kernel
06-10 19:25:00.353 24990 12362 E ActivityManager:   0% 4656/com.google.android.partnersetup: 0% user + 0% kernel / faults: 16 minor
06-10 19:25:00.353 24990 12362 E ActivityManager:   0% 24951/zygote: 0% user + 0% kernel / faults: 484 minor
06-10 19:25:00.353 24990 12362 E ActivityManager:   0% 177/lmkd: 0% user + 0% kernel
06-10 19:25:00.353 24990 12362 E ActivityManager:   0% 180/hwservicemanager: 0% user + 0% kernel
06-10 19:25:00.353 24990 12362 E ActivityManager:   0% 411/traced: 0% user + 0% kernel / faults: 59 minor 1 major
06-10 19:25:00.353 24990 12362 E ActivityManager:   0% 5580/kworker/2:1-mm_percpu_wq: 0% user + 0% kernel
06-10 19:25:00.353 24990 12362 E ActivityManager:   0% 5660/kworker/u8:1-phy0: 0% user + 0% kernel
06-10 19:25:00.353 24990 12362 E ActivityManager:   0% 24964/ip6tables-restore: 0% user + 0% kernel
06-10 19:25:00.353 24990 12362 E ActivityManager:   0% 25422/com.google.android.ext.services: 0% user + 0% kernel / faults: 23 minor
06-10 19:25:00.353 24990 12362 E ActivityManager:   0% 11/migration/0: 0% user + 0% kernel
06-10 19:25:00.353 24990 12362 E ActivityManager:   0% 15/migration/1: 0% user + 0% kernel
06-10 19:25:00.353 24990 12362 E ActivityManager:   0% 132/kworker/2:1H-kblockd: 0% user + 0% kernel
06-10 19:25:00.353 24990 12362 E ActivityManager:   0% 144/kworker/0:1H-kblockd: 0% user + 0% kernel
06-10 19:25:00.353 24990 12362 E ActivityManager:   0% 315/android.hardware.health@2.1-service: 0% user + 0% kernel
06-10 19:25:00.353 24990 12362 E ActivityManager:   0% 427/iorapd: 0% user + 0% kernel / faults: 99 minor 1 major
06-10 19:25:00.353 24990 12362 E ActivityManager:   0% 435/media.extractor: 0% user + 0% kernel / faults: 5 minor 8 major
06-10 19:25:00.353 24990 12362 E ActivityManager:   0% 436/media.metrics: 0% user + 0% kernel / faults: 91 minor 2 major
06-10 19:25:00.353 24990 12362 E ActivityManager:   0% 440/storaged: 0% user + 0% kernel
06-10 19:25:00.353 24990 12362 E ActivityManager:   0% 448/libgoldfish-rild: 0% user + 0% kernel / faults: 30 minor
06-10 19:25:00.353 24990 12362 E ActivityManager:   0% 461/android.hardware.biometrics.fingerprint@2.1-service: 0% user + 0% kernel
06-10 19:25:00.353 24990 12362 E ActivityManager:   0% 483/netmgr: 0% user + 0% kernel
06-10 19:25:00.353 24990 12362 E ActivityManager:   0% 6105/kworker/u9:0-fscrypt_read_queue: 0% user + 0% kernel
06-10 19:25:00.353 24990 12362 E ActivityManager:   0% 9906/android.process.acore: 0% user + 0% kernel / faults: 24 minor
06-10 19:25:00.353 24990 12362 E ActivityManager:   0% 24953/cameraserver: 0% user + 0% kernel / faults: 96 minor 2 major
06-10 19:25:00.353 24990 12362 E ActivityManager:   0% 24954/mediaserver: 0% user + 0% kernel / faults: 66 minor 1 major
06-10 19:25:00.353 24990 12362 E ActivityManager:   0% 32482/kworker/u8:3-kverityd: 0% user + 0% kernel
06-10 19:25:00.353 24990 12362 E ActivityManager:  +0% 11100/kworker/3:0-events: 0% user + 0% kernel
06-10 19:25:00.353 24990 12362 E ActivityManager:  +0% 11130/kworker/u8:0-kverityd: 0% user + 0% kernel
06-10 19:25:00.353 24990 12362 E ActivityManager:  +0% 11137/kworker/u9:1-fscrypt_read_queue: 0% user + 0% kernel
06-10 19:25:00.353 24990 12362 E ActivityManager:  +0% 11204/com.google.android.setupwizard: 0% user + 0% kernel
06-10 19:25:00.353 24990 12362 E ActivityManager:  +0% 11296/sh: 0% user + 0% kernel
06-10 19:25:00.353 24990 12362 E ActivityManager:  +0% 11298/minicap: 0% user + 0% kernel
06-10 19:25:00.353 24990 12362 E ActivityManager:  +0% 11304/com.android.systemui: 0% user + 0% kernel
06-10 19:25:00.353 24990 12362 E ActivityManager:  +0% 11310/kworker/1:0-events: 0% user + 0% kernel
06-10 19:25:00.353 24990 12362 E ActivityManager:  +0% 11397/logcat: 0% user + 0% kernel
06-10 19:25:00.353 24990 12362 E ActivityManager:  +0% 11399/getevent: 0% user + 0% kernel
06-10 19:25:00.353 24990 12362 E ActivityManager:  +0% 11541/kworker/0:0-events_power_efficient: 0% user + 0% kernel
06-10 19:25:00.353 24990 12362 E ActivityManager:  +0% 11764/com.plan.kot32.tomatotime: 0% user + 0% kernel
06-10 19:25:00.353 24990 12362 E ActivityManager:  +0% 12363/sh: 0% user + 0% kernel
06-10 19:25:00.353 24990 12362 E ActivityManager: 3.4% TOTAL: 0.7% user + 1.8% kernel + 0% iowait + 0.7% irq + 0% softirq
06-10 19:25:00.353 24990 12362 E ActivityManager: CPU usage from 20014600ms to 20014600ms ago (1970-01-01 00:00:00.000 to 1970-01-01 00:00:00.000) with 0% awake:
06-10 19:25:00.353 24990 12362 E ActivityManager: 0% TOTAL: 0% user + 0% kernel
06-10 19:25:00.358 24990 12362 I ActivityManager: Killing 11204:com.google.android.setupwizard/u0a98 (adj 0): bg anr
06-10 19:25:00.362 24990 12366 I DropBoxManagerService: add tag=system_app_anr isTagEnabled=true flags=0x2
06-10 19:25:00.372 24990 25014 W BroadcastQueue: Background execution not allowed: receiving Intent { act=android.intent.action.DROPBOX_ENTRY_ADDED flg=0x10 (has extras) } to com.google.android.gms/.stats.service.DropBoxEntryAddedReceiver
06-10 19:25:00.376 24951 24951 I Zygote  : Process 11204 exited due to signal 9 (Killed)
06-10 19:25:00.405 24990 25016 I libprocessgroup: Successfully killed process cgroup uid 10098 pid 11204 in 45ms
06-10 19:25:00.628 12384 12386 I cmd     : oneway function results will be dropped but finished with status OK and parcel size 4
06-10 19:25:01.008 12413 12415 I cmd     : oneway function results will be dropped but finished with status OK and parcel size 4
06-10 19:25:01.668 12455 12457 I cmd     : oneway function results will be dropped but finished with status OK and parcel size 4
06-10 19:25:01.836 12470 12472 I cmd     : oneway function results will be dropped but finished with status OK and parcel size 4
06-10 19:25:02.275 12499 12499 E libc    : Access denied finding property "persist.device_config.runtime_native_boot.profilebootclasspath"
06-10 19:25:02.275 12499 12499 E libc    : Access denied finding property "persist.device_config.runtime_native_boot.enable_apex_image"
06-10 19:25:02.275 12499 12499 I AndroidRuntime: Using default boot image
06-10 19:25:02.275 12499 12499 E libc    : Access denied finding property "persist.device_config.runtime_native_boot.disable_lock_profiling"
06-10 19:25:02.275 12499 12499 I AndroidRuntime: Leaving lock profiling enabled
06-10 19:25:02.275 12499 12499 E libc    : Access denied finding property "persist.device_config.runtime_native_boot.enable_generational_cc"
06-10 19:25:02.274 12499 12499 W app_process: type=1400 audit(0.0:1101): avc: denied { read } for name="u:object_r:device_config_runtime_native_boot_prop:s0" dev="tmpfs" ino=8372 scontext=u:r:shell:s0 tcontext=u:object_r:device_config_runtime_native_boot_prop:s0 tclass=file permissive=0
06-10 19:25:02.314 12499 12499 W app_process: Unexpected CPU variant for X86 using defaults: x86
06-10 19:25:02.316 12499 12499 I app_process: The ClassLoaderContext is a special shared library.
06-10 19:25:02.324 12499 12499 W app_process: JNI RegisterNativeMethods: attempt to register 0 native methods for android.media.AudioAttributes
06-10 19:25:02.524 12519 12521 I cmd     : oneway function results will be dropped but finished with status OK and parcel size 4
06-10 19:25:02.534 24990 25753 I system_server: oneway function results will be dropped but finished with status OK and parcel size 4
06-10 19:25:02.535 24990 25753 I system_server: oneway function results will be dropped but finished with status OK and parcel size 4
