06-10 15:43:49.013   570  1220 W InputReader: Device virtio_input_multi_touch_11 is associated with display ADISPLAY_ID_NONE.
06-10 15:43:49.013   570  1220 W InputReader: Device virtio_input_multi_touch_8 is associated with display ADISPLAY_ID_NONE.
06-10 15:43:49.013   570  1220 W InputReader: Device virtio_input_multi_touch_5 is associated with display ADISPLAY_ID_NONE.
06-10 15:43:49.013   570  1220 W InputReader: Device virtio_input_multi_touch_2 is associated with display ADISPLAY_ID_NONE.
06-10 15:43:49.061   402   402 I perfetto: ftrace_procfs.cc:176    enabled ftrace
06-10 15:43:49.066 12548 12616 W SQLiteLog: (28) double-quoted string literal: "
06-10 15:43:49.066 12548 12616 W SQLiteLog: (28) double-quoted string literal: "8C151DE70E16F17C579B6BEEFA829734"
06-10 15:43:49.102 12548 12616 W SQLiteLog: (28) double-quoted string literal: "8C151DE70E16F17C579B6BEEFA829734"
06-10 15:43:49.102 12548 12616 W SQLiteLog: (28) double-quoted string literal: ""
06-10 15:43:49.102 12548 12616 W SQLiteLog: (28) double-quoted string literal: "8C151DE70E16F17C579B6BEEFA829734"
06-10 15:43:49.102 12548 12616 W SQLiteLog: (28) double-quoted string literal: "-1"
06-10 15:43:49.141   570  1220 I system_server: oneway function results will be dropped but finished with status OK and parcel size 4
06-10 15:43:49.162   570   609 I ActivityManager: Start proc 15724:com.google.android.webview:sandboxed_process0:org.chromium.content.app.SandboxedProcessService0:5/u0i6 for  {com.plan.kot32.tomatotime/org.chromium.content.app.SandboxedProcessService0:5}
06-10 15:43:49.167 15724 15724 W ocessService0:: Unexpected CPU variant for X86 using defaults: x86
06-10 15:43:49.178 15724 15724 E ocessService0:: Not starting debugger since process cannot load the jdwp agent.
06-10 15:43:49.207 15724 15724 I cr_ChildProcessService: Creating new ChildProcessService pid=15724
06-10 15:43:49.249   570   607 I ActivityTaskManager: Displayed com.plan.kot32.tomatotime/.activity.WebViewActivity: +248ms
06-10 15:43:49.256 15724 15742 I cr_LibraryLoader: Loaded native library version number "83.0.4103.106"
06-10 15:43:49.264 15724 15742 I cr_CachingUmaRecorder: Flushed 1 samples from 1 histograms.
06-10 15:43:52.104   570  1617 I system_server: oneway function results will be dropped but finished with status OK and parcel size 4
06-10 15:43:52.922 15814 15816 I cmd     : oneway function results will be dropped but finished with status OK and parcel size 4
06-10 15:43:54.011   402   402 I perfetto: probes_producer.cc:329  Producer stop (id=14)
06-10 15:43:54.012   402   402 I perfetto: ftrace_procfs.cc:183    disabled ftrace
06-10 15:43:54.013   411   411 I perfetto: ng_service_impl.cc:1948 Tracing session 14 ended, total sessions:0
06-10 15:43:54.271 15870 15872 I cmd     : oneway function results will be dropped but finished with status OK and parcel size 4
06-10 15:43:54.592 15889 15891 I cmd     : oneway function results will be dropped but finished with status OK and parcel size 4
06-10 15:43:55.460 15922 15924 I cmd     : oneway function results will be dropped but finished with status OK and parcel size 4
06-10 15:43:55.834 15934 15934 E libc    : Access denied finding property "persist.device_config.runtime_native_boot.profilebootclasspath"
06-10 15:43:55.834 15934 15934 E libc    : Access denied finding property "persist.device_config.runtime_native_boot.enable_apex_image"
06-10 15:43:55.834 15934 15934 I AndroidRuntime: Using default boot image
06-10 15:43:55.834 15934 15934 E libc    : Access denied finding property "persist.device_config.runtime_native_boot.disable_lock_profiling"
06-10 15:43:55.834 15934 15934 I AndroidRuntime: Leaving lock profiling enabled
06-10 15:43:55.834 15934 15934 E libc    : Access denied finding property "persist.device_config.runtime_native_boot.enable_generational_cc"
06-10 15:43:55.835 15934 15934 W app_process: Could not reserve sentinel fault page
06-10 15:43:55.830 15934 15934 W app_process: type=1400 audit(0.0:381): avc: denied { read } for name="u:object_r:device_config_runtime_native_boot_prop:s0" dev="tmpfs" ino=8372 scontext=u:r:shell:s0 tcontext=u:object_r:device_config_runtime_native_boot_prop:s0 tclass=file permissive=0
06-10 15:43:55.875 15934 15934 W app_process: Unexpected CPU variant for X86 using defaults: x86
06-10 15:43:55.880 15934 15934 I app_process: The ClassLoaderContext is a special shared library.
06-10 15:43:55.889 15934 15934 W app_process: JNI RegisterNativeMethods: attempt to register 0 native methods for android.media.AudioAttributes
06-10 15:43:59.593 15971 15973 I cmd     : oneway function results will be dropped but finished with status OK and parcel size 4
06-10 15:44:00.107 16000 16002 I cmd     : oneway function results will be dropped but finished with status OK and parcel size 4
06-10 15:44:01.092 16044 16045 I cmd     : oneway function results will be dropped but finished with status OK and parcel size 4
06-10 15:44:01.236   570   581 W System  : A resource failed to call release. 
06-10 15:44:01.236   570   581 I chatty  : uid=1000(system) FinalizerDaemon identical 2 lines
06-10 15:44:01.236   570   581 W System  : A resource failed to call release. 
06-10 15:44:01.578 16071 16073 I cmd     : oneway function results will be dropped but finished with status OK and parcel size 4
06-10 15:44:01.891 16088 16090 I cmd     : oneway function results will be dropped but finished with status OK and parcel size 4
06-10 15:44:01.955   496   496 E wifi_forwarder: qemu_pipe_open_ns:62: Could not connect to the 'pipe:qemud:wififorward' service: Invalid argument
06-10 15:44:01.955   496   496 E wifi_forwarder: RemoteConnection failed to initialize: RemoteConnection failed to open pipe
06-10 15:44:02.133 16103 16104 I cmd     : oneway function results will be dropped but finished with status OK and parcel size 4
06-10 15:44:02.474 16119 16120 I cmd     : oneway function results will be dropped but finished with status OK and parcel size 4
06-10 15:44:02.602   483   483 E netmgr  : qemu_pipe_open_ns:62: Could not connect to the 'pipe:qemud:network' service: Invalid argument
06-10 15:44:02.602   483   483 E netmgr  : Failed to open QEMU pipe 'qemud:network': Invalid argument
06-10 15:44:02.900 16133 16133 E libc    : Access denied finding property "persist.device_config.runtime_native_boot.profilebootclasspath"
06-10 15:44:02.901 16133 16133 E libc    : Access denied finding property "persist.device_config.runtime_native_boot.enable_apex_image"
06-10 15:44:02.901 16133 16133 I AndroidRuntime: Using default boot image
06-10 15:44:02.901 16133 16133 E libc    : Access denied finding property "persist.device_config.runtime_native_boot.disable_lock_profiling"
06-10 15:44:02.901 16133 16133 I AndroidRuntime: Leaving lock profiling enabled
06-10 15:44:02.902 16133 16133 E libc    : Access denied finding property "persist.device_config.runtime_native_boot.enable_generational_cc"
06-10 15:44:02.894 16133 16133 W app_process: type=1400 audit(0.0:385): avc: denied { read } for name="u:object_r:device_config_runtime_native_boot_prop:s0" dev="tmpfs" ino=8372 scontext=u:r:shell:s0 tcontext=u:object_r:device_config_runtime_native_boot_prop:s0 tclass=file permissive=0
06-10 15:44:02.898 16133 16133 W app_process: type=1400 audit(0.0:388): avc: denied { read } for name="u:object_r:device_config_runtime_native_boot_prop:s0" dev="tmpfs" ino=8372 scontext=u:r:shell:s0 tcontext=u:object_r:device_config_runtime_native_boot_prop:s0 tclass=file permissive=0
06-10 15:44:02.999 16133 16133 W app_process: Unexpected CPU variant for X86 using defaults: x86
06-10 15:44:03.000 16133 16133 I app_process: The ClassLoaderContext is a special shared library.
06-10 15:44:03.015 16133 16133 W app_process: JNI RegisterNativeMethods: attempt to register 0 native methods for android.media.AudioAttributes
06-10 15:44:03.243   570  2806 I system_server: oneway function results will be dropped but finished with status OK and parcel size 4
06-10 15:44:03.244   570  2806 I system_server: oneway function results will be dropped but finished with status OK and parcel size 4
06-10 15:44:03.394   570  1617 I system_server: oneway function results will be dropped but finished with status OK and parcel size 4
06-10 15:44:04.225   570   608 W BroadcastQueue: Background execution not allowed: receiving Intent { act=android.net.conn.NETWORK_CONDITIONS_MEASURED flg=0x10 (has extras) } to com.google.android.gms/.chimera.GmsIntentOperationService$PersistentTrustedReceiver
06-10 15:44:06.347   570  1617 I system_server: oneway function results will be dropped but finished with status OK and parcel size 4
06-10 15:44:07.149 16201 16203 I cmd     : oneway function results will be dropped but finished with status OK and parcel size 4
06-10 15:44:07.627   570   581 W System  : A resource failed to call release. 
06-10 15:44:07.627   570   581 I chatty  : uid=1000(system) FinalizerDaemon identical 1 line
06-10 15:44:07.627   570   581 W System  : A resource failed to call release. 
06-10 15:44:07.778 16228 16230 I cmd     : oneway function results will be dropped but finished with status OK and parcel size 4
06-10 15:44:08.299 16267 16269 I cmd     : oneway function results will be dropped but finished with status OK and parcel size 4
06-10 15:44:08.557 16282 16284 I cmd     : oneway function results will be dropped but finished with status OK and parcel size 4
06-10 15:44:08.779 16297 16299 I cmd     : oneway function results will be dropped but finished with status OK and parcel size 4
06-10 15:44:09.529 16327 16327 E libc    : Access denied finding property "persist.device_config.runtime_native_boot.profilebootclasspath"
06-10 15:44:09.529 16327 16327 E libc    : Access denied finding property "persist.device_config.runtime_native_boot.enable_apex_image"
06-10 15:44:09.529 16327 16327 I AndroidRuntime: Using default boot image
06-10 15:44:09.529 16327 16327 E libc    : Access denied finding property "persist.device_config.runtime_native_boot.disable_lock_profiling"
06-10 15:44:09.529 16327 16327 I AndroidRuntime: Leaving lock profiling enabled
06-10 15:44:09.530 16327 16327 E libc    : Access denied finding property "persist.device_config.runtime_native_boot.enable_generational_cc"
06-10 15:44:09.532 16327 16327 W app_process: Could not reserve sentinel fault page
06-10 15:44:09.526 16327 16327 W app_process: type=1400 audit(0.0:389): avc: denied { read } for name="u:object_r:device_config_runtime_native_boot_prop:s0" dev="tmpfs" ino=8372 scontext=u:r:shell:s0 tcontext=u:object_r:device_config_runtime_native_boot_prop:s0 tclass=file permissive=0
06-10 15:44:09.582 16327 16327 W app_process: Unexpected CPU variant for X86 using defaults: x86
06-10 15:44:09.583 16327 16327 I app_process: The ClassLoaderContext is a special shared library.
06-10 15:44:09.592 16327 16327 W app_process: JNI RegisterNativeMethods: attempt to register 0 native methods for android.media.AudioAttributes
06-10 15:44:09.832 12548 12548 W cr_AwContents: Application attempted to call on a destroyed WebView
06-10 15:44:09.832 12548 12548 W cr_AwContents: java.lang.Throwable
06-10 15:44:09.832 12548 12548 W cr_AwContents: 	at org.chromium.android_webview.AwContents.t(chromium-TrichromeWebViewGoogle.apk-stable-410410681:2)
06-10 15:44:09.832 12548 12548 W cr_AwContents: 	at Mt.loadingStateChanged(chromium-TrichromeWebViewGoogle.apk-stable-410410681:2)
06-10 15:44:09.832 12548 12548 W cr_AwContents: 	at android.os.MessageQueue.nativePollOnce(Native Method)
06-10 15:44:09.832 12548 12548 W cr_AwContents: 	at android.os.MessageQueue.next(MessageQueue.java:335)
06-10 15:44:09.832 12548 12548 W cr_AwContents: 	at android.os.Looper.loop(Looper.java:183)
06-10 15:44:09.832 12548 12548 W cr_AwContents: 	at android.app.ActivityThread.main(ActivityThread.java:7656)
06-10 15:44:09.832 12548 12548 W cr_AwContents: 	at java.lang.reflect.Method.invoke(Native Method)
06-10 15:44:09.832 12548 12548 W cr_AwContents: 	at com.android.internal.os.RuntimeInit$MethodAndArgsCaller.run(RuntimeInit.java:592)
06-10 15:44:09.832 12548 12548 W cr_AwContents: 	at com.android.internal.os.ZygoteInit.main(ZygoteInit.java:947)
06-10 15:44:09.836   570  2806 I system_server: oneway function results will be dropped but finished with status OK and parcel size 4
06-10 15:44:09.836   570  2806 I system_server: oneway function results will be dropped but finished with status OK and parcel size 4
06-10 15:44:09.838   570  1568 I system_server: oneway function results will be dropped but finished with status OK and parcel size 4
06-10 15:44:09.842 12548 12548 E chromium: [ERROR:aw_browser_terminator.cc(125)] Renderer process (15724) crash detected (code -1).
06-10 15:44:09.859   570  1568 I ActivityManager: Killing 15724:com.google.android.webview:sandboxed_process0:org.chromium.content.app.SandboxedProcessService0:5/u0a154i6 (adj 0): isolated not needed
06-10 15:44:09.863   570   610 I libprocessgroup: Successfully killed process cgroup uid 99006 pid 15724 in 0ms
06-10 15:44:09.880   851   851 I Zygote  : Process 15724 exited cleanly (0)
06-10 15:44:09.968   570  1617 I system_server: oneway function results will be dropped but finished with status OK and parcel size 4
06-10 15:44:10.358   570  1617 W InputReader: Device virtio_input_multi_touch_9 is associated with display ADISPLAY_ID_NONE.
06-10 15:44:10.358   570  1617 W InputReader: Device virtio_input_multi_touch_7 is associated with display ADISPLAY_ID_NONE.
06-10 15:44:10.358   570  1617 W InputReader: Device virtio_input_multi_touch_10 is associated with display ADISPLAY_ID_NONE.
06-10 15:44:10.358   570  1617 W InputReader: Device virtio_input_multi_touch_6 is associated with display ADISPLAY_ID_NONE.
06-10 15:44:10.358   570  1617 W InputReader: Device virtio_input_multi_touch_4 is associated with display ADISPLAY_ID_NONE.
06-10 15:44:10.358   570  1617 W InputReader: Device virtio_input_multi_touch_3 is associated with display ADISPLAY_ID_NONE.
06-10 15:44:10.358   570  1617 W InputReader: Device virtio_input_multi_touch_11 is associated with display ADISPLAY_ID_NONE.
06-10 15:44:10.358   570  1617 W InputReader: Device virtio_input_multi_touch_8 is associated with display ADISPLAY_ID_NONE.
06-10 15:44:10.358   570  1617 W InputReader: Device virtio_input_multi_touch_5 is associated with display ADISPLAY_ID_NONE.
06-10 15:44:10.358   570  1617 W InputReader: Device virtio_input_multi_touch_2 is associated with display ADISPLAY_ID_NONE.
06-10 15:44:10.359   570  1617 W InputReader: Device virtio_input_multi_touch_9 is associated with display ADISPLAY_ID_NONE.
06-10 15:44:10.359   570  1617 W InputReader: Device virtio_input_multi_touch_7 is associated with display ADISPLAY_ID_NONE.
06-10 15:44:10.359   570  1617 W InputReader: Device virtio_input_multi_touch_10 is associated with display ADISPLAY_ID_NONE.
06-10 15:44:10.359   570  1617 W InputReader: Device virtio_input_multi_touch_6 is associated with display ADISPLAY_ID_NONE.
06-10 15:44:10.359   570  1617 W InputReader: Device virtio_input_multi_touch_4 is associated with display ADISPLAY_ID_NONE.
06-10 15:44:10.359   570  1617 W InputReader: Device virtio_input_multi_touch_3 is associated with display ADISPLAY_ID_NONE.
06-10 15:44:10.359   570  1617 W InputReader: Device virtio_input_multi_touch_11 is associated with display ADISPLAY_ID_NONE.
06-10 15:44:10.359   570  1617 W InputReader: Device virtio_input_multi_touch_8 is associated with display ADISPLAY_ID_NONE.
06-10 15:44:10.359   570  1617 W InputReader: Device virtio_input_multi_touch_5 is associated with display ADISPLAY_ID_NONE.
06-10 15:44:10.359   570  1617 W InputReader: Device virtio_input_multi_touch_2 is associated with display ADISPLAY_ID_NONE.
06-10 15:44:10.385 12548 12616 W SQLiteLog: (28) double-quoted string literal: "
06-10 15:44:10.385 12548 12616 W SQLiteLog: (28) double-quoted string literal: "8C151DE70E16F17C579B6BEEFA829734"
06-10 15:44:10.428 12548 12616 W SQLiteLog: (28) double-quoted string literal: "8C151DE70E16F17C579B6BEEFA829734"
06-10 15:44:10.428 12548 12616 W SQLiteLog: (28) double-quoted string literal: ""
06-10 15:44:10.428 12548 12616 W SQLiteLog: (28) double-quoted string literal: "8C151DE70E16F17C579B6BEEFA829734"
06-10 15:44:10.428 12548 12616 W SQLiteLog: (28) double-quoted string literal: "-1"
06-10 15:44:10.908 16377 16379 I cmd     : oneway function results will be dropped but finished with status OK and parcel size 4
06-10 15:44:12.923   570  1220 I system_server: oneway function results will be dropped but finished with status OK and parcel size 4
06-10 15:44:14.392 16427 16428 I cmd     : oneway function results will be dropped but finished with status OK and parcel size 4
06-10 15:44:14.446  3235 15878 W GAv4-SVC: Network compressed POST connection error: java.net.UnknownHostException: Unable to resolve host "ssl.google-analytics.com": No address associated with hostname
06-10 15:44:14.519  1298 15882 E WakeLock: GCM_HB_ALARM release without a matched acquire!
06-10 15:44:14.520  1298 15882 W WakeLock: GCM_HB_ALARM counter does not exist
06-10 15:44:14.527  1298 15882 W WakeLock: GCM_CONN_ALARM counter does not exist
06-10 15:44:14.859  3235  3235 E ActivityThread: Service com.google.android.gms.chimera.GmsBoundBrokerService has leaked IntentReceiver com.google.android.gms.mdm.receivers.WifiStateChangedReceiver@112847c that was originally registered here. Are you missing a call to unregisterReceiver()?
06-10 15:44:14.859  3235  3235 E ActivityThread: android.app.IntentReceiverLeaked: Service com.google.android.gms.chimera.GmsBoundBrokerService has leaked IntentReceiver com.google.android.gms.mdm.receivers.WifiStateChangedReceiver@112847c that was originally registered here. Are you missing a call to unregisterReceiver()?
06-10 15:44:14.859  3235  3235 E ActivityThread: 	at android.app.LoadedApk$ReceiverDispatcher.<init>(LoadedApk.java:1594)
06-10 15:44:14.859  3235  3235 E ActivityThread: 	at android.app.LoadedApk.getReceiverDispatcher(LoadedApk.java:1374)
06-10 15:44:14.859  3235  3235 E ActivityThread: 	at android.app.ContextImpl.registerReceiverInternal(ContextImpl.java:1614)
06-10 15:44:14.859  3235  3235 E ActivityThread: 	at android.app.ContextImpl.registerReceiver(ContextImpl.java:1580)
06-10 15:44:14.859  3235  3235 E ActivityThread: 	at android.content.ContextWrapper.registerReceiver(ContextWrapper.java:681)
06-10 15:44:14.859  3235  3235 E ActivityThread: 	at android.content.ContextWrapper.registerReceiver(ContextWrapper.java:681)
06-10 15:44:14.859  3235  3235 E ActivityThread: 	at android.content.ContextWrapper.registerReceiver(ContextWrapper.java:681)
06-10 15:44:14.859  3235  3235 E ActivityThread: 	at android.content.ContextWrapper.registerReceiver(ContextWrapper.java:681)
06-10 15:44:14.859  3235  3235 E ActivityThread: 	at android.content.ContextWrapper.registerReceiver(ContextWrapper.java:681)
06-10 15:44:14.859  3235  3235 E ActivityThread: 	at android.content.ContextWrapper.registerReceiver(ContextWrapper.java:681)
06-10 15:44:14.859  3235  3235 E ActivityThread: 	at android.content.ContextWrapper.registerReceiver(ContextWrapper.java:681)
06-10 15:44:14.859  3235  3235 E ActivityThread: 	at android.content.ContextWrapper.registerReceiver(ContextWrapper.java:681)
06-10 15:44:14.859  3235  3235 E ActivityThread: 	at aqax.a(:com.google.android.gms@201817022@20.18.17 (040700-311416286):2)
06-10 15:44:14.859  3235  3235 E ActivityThread: 	at aqbp.a(:com.google.android.gms@201817022@20.18.17 (040700-311416286):13)
06-10 15:44:14.859  3235  3235 E ActivityThread: 	at zus.run(:com.google.android.gms@201817022@20.18.17 (040700-311416286):10)
06-10 15:44:14.859  3235  3235 E ActivityThread: 	at blot.run(:com.google.android.gms@201817022@20.18.17 (040700-311416286):2)
06-10 15:44:14.859  3235  3235 E ActivityThread: 	at sji.b(:com.google.android.gms@201817022@20.18.17 (040700-311416286):12)
06-10 15:44:14.859  3235  3235 E ActivityThread: 	at sji.run(:com.google.android.gms@201817022@20.18.17 (040700-311416286):7)
06-10 15:44:14.859  3235  3235 E ActivityThread: 	at java.util.concurrent.ThreadPoolExecutor.runWorker(ThreadPoolExecutor.java:1167)
06-10 15:44:14.859  3235  3235 E ActivityThread: 	at java.util.concurrent.ThreadPoolExecutor$Worker.run(ThreadPoolExecutor.java:641)
06-10 15:44:14.859  3235  3235 E ActivityThread: 	at spj.run(:com.google.android.gms@201817022@20.18.17 (040700-311416286):0)
06-10 15:44:14.859  3235  3235 E ActivityThread: 	at java.lang.Thread.run(Thread.java:923)
06-10 15:44:15.111 16457 16459 I cmd     : oneway function results will be dropped but finished with status OK and parcel size 4
06-10 15:44:15.678 16484 16486 I cmd     : oneway function results will be dropped but finished with status OK and parcel size 4
06-10 15:44:15.917 16501 16503 I cmd     : oneway function results will be dropped but finished with status OK and parcel size 4
06-10 15:44:16.184 16516 16518 I cmd     : oneway function results will be dropped but finished with status OK and parcel size 4
06-10 15:44:16.522 16531 16533 I cmd     : oneway function results will be dropped but finished with status OK and parcel size 4
06-10 15:44:16.904 16545 16545 E libc    : Access denied finding property "persist.device_config.runtime_native_boot.profilebootclasspath"
06-10 15:44:16.905 16545 16545 E libc    : Access denied finding property "persist.device_config.runtime_native_boot.enable_apex_image"
06-10 15:44:16.905 16545 16545 I AndroidRuntime: Using default boot image
06-10 15:44:16.905 16545 16545 E libc    : Access denied finding property "persist.device_config.runtime_native_boot.disable_lock_profiling"
06-10 15:44:16.905 16545 16545 I AndroidRuntime: Leaving lock profiling enabled
06-10 15:44:16.906 16545 16545 E libc    : Access denied finding property "persist.device_config.runtime_native_boot.enable_generational_cc"
06-10 15:44:16.902 16545 16545 W app_process: type=1400 audit(0.0:393): avc: denied { read } for name="u:object_r:device_config_runtime_native_boot_prop:s0" dev="tmpfs" ino=8372 scontext=u:r:shell:s0 tcontext=u:object_r:device_config_runtime_native_boot_prop:s0 tclass=file permissive=0
06-10 15:44:16.943 16545 16545 W app_process: Unexpected CPU variant for X86 using defaults: x86
06-10 15:44:16.944 16545 16545 I app_process: The ClassLoaderContext is a special shared library.
06-10 15:44:16.952 16545 16545 W app_process: JNI RegisterNativeMethods: attempt to register 0 native methods for android.media.AudioAttributes
06-10 15:44:17.165   570  1220 I ActivityTaskManager: START u0 {cmp=com.plan.kot32.tomatotime/.activity.WebViewActivity (has extras)} from uid 10154
06-10 15:44:17.167   411   411 I perfetto: ing_service_impl.cc:758 Configured tracing session 15, #sources:1, duration:5000 ms, #buffers:1, total buffer size:4096 KB, total sessions:1, uid:1071 session name: ""
06-10 15:44:17.167   402   402 I perfetto: probes_producer.cc:230  Ftrace setup (target_buf=15)
06-10 15:44:17.167   570  1617 I system_server: oneway function results will be dropped but finished with status OK and parcel size 4
06-10 15:44:17.167   570  1617 I system_server: oneway function results will be dropped but finished with status OK and parcel size 4
06-10 15:44:17.174   570  2806 W ActivityTaskManager: Tried to set launchTime (0) < mLastActivityLaunchTime (6743320)
06-10 15:44:17.174   570  2806 W InputReader: Device virtio_input_multi_touch_9 is associated with display ADISPLAY_ID_NONE.
06-10 15:44:17.174   570  2806 W InputReader: Device virtio_input_multi_touch_7 is associated with display ADISPLAY_ID_NONE.
06-10 15:44:17.174   570  2806 W InputReader: Device virtio_input_multi_touch_10 is associated with display ADISPLAY_ID_NONE.
06-10 15:44:17.174   570  2806 W InputReader: Device virtio_input_multi_touch_6 is associated with display ADISPLAY_ID_NONE.
06-10 15:44:17.174   570  2806 W InputReader: Device virtio_input_multi_touch_4 is associated with display ADISPLAY_ID_NONE.
06-10 15:44:17.174   570  2806 W InputReader: Device virtio_input_multi_touch_3 is associated with display ADISPLAY_ID_NONE.
06-10 15:44:17.174   570  2806 W InputReader: Device virtio_input_multi_touch_11 is associated with display ADISPLAY_ID_NONE.
06-10 15:44:17.174   570  2806 W InputReader: Device virtio_input_multi_touch_8 is associated with display ADISPLAY_ID_NONE.
06-10 15:44:17.174   570  2806 W InputReader: Device virtio_input_multi_touch_5 is associated with display ADISPLAY_ID_NONE.
06-10 15:44:17.174   570  2806 W InputReader: Device virtio_input_multi_touch_2 is associated with display ADISPLAY_ID_NONE.
06-10 15:44:17.174   570  2806 W InputReader: Device virtio_input_multi_touch_9 is associated with display ADISPLAY_ID_NONE.
06-10 15:44:17.174   570  2806 W InputReader: Device virtio_input_multi_touch_7 is associated with display ADISPLAY_ID_NONE.
06-10 15:44:17.174   570  2806 W InputReader: Device virtio_input_multi_touch_10 is associated with display ADISPLAY_ID_NONE.
06-10 15:44:17.174   570  2806 W InputReader: Device virtio_input_multi_touch_6 is associated with display ADISPLAY_ID_NONE.
06-10 15:44:17.174   570  2806 W InputReader: Device virtio_input_multi_touch_4 is associated with display ADISPLAY_ID_NONE.
06-10 15:44:17.174   570  2806 W InputReader: Device virtio_input_multi_touch_3 is associated with display ADISPLAY_ID_NONE.
06-10 15:44:17.174   570  2806 W InputReader: Device virtio_input_multi_touch_11 is associated with display ADISPLAY_ID_NONE.
06-10 15:44:17.174   570  2806 W InputReader: Device virtio_input_multi_touch_8 is associated with display ADISPLAY_ID_NONE.
06-10 15:44:17.174   570  2806 W InputReader: Device virtio_input_multi_touch_5 is associated with display ADISPLAY_ID_NONE.
06-10 15:44:17.174   570  2806 W InputReader: Device virtio_input_multi_touch_2 is associated with display ADISPLAY_ID_NONE.
06-10 15:44:17.183 12548 12616 W SQLiteLog: (28) double-quoted string literal: "
06-10 15:44:17.183 12548 12616 W SQLiteLog: (28) double-quoted string literal: "8C151DE70E16F17C579B6BEEFA829734"
06-10 15:44:17.215   402   402 I perfetto: ftrace_procfs.cc:176    enabled ftrace
06-10 15:44:17.233 12548 12616 W SQLiteLog: (28) double-quoted string literal: "8C151DE70E16F17C579B6BEEFA829734"
06-10 15:44:17.233 12548 12616 W SQLiteLog: (28) double-quoted string literal: ""
06-10 15:44:17.233 12548 12616 W SQLiteLog: (28) double-quoted string literal: "8C151DE70E16F17C579B6BEEFA829734"
06-10 15:44:17.233 12548 12616 W SQLiteLog: (28) double-quoted string literal: "-1"
06-10 15:44:17.303   570  1220 I system_server: oneway function results will be dropped but finished with status OK and parcel size 4
06-10 15:44:17.309   570   607 I ActivityTaskManager: Displayed com.plan.kot32.tomatotime/.activity.WebViewActivity: +143ms
06-10 15:44:17.359 16572 16572 W ocessService0:: Unexpected CPU variant for X86 using defaults: x86
06-10 15:44:17.367   570   609 I ActivityManager: Start proc 16572:com.google.android.webview:sandboxed_process0:org.chromium.content.app.SandboxedProcessService0:6/u0i7 for  {com.plan.kot32.tomatotime/org.chromium.content.app.SandboxedProcessService0:6}
06-10 15:44:17.376 16572 16572 E ocessService0:: Not starting debugger since process cannot load the jdwp agent.
06-10 15:44:17.425 16572 16572 I cr_ChildProcessService: Creating new ChildProcessService pid=16572
06-10 15:44:17.467 16572 16591 I cr_LibraryLoader: Loaded native library version number "83.0.4103.106"
06-10 15:44:17.467 16572 16591 I cr_CachingUmaRecorder: Flushed 1 samples from 1 histograms.
06-10 15:44:17.487 16595 16602 I cmd     : oneway function results will be dropped but finished with status OK and parcel size 4
06-10 15:44:17.941   570   581 W System  : A resource failed to call release. 
06-10 15:44:17.941   570   581 W System  : A resource failed to call release. 
06-10 15:44:18.042   290 12125 W resolv  : SSL_connect write error 0, mark 0xf0069: Try again
06-10 15:44:18.043   290 12125 W resolv  : Validation failed
06-10 15:44:18.247   908   908 E DnsResolver: resNetworkResult:android.system.ErrnoException: resNetworkResult failed: ETIMEDOUT (Connection timed out)
06-10 15:44:18.250   908   908 I chatty  : uid=1073(network_stack) com.android.networkstack.process identical 1 line
06-10 15:44:18.250   908   908 E DnsResolver: resNetworkResult:android.system.ErrnoException: resNetworkResult failed: ETIMEDOUT (Connection timed out)
06-10 15:44:18.251   908   908 E DnsResolver: resNetworkResult:android.system.ErrnoException: resNetworkResult failed: ETIMEDOUT (Connection timed out)
06-10 15:44:20.268   570  1617 I system_server: oneway function results will be dropped but finished with status OK and parcel size 4
06-10 15:44:21.109 16663 16665 I cmd     : oneway function results will be dropped but finished with status OK and parcel size 4
06-10 15:44:21.766 16692 16694 I cmd     : oneway function results will be dropped but finished with status OK and parcel size 4
06-10 15:44:22.173   402   402 I perfetto: probes_producer.cc:329  Producer stop (id=15)
06-10 15:44:22.175   402   402 I perfetto: ftrace_procfs.cc:183    disabled ftrace
06-10 15:44:22.176   411   411 I perfetto: ng_service_impl.cc:1948 Tracing session 15 ended, total sessions:0
06-10 15:44:22.403 16721 16722 I cmd     : oneway function results will be dropped but finished with status OK and parcel size 4
06-10 15:44:23.080 16751 16753 I cmd     : oneway function results will be dropped but finished with status OK and parcel size 4
06-10 15:44:23.995 16781 16781 E libc    : Access denied finding property "persist.device_config.runtime_native_boot.profilebootclasspath"
06-10 15:44:23.996 16781 16781 E libc    : Access denied finding property "persist.device_config.runtime_native_boot.enable_apex_image"
06-10 15:44:23.996 16781 16781 I AndroidRuntime: Using default boot image
06-10 15:44:23.996 16781 16781 E libc    : Access denied finding property "persist.device_config.runtime_native_boot.disable_lock_profiling"
06-10 15:44:23.996 16781 16781 I AndroidRuntime: Leaving lock profiling enabled
06-10 15:44:23.996 16781 16781 E libc    : Access denied finding property "persist.device_config.runtime_native_boot.enable_generational_cc"
06-10 15:44:23.990 16781 16781 W app_process: type=1400 audit(0.0:397): avc: denied { read } for name="u:object_r:device_config_runtime_native_boot_prop:s0" dev="tmpfs" ino=8372 scontext=u:r:shell:s0 tcontext=u:object_r:device_config_runtime_native_boot_prop:s0 tclass=file permissive=0
06-10 15:44:24.076 16781 16781 W app_process: Unexpected CPU variant for X86 using defaults: x86
06-10 15:44:24.077 16781 16781 I app_process: The ClassLoaderContext is a special shared library.
06-10 15:44:24.085 16781 16781 W app_process: JNI RegisterNativeMethods: attempt to register 0 native methods for android.media.AudioAttributes
06-10 15:44:28.910   570   581 W System  : A resource failed to call release. 
06-10 15:44:28.910   570   581 I chatty  : uid=1000(system) FinalizerDaemon identical 2 lines
06-10 15:44:28.910   570   581 W System  : A resource failed to call release. 
06-10 15:44:29.845 16918 16920 I cmd     : oneway function results will be dropped but finished with status OK and parcel size 4
06-10 15:44:30.119 16933 16935 I cmd     : oneway function results will be dropped but finished with status OK and parcel size 4
06-10 15:44:30.450 16950 16952 I cmd     : oneway function results will be dropped but finished with status OK and parcel size 4
06-10 15:44:31.166 16977 16977 E libc    : Access denied finding property "persist.device_config.runtime_native_boot.profilebootclasspath"
06-10 15:44:31.166 16977 16977 E libc    : Access denied finding property "persist.device_config.runtime_native_boot.enable_apex_image"
06-10 15:44:31.166 16977 16977 I AndroidRuntime: Using default boot image
06-10 15:44:31.166 16977 16977 E libc    : Access denied finding property "persist.device_config.runtime_native_boot.disable_lock_profiling"
06-10 15:44:31.166 16977 16977 I AndroidRuntime: Leaving lock profiling enabled
06-10 15:44:31.166 16977 16977 E libc    : Access denied finding property "persist.device_config.runtime_native_boot.enable_generational_cc"
06-10 15:44:31.158 16977 16977 W app_process: type=1400 audit(0.0:401): avc: denied { read } for name="u:object_r:device_config_runtime_native_boot_prop:s0" dev="tmpfs" ino=8372 scontext=u:r:shell:s0 tcontext=u:object_r:device_config_runtime_native_boot_prop:s0 tclass=file permissive=0
06-10 15:44:31.166 16977 16977 I chatty  : uid=2000(shell) main identical 2 lines
06-10 15:44:31.166 16977 16977 W app_process: type=1400 audit(0.0:404): avc: denied { read } for name="u:object_r:device_config_runtime_native_boot_prop:s0" dev="tmpfs" ino=8372 scontext=u:r:shell:s0 tcontext=u:object_r:device_config_runtime_native_boot_prop:s0 tclass=file permissive=0
06-10 15:44:31.210 16977 16977 W app_process: Unexpected CPU variant for X86 using defaults: x86
06-10 15:44:31.212 16977 16977 I app_process: The ClassLoaderContext is a special shared library.
06-10 15:44:31.219 16977 16977 W app_process: JNI RegisterNativeMethods: attempt to register 0 native methods for android.media.AudioAttributes
06-10 15:44:31.444   570  2807 I system_server: oneway function results will be dropped but finished with status OK and parcel size 4
06-10 15:44:31.445   570  2807 I system_server: oneway function results will be dropped but finished with status OK and parcel size 4
06-10 15:44:31.582   570  1568 I system_server: oneway function results will be dropped but finished with status OK and parcel size 4
06-10 15:44:31.652 17004 17007 I cmd     : oneway function results will be dropped but finished with status OK and parcel size 4
06-10 15:44:34.538   570  2807 I system_server: oneway function results will be dropped but finished with status OK and parcel size 4
06-10 15:44:35.392 17042 17044 I cmd     : oneway function results will be dropped but finished with status OK and parcel size 4
06-10 15:44:35.777 17063 17065 I cmd     : oneway function results will be dropped but finished with status OK and parcel size 4
06-10 15:44:36.187 17087 17089 I cmd     : oneway function results will be dropped but finished with status OK and parcel size 4
06-10 15:44:36.938 17116 17118 I cmd     : oneway function results will be dropped but finished with status OK and parcel size 4
06-10 15:44:37.276 17131 17133 I cmd     : oneway function results will be dropped but finished with status OK and parcel size 4
06-10 15:44:37.638 17146 17147 I cmd     : oneway function results will be dropped but finished with status OK and parcel size 4
06-10 15:44:37.995 17167 17169 I cmd     : oneway function results will be dropped but finished with status OK and parcel size 4
06-10 15:44:38.293   570   608 W BroadcastQueue: Background execution not allowed: receiving Intent { act=android.net.conn.NETWORK_CONDITIONS_MEASURED flg=0x10 (has extras) } to com.google.android.gms/.chimera.GmsIntentOperationService$PersistentTrustedReceiver
06-10 15:44:38.361 17181 17181 E libc    : Access denied finding property "persist.device_config.runtime_native_boot.profilebootclasspath"
06-10 15:44:38.361 17181 17181 E libc    : Access denied finding property "persist.device_config.runtime_native_boot.enable_apex_image"
06-10 15:44:38.361 17181 17181 I AndroidRuntime: Using default boot image
06-10 15:44:38.361 17181 17181 E libc    : Access denied finding property "persist.device_config.runtime_native_boot.disable_lock_profiling"
06-10 15:44:38.361 17181 17181 I AndroidRuntime: Leaving lock profiling enabled
06-10 15:44:38.361 17181 17181 E libc    : Access denied finding property "persist.device_config.runtime_native_boot.enable_generational_cc"
06-10 15:44:38.354 17181 17181 W app_process: type=1400 audit(0.0:405): avc: denied { read } for name="u:object_r:device_config_runtime_native_boot_prop:s0" dev="tmpfs" ino=8372 scontext=u:r:shell:s0 tcontext=u:object_r:device_config_runtime_native_boot_prop:s0 tclass=file permissive=0
06-10 15:44:38.358 17181 17181 I chatty  : uid=2000(shell) main identical 2 lines
06-10 15:44:38.358 17181 17181 W app_process: type=1400 audit(0.0:408): avc: denied { read } for name="u:object_r:device_config_runtime_native_boot_prop:s0" dev="tmpfs" ino=8372 scontext=u:r:shell:s0 tcontext=u:object_r:device_config_runtime_native_boot_prop:s0 tclass=file permissive=0
06-10 15:44:38.402 17181 17181 W app_process: Unexpected CPU variant for X86 using defaults: x86
06-10 15:44:38.403 17181 17181 I app_process: The ClassLoaderContext is a special shared library.
06-10 15:44:38.412 17181 17181 W app_process: JNI RegisterNativeMethods: attempt to register 0 native methods for android.media.AudioAttributes
06-10 15:44:38.651 12548 12548 W cr_AwContents: Application attempted to call on a destroyed WebView
06-10 15:44:38.651 12548 12548 W cr_AwContents: java.lang.Throwable
06-10 15:44:38.651 12548 12548 W cr_AwContents: 	at org.chromium.android_webview.AwContents.t(chromium-TrichromeWebViewGoogle.apk-stable-410410681:2)
06-10 15:44:38.651 12548 12548 W cr_AwContents: 	at Mt.loadingStateChanged(chromium-TrichromeWebViewGoogle.apk-stable-410410681:2)
06-10 15:44:38.651 12548 12548 W cr_AwContents: 	at android.os.MessageQueue.nativePollOnce(Native Method)
06-10 15:44:38.651 12548 12548 W cr_AwContents: 	at android.os.MessageQueue.next(MessageQueue.java:335)
06-10 15:44:38.651 12548 12548 W cr_AwContents: 	at android.os.Looper.loop(Looper.java:183)
06-10 15:44:38.651 12548 12548 W cr_AwContents: 	at android.app.ActivityThread.main(ActivityThread.java:7656)
06-10 15:44:38.651 12548 12548 W cr_AwContents: 	at java.lang.reflect.Method.invoke(Native Method)
06-10 15:44:38.651 12548 12548 W cr_AwContents: 	at com.android.internal.os.RuntimeInit$MethodAndArgsCaller.run(RuntimeInit.java:592)
06-10 15:44:38.651 12548 12548 W cr_AwContents: 	at com.android.internal.os.ZygoteInit.main(ZygoteInit.java:947)
06-10 15:44:38.658 12548 12548 E chromium: [ERROR:aw_browser_terminator.cc(125)] Renderer process (16572) crash detected (code -1).
06-10 15:44:38.659   570  2807 I system_server: oneway function results will be dropped but finished with status OK and parcel size 4
06-10 15:44:38.659   570  2807 I system_server: oneway function results will be dropped but finished with status OK and parcel size 4
06-10 15:44:38.659   570  1141 I system_server: oneway function results will be dropped but finished with status OK and parcel size 4
06-10 15:44:38.666   570  1814 I ActivityManager: Killing 16572:com.google.android.webview:sandboxed_process0:org.chromium.content.app.SandboxedProcessService0:6/u0a154i7 (adj 0): isolated not needed
06-10 15:44:38.669   570   610 I libprocessgroup: Successfully killed process cgroup uid 99007 pid 16572 in 0ms
06-10 15:44:38.692   851   851 I Zygote  : Process 16572 exited cleanly (0)
06-10 15:44:38.795   570  1814 I system_server: oneway function results will be dropped but finished with status OK and parcel size 4
06-10 15:44:39.229   570  1814 W InputReader: Device virtio_input_multi_touch_9 is associated with display ADISPLAY_ID_NONE.
06-10 15:44:39.229   570  1814 W InputReader: Device virtio_input_multi_touch_7 is associated with display ADISPLAY_ID_NONE.
06-10 15:44:39.229   570  1814 W InputReader: Device virtio_input_multi_touch_10 is associated with display ADISPLAY_ID_NONE.
06-10 15:44:39.229   570  1814 W InputReader: Device virtio_input_multi_touch_6 is associated with display ADISPLAY_ID_NONE.
06-10 15:44:39.229   570  1814 W InputReader: Device virtio_input_multi_touch_4 is associated with display ADISPLAY_ID_NONE.
06-10 15:44:39.229   570  1814 W InputReader: Device virtio_input_multi_touch_3 is associated with display ADISPLAY_ID_NONE.
06-10 15:44:39.229   570  1814 W InputReader: Device virtio_input_multi_touch_11 is associated with display ADISPLAY_ID_NONE.
06-10 15:44:39.229   570  1814 W InputReader: Device virtio_input_multi_touch_8 is associated with display ADISPLAY_ID_NONE.
06-10 15:44:39.229   570  1814 W InputReader: Device virtio_input_multi_touch_5 is associated with display ADISPLAY_ID_NONE.
06-10 15:44:39.229   570  1814 W InputReader: Device virtio_input_multi_touch_2 is associated with display ADISPLAY_ID_NONE.
06-10 15:44:39.229   570  1814 W InputReader: Device virtio_input_multi_touch_9 is associated with display ADISPLAY_ID_NONE.
06-10 15:44:39.229   570  1814 W InputReader: Device virtio_input_multi_touch_7 is associated with display ADISPLAY_ID_NONE.
06-10 15:44:39.229   570  1814 W InputReader: Device virtio_input_multi_touch_10 is associated with display ADISPLAY_ID_NONE.
06-10 15:44:39.229   570  1814 W InputReader: Device virtio_input_multi_touch_6 is associated with display ADISPLAY_ID_NONE.
06-10 15:44:39.229   570  1814 W InputReader: Device virtio_input_multi_touch_4 is associated with display ADISPLAY_ID_NONE.
06-10 15:44:39.229   570  1814 W InputReader: Device virtio_input_multi_touch_3 is associated with display ADISPLAY_ID_NONE.
06-10 15:44:39.229   570  1814 W InputReader: Device virtio_input_multi_touch_11 is associated with display ADISPLAY_ID_NONE.
06-10 15:44:39.229   570  1814 W InputReader: Device virtio_input_multi_touch_8 is associated with display ADISPLAY_ID_NONE.
06-10 15:44:39.229   570  1814 W InputReader: Device virtio_input_multi_touch_5 is associated with display ADISPLAY_ID_NONE.
06-10 15:44:39.229   570  1814 W InputReader: Device virtio_input_multi_touch_2 is associated with display ADISPLAY_ID_NONE.
06-10 15:44:39.247 12548 12616 W SQLiteLog: (28) double-quoted string literal: "
06-10 15:44:39.247 12548 12616 W SQLiteLog: (28) double-quoted string literal: "8C151DE70E16F17C579B6BEEFA829734"
06-10 15:44:39.315 12548 12616 W SQLiteLog: (28) double-quoted string literal: "8C151DE70E16F17C579B6BEEFA829734"
06-10 15:44:39.315 12548 12616 W SQLiteLog: (28) double-quoted string literal: ""
06-10 15:44:39.315 12548 12616 W SQLiteLog: (28) double-quoted string literal: "8C151DE70E16F17C579B6BEEFA829734"
06-10 15:44:39.315 12548 12616 W SQLiteLog: (28) double-quoted string literal: "-1"
06-10 15:44:39.747  1626  1656 I mit.droidbotap: Background young concurrent copying GC freed 20159(1387KB) AllocSpace objects, 47(1040KB) LOS objects, 37% free, 3155KB/5053KB, paused 5.025ms total 58.716ms
06-10 15:44:39.768 17226 17227 I cmd     : oneway function results will be dropped but finished with status OK and parcel size 4
06-10 15:44:41.126 17246 17248 I cmd     : oneway function results will be dropped but finished with status OK and parcel size 4
06-10 15:44:41.754   570  1814 I system_server: oneway function results will be dropped but finished with status OK and parcel size 4
06-10 15:44:42.569 17277 17279 I cmd     : oneway function results will be dropped but finished with status OK and parcel size 4
06-10 15:44:43.680  3235  3235 E ActivityThread: Service com.google.android.gms.chimera.GmsBoundBrokerService has leaked IntentReceiver com.google.android.gms.mdm.receivers.WifiStateChangedReceiver@112847c that was originally registered here. Are you missing a call to unregisterReceiver()?
06-10 15:44:43.680  3235  3235 E ActivityThread: android.app.IntentReceiverLeaked: Service com.google.android.gms.chimera.GmsBoundBrokerService has leaked IntentReceiver com.google.android.gms.mdm.receivers.WifiStateChangedReceiver@112847c that was originally registered here. Are you missing a call to unregisterReceiver()?
06-10 15:44:43.680  3235  3235 E ActivityThread: 	at android.app.LoadedApk$ReceiverDispatcher.<init>(LoadedApk.java:1594)
06-10 15:44:43.680  3235  3235 E ActivityThread: 	at android.app.LoadedApk.getReceiverDispatcher(LoadedApk.java:1374)
06-10 15:44:43.680  3235  3235 E ActivityThread: 	at android.app.ContextImpl.registerReceiverInternal(ContextImpl.java:1614)
06-10 15:44:43.680  3235  3235 E ActivityThread: 	at android.app.ContextImpl.registerReceiver(ContextImpl.java:1580)
06-10 15:44:43.680  3235  3235 E ActivityThread: 	at android.content.ContextWrapper.registerReceiver(ContextWrapper.java:681)
06-10 15:44:43.680  3235  3235 E ActivityThread: 	at android.content.ContextWrapper.registerReceiver(ContextWrapper.java:681)
06-10 15:44:43.680  3235  3235 E ActivityThread: 	at android.content.ContextWrapper.registerReceiver(ContextWrapper.java:681)
06-10 15:44:43.680  3235  3235 E ActivityThread: 	at android.content.ContextWrapper.registerReceiver(ContextWrapper.java:681)
06-10 15:44:43.680  3235  3235 E ActivityThread: 	at android.content.ContextWrapper.registerReceiver(ContextWrapper.java:681)
06-10 15:44:43.680  3235  3235 E ActivityThread: 	at android.content.ContextWrapper.registerReceiver(ContextWrapper.java:681)
06-10 15:44:43.680  3235  3235 E ActivityThread: 	at android.content.ContextWrapper.registerReceiver(ContextWrapper.java:681)
06-10 15:44:43.680  3235  3235 E ActivityThread: 	at android.content.ContextWrapper.registerReceiver(ContextWrapper.java:681)
06-10 15:44:43.680  3235  3235 E ActivityThread: 	at aqax.a(:com.google.android.gms@201817022@20.18.17 (040700-311416286):2)
06-10 15:44:43.680  3235  3235 E ActivityThread: 	at aqbp.a(:com.google.android.gms@201817022@20.18.17 (040700-311416286):13)
06-10 15:44:43.680  3235  3235 E ActivityThread: 	at zus.run(:com.google.android.gms@201817022@20.18.17 (040700-311416286):10)
06-10 15:44:43.680  3235  3235 E ActivityThread: 	at blot.run(:com.google.android.gms@201817022@20.18.17 (040700-311416286):2)
06-10 15:44:43.680  3235  3235 E ActivityThread: 	at sji.b(:com.google.android.gms@201817022@20.18.17 (040700-311416286):12)
06-10 15:44:43.680  3235  3235 E ActivityThread: 	at sji.run(:com.google.android.gms@201817022@20.18.17 (040700-311416286):7)
06-10 15:44:43.680  3235  3235 E ActivityThread: 	at java.util.concurrent.ThreadPoolExecutor.runWorker(ThreadPoolExecutor.java:1167)
06-10 15:44:43.680  3235  3235 E ActivityThread: 	at java.util.concurrent.ThreadPoolExecutor$Worker.run(ThreadPoolExecutor.java:641)
06-10 15:44:43.680  3235  3235 E ActivityThread: 	at spj.run(:com.google.android.gms@201817022@20.18.17 (040700-311416286):0)
06-10 15:44:43.680  3235  3235 E ActivityThread: 	at java.lang.Thread.run(Thread.java:923)
06-10 15:44:43.925 17333 17335 I cmd     : oneway function results will be dropped but finished with status OK and parcel size 4
06-10 15:44:44.533 17363 17365 I cmd     : oneway function results will be dropped but finished with status OK and parcel size 4
06-10 15:44:44.988 17380 17382 I cmd     : oneway function results will be dropped but finished with status OK and parcel size 4
06-10 15:44:45.537 17392 17392 E libc    : Access denied finding property "persist.device_config.runtime_native_boot.profilebootclasspath"
06-10 15:44:45.537 17392 17392 E libc    : Access denied finding property "persist.device_config.runtime_native_boot.enable_apex_image"
06-10 15:44:45.537 17392 17392 I AndroidRuntime: Using default boot image
06-10 15:44:45.537 17392 17392 E libc    : Access denied finding property "persist.device_config.runtime_native_boot.disable_lock_profiling"
06-10 15:44:45.537 17392 17392 I AndroidRuntime: Leaving lock profiling enabled
06-10 15:44:45.537 17392 17392 E libc    : Access denied finding property "persist.device_config.runtime_native_boot.enable_generational_cc"
06-10 15:44:45.530 17392 17392 W app_process: type=1400 audit(0.0:409): avc: denied { read } for name="u:object_r:device_config_runtime_native_boot_prop:s0" dev="tmpfs" ino=8372 scontext=u:r:shell:s0 tcontext=u:object_r:device_config_runtime_native_boot_prop:s0 tclass=file permissive=0
06-10 15:44:45.534 17392 17392 I chatty  : uid=2000(shell) main identical 2 lines
06-10 15:44:45.534 17392 17392 W app_process: type=1400 audit(0.0:412): avc: denied { read } for name="u:object_r:device_config_runtime_native_boot_prop:s0" dev="tmpfs" ino=8372 scontext=u:r:shell:s0 tcontext=u:object_r:device_config_runtime_native_boot_prop:s0 tclass=file permissive=0
06-10 15:44:45.586 17392 17392 W app_process: Unexpected CPU variant for X86 using defaults: x86
06-10 15:44:45.589 17392 17392 I app_process: The ClassLoaderContext is a special shared library.
06-10 15:44:45.628 17392 17392 W app_process: JNI RegisterNativeMethods: attempt to register 0 native methods for android.media.AudioAttributes
06-10 15:44:45.849   570  1817 I ActivityTaskManager: START u0 {cmp=com.plan.kot32.tomatotime/.activity.WebViewActivity (has extras)} from uid 10154
06-10 15:44:45.867   570  1814 I system_server: oneway function results will be dropped but finished with status OK and parcel size 4
06-10 15:44:45.873   570  1568 I system_server: oneway function results will be dropped but finished with status OK and parcel size 4
06-10 15:44:45.890   411   411 I perfetto: ing_service_impl.cc:758 Configured tracing session 16, #sources:1, duration:5000 ms, #buffers:1, total buffer size:4096 KB, total sessions:1, uid:1071 session name: ""
06-10 15:44:45.903   402   402 I perfetto: probes_producer.cc:230  Ftrace setup (target_buf=16)
06-10 15:44:45.931   570  1814 W ActivityTaskManager: Tried to set launchTime (0) < mLastActivityLaunchTime (6771481)
06-10 15:44:45.934   570  1814 W InputReader: Device virtio_input_multi_touch_9 is associated with display ADISPLAY_ID_NONE.
06-10 15:44:45.934   570  1814 W InputReader: Device virtio_input_multi_touch_7 is associated with display ADISPLAY_ID_NONE.
06-10 15:44:45.934   570  1814 W InputReader: Device virtio_input_multi_touch_10 is associated with display ADISPLAY_ID_NONE.
06-10 15:44:45.934   570  1814 W InputReader: Device virtio_input_multi_touch_6 is associated with display ADISPLAY_ID_NONE.
