06-10 19:27:56.542 16987 17032 E vol.VolumeDialogControl: 	at android.os.Handler.dispatchMessage(Handler.java:106)
06-10 19:27:56.542 16987 17032 E vol.VolumeDialogControl: 	at android.os.Looper.loop(Looper.java:223)
06-10 19:27:56.542 16987 17032 E vol.VolumeDialogControl: 	at android.os.HandlerThread.run(HandlerThread.java:67)
06-10 19:27:56.542 16987 17032 E vol.VolumeDialogControl: Caused by: android.os.RemoteException: Remote stack trace:
06-10 19:27:56.542 16987 17032 E vol.VolumeDialogControl: 	at com.android.server.pm.PackageManagerService.getComponentEnabledSetting(PackageManagerService.java:21394)
06-10 19:27:56.542 16987 17032 E vol.VolumeDialogControl: 	at android.content.pm.IPackageManager$Stub.onTransact(IPackageManager.java:3216)
06-10 19:27:56.542 16987 17032 E vol.VolumeDialogControl: 	at com.android.server.pm.PackageManagerService.onTransact(PackageManagerService.java:4302)
06-10 19:27:56.542 16987 17032 E vol.VolumeDialogControl: 	at android.os.Binder.execTransactInternal(Binder.java:1159)
06-10 19:27:56.542 16987 17032 E vol.VolumeDialogControl: 	at android.os.Binder.execTransact(Binder.java:1123)
06-10 19:27:56.542 16987 17032 E vol.VolumeDialogControl: 
06-10 19:27:56.560 16987 17032 I vol.Events: writeEvent level_changed STREAM_VOICE_CALL 3
06-10 19:27:56.581 16987 17032 I vol.Events: writeEvent level_changed STREAM_SYSTEM 5
06-10 19:27:56.583 16987 17032 I vol.Events: writeEvent level_changed STREAM_RING 5
06-10 19:27:56.589 16987 17032 I vol.Events: writeEvent level_changed STREAM_MUSIC 5
06-10 19:27:56.595 16987 17032 I vol.Events: writeEvent level_changed STREAM_ALARM 6
06-10 19:27:56.595 16987 17023 I hw-BpHwBinder: onLastStrongRef automatically unlinking death recipients
06-10 19:27:56.596   449  1171 I hw-BpHwBinder: onLastStrongRef automatically unlinking death recipients
06-10 19:27:56.607 16987 17032 I vol.Events: writeEvent level_changed STREAM_BLUETOOTH_SCO 7
06-10 19:27:56.637 16987 17041 I CCodec  : Created component [c2.android.vorbis.decoder]
06-10 19:27:56.651 16987 17032 I vol.Events: writeEvent external_ringer_mode_changed unknown
06-10 19:27:56.652 16987 17032 I vol.Events: writeEvent zen_mode_config_changed [disallowAlarms=false disallowMedia=false disallowSystem=true disallowRinger=false]
06-10 19:27:56.659 16987 17041 I CCodecConfig: query failed after returning 7 values (BAD_INDEX)
06-10 19:27:56.661 16987 17041 W Codec2Client: query -- param skipped: index = 1107298332.
06-10 19:27:56.665 16987 17041 W Codec2Client: query -- param skipped: index = 1342179345.
06-10 19:27:56.665 16987 17041 W Codec2Client: query -- param skipped: index = 2415921170.
06-10 19:27:56.666 16987 17041 E FMQ     : grantorIdx must be less than 3
06-10 19:27:56.666 16987 17041 E FMQ     : grantorIdx must be less than 3
06-10 19:27:56.666   449  1166 E FMQ     : grantorIdx must be less than 3
06-10 19:27:56.666   449  1166 E FMQ     : grantorIdx must be less than 3
06-10 19:27:56.667 16987 17041 I CCodecBufferChannel: [c2.android.vorbis.decoder#874] Created output block pool with allocatorID 16 => poolID 68 - OK
06-10 19:27:56.676 16987 17041 E FMQ     : grantorIdx must be less than 3
06-10 19:27:56.676   449  1166 E FMQ     : grantorIdx must be less than 3
06-10 19:27:56.686 16987 16987 I TetheringManager: registerTetheringEventCallback:com.android.systemui
06-10 19:27:56.704   449 17045 E FMQ     : grantorIdx must be less than 3
06-10 19:27:56.704 16987 17029 E FMQ     : grantorIdx must be less than 3
06-10 19:27:56.730 17054 17056 I cmd     : oneway function results will be dropped but finished with status OK and parcel size 4
06-10 19:27:56.783 16987 17041 I hw-BpHwBinder: onLastStrongRef automatically unlinking death recipients
06-10 19:27:56.784   449  1166 I hw-BpHwBinder: onLastStrongRef automatically unlinking death recipients
06-10 19:27:56.790 16987 16987 I TetheringManager: registerTetheringEventCallback caller:com.android.systemui
06-10 19:27:56.839 24990 27590 W ActivityManager: Receiver with filter android.content.IntentFilter@3fd4186 already registered for pid 16987, callerPackage is com.android.systemui
06-10 19:27:56.855 24990 25003 I StatusBarManagerService: registerStatusBar bar=com.android.internal.statusbar.IStatusBar$Stub$Proxy@5e061e0
06-10 19:27:56.913 16987 16987 I CameraManagerGlobal: Connecting to camera service
06-10 19:27:56.920 16987 16987 W System  : ClassLoader referenced unknown path: 
06-10 19:27:56.942   180   180 I hwservicemanager: getTransport: Cannot find entry android.hardware.renderscript@1.0::IDevice/default in either framework or device manifest.
06-10 19:27:57.003 16987 16987 I chatty  : uid=10144(com.android.systemui) identical 1 line
06-10 19:27:57.108 16987 16987 W DockAlignmentController: wirelessCharger is null
06-10 19:27:57.178 24990 24990 W WindowManager: addWindowToken: Attempted to add binder token: android.os.Binder@38938df for already created window token: WallpaperWindowToken{c3b592c token=android.os.Binder@38938df} displayId=0
06-10 19:27:57.430 32605 32605 W ThreadPoolForeg: type=1400 audit(0.0:1215): avc: denied { write } for name="traced_producer" dev="tmpfs" ino=10994 scontext=u:r:gmscore_app:s0:c512,c768 tcontext=u:object_r:traced_producer_socket:s0 tclass=sock_file permissive=0 app=com.google.android.gms
06-10 19:27:58.143   179   179 I servicemanager: Since 'apexservice' could not be found, trying to start it as a lazy AIDL service
06-10 19:27:58.376   179   179 I BpBinder: onLastStrongRef automatically unlinking death recipients: <uncached descriptor>
06-10 19:27:58.378   179   179 I servicemanager: Tried to unregister apexservice, but there is about to be a client.
06-10 19:27:58.779 24990 27590 I system_server: oneway function results will be dropped but finished with status OK and parcel size 4
06-10 19:28:00.481   179   179 I servicemanager: Notifying apexservice they have clients: 1
06-10 19:28:01.214 24990 25001 W System  : A resource failed to call release. 
06-10 19:28:01.215 24990 25001 I chatty  : uid=1000(system) FinalizerDaemon identical 3 lines
06-10 19:28:01.215 24990 25001 W System  : A resource failed to call release. 
06-10 19:28:01.349 17131 17133 I cmd     : oneway function results will be dropped but finished with status OK and parcel size 4
06-10 19:28:01.686 17160 17162 I cmd     : oneway function results will be dropped but finished with status OK and parcel size 4
06-10 19:28:02.000 17187 17189 I cmd     : oneway function results will be dropped but finished with status OK and parcel size 4
06-10 19:28:02.162 17202 17203 I cmd     : oneway function results will be dropped but finished with status OK and parcel size 4
06-10 19:28:02.317 17218 17220 I cmd     : oneway function results will be dropped but finished with status OK and parcel size 4
06-10 19:28:02.471 17233 17235 I cmd     : oneway function results will be dropped but finished with status OK and parcel size 4
06-10 19:28:02.716 17245 17245 E libc    : Access denied finding property "persist.device_config.runtime_native_boot.profilebootclasspath"
06-10 19:28:02.716 17245 17245 E libc    : Access denied finding property "persist.device_config.runtime_native_boot.enable_apex_image"
06-10 19:28:02.716 17245 17245 I AndroidRuntime: Using default boot image
06-10 19:28:02.716 17245 17245 E libc    : Access denied finding property "persist.device_config.runtime_native_boot.disable_lock_profiling"
06-10 19:28:02.716 17245 17245 I AndroidRuntime: Leaving lock profiling enabled
06-10 19:28:02.716 17245 17245 E libc    : Access denied finding property "persist.device_config.runtime_native_boot.enable_generational_cc"
06-10 19:28:02.719 17245 17245 W app_process: Could not reserve sentinel fault page
06-10 19:28:02.710 17245 17245 W app_process: type=1400 audit(0.0:1216): avc: denied { read } for name="u:object_r:device_config_runtime_native_boot_prop:s0" dev="tmpfs" ino=8372 scontext=u:r:shell:s0 tcontext=u:object_r:device_config_runtime_native_boot_prop:s0 tclass=file permissive=0
06-10 19:28:02.774 17245 17245 W app_process: Unexpected CPU variant for X86 using defaults: x86
06-10 19:28:02.776 17245 17245 I app_process: The ClassLoaderContext is a special shared library.
06-10 19:28:02.790 17245 17245 W app_process: JNI RegisterNativeMethods: attempt to register 0 native methods for android.media.AudioAttributes
06-10 19:28:05.480   179   179 I servicemanager: Notifying apexservice they have clients: 0
06-10 19:28:05.488   179   179 I BpBinder: onLastStrongRef automatically unlinking death recipients: <uncached descriptor>
06-10 19:28:08.105   179   179 I servicemanager: Since 'apexservice' could not be found, trying to start it as a lazy AIDL service
06-10 19:28:08.160   179   179 I BpBinder: onLastStrongRef automatically unlinking death recipients: <uncached descriptor>
06-10 19:28:08.163   179   179 I servicemanager: Tried to unregister apexservice, but there is about to be a client.
06-10 19:28:08.653 17296 17298 I cmd     : oneway function results will be dropped but finished with status OK and parcel size 4
06-10 19:28:09.288 17352 17354 I cmd     : oneway function results will be dropped but finished with status OK and parcel size 4
06-10 19:28:09.461 17367 17368 I cmd     : oneway function results will be dropped but finished with status OK and parcel size 4
06-10 19:28:09.647 17383 17385 I cmd     : oneway function results will be dropped but finished with status OK and parcel size 4
06-10 19:28:09.830 17398 17400 I cmd     : oneway function results will be dropped but finished with status OK and parcel size 4
06-10 19:28:10.041 17410 17410 E libc    : Access denied finding property "persist.device_config.runtime_native_boot.profilebootclasspath"
06-10 19:28:10.041 17410 17410 E libc    : Access denied finding property "persist.device_config.runtime_native_boot.enable_apex_image"
06-10 19:28:10.041 17410 17410 I AndroidRuntime: Using default boot image
06-10 19:28:10.041 17410 17410 E libc    : Access denied finding property "persist.device_config.runtime_native_boot.disable_lock_profiling"
06-10 19:28:10.041 17410 17410 I AndroidRuntime: Leaving lock profiling enabled
06-10 19:28:10.041 17410 17410 E libc    : Access denied finding property "persist.device_config.runtime_native_boot.enable_generational_cc"
06-10 19:28:10.038 17410 17410 W app_process: type=1400 audit(0.0:1220): avc: denied { read } for name="u:object_r:device_config_runtime_native_boot_prop:s0" dev="tmpfs" ino=8372 scontext=u:r:shell:s0 tcontext=u:object_r:device_config_runtime_native_boot_prop:s0 tclass=file permissive=0
06-10 19:28:10.080 17410 17410 W app_process: Unexpected CPU variant for X86 using defaults: x86
06-10 19:28:10.083 17410 17410 I app_process: The ClassLoaderContext is a special shared library.
06-10 19:28:10.089 17410 17410 W app_process: JNI RegisterNativeMethods: attempt to register 0 native methods for android.media.AudioAttributes
06-10 19:28:10.480   179   179 I servicemanager: Notifying apexservice they have clients: 1
06-10 19:28:10.483   179   179 I servicemanager: Notifying apexservice they have clients: 0
06-10 19:28:10.495   179   179 I BpBinder: onLastStrongRef automatically unlinking death recipients: <uncached descriptor>
06-10 19:28:11.119   496   496 E wifi_forwarder: qemu_pipe_open_ns:62: Could not connect to the 'pipe:qemud:wififorward' service: Invalid argument
06-10 19:28:11.119   496   496 E wifi_forwarder: RemoteConnection failed to initialize: RemoteConnection failed to open pipe
06-10 19:28:11.982   483   483 E netmgr  : qemu_pipe_open_ns:62: Could not connect to the 'pipe:qemud:network' service: Invalid argument
06-10 19:28:11.983   483   483 E netmgr  : Failed to open QEMU pipe 'qemud:network': Invalid argument
06-10 19:28:12.512 17458 17460 I cmd     : oneway function results will be dropped but finished with status OK and parcel size 4
06-10 19:28:16.102 17491 17493 I cmd     : oneway function results will be dropped but finished with status OK and parcel size 4
06-10 19:28:16.303 24990 25001 W System  : A resource failed to call release. 
06-10 19:28:16.303 24990 25001 I chatty  : uid=1000(system) FinalizerDaemon identical 2 lines
06-10 19:28:16.303 24990 25001 W System  : A resource failed to call release. 
06-10 19:28:16.428 17518 17520 I cmd     : oneway function results will be dropped but finished with status OK and parcel size 4
06-10 19:28:16.769 17547 17549 I cmd     : oneway function results will be dropped but finished with status OK and parcel size 4
06-10 19:28:17.015 17562 17564 I cmd     : oneway function results will be dropped but finished with status OK and parcel size 4
06-10 19:28:17.177 17577 17579 I cmd     : oneway function results will be dropped but finished with status OK and parcel size 4
06-10 19:28:17.333 17592 17593 I cmd     : oneway function results will be dropped but finished with status OK and parcel size 4
06-10 19:28:17.506 17605 17605 E libc    : Access denied finding property "persist.device_config.runtime_native_boot.profilebootclasspath"
06-10 19:28:17.506 17605 17605 E libc    : Access denied finding property "persist.device_config.runtime_native_boot.enable_apex_image"
06-10 19:28:17.506 17605 17605 I AndroidRuntime: Using default boot image
06-10 19:28:17.506 17605 17605 E libc    : Access denied finding property "persist.device_config.runtime_native_boot.disable_lock_profiling"
06-10 19:28:17.506 17605 17605 I AndroidRuntime: Leaving lock profiling enabled
06-10 19:28:17.506 17605 17605 E libc    : Access denied finding property "persist.device_config.runtime_native_boot.enable_generational_cc"
06-10 19:28:17.502 17605 17605 W app_process: type=1400 audit(0.0:1224): avc: denied { read } for name="u:object_r:device_config_runtime_native_boot_prop:s0" dev="tmpfs" ino=8372 scontext=u:r:shell:s0 tcontext=u:object_r:device_config_runtime_native_boot_prop:s0 tclass=file permissive=0
06-10 19:28:17.506 17605 17605 I chatty  : uid=2000(shell) main identical 2 lines
06-10 19:28:17.506 17605 17605 W app_process: type=1400 audit(0.0:1227): avc: denied { read } for name="u:object_r:device_config_runtime_native_boot_prop:s0" dev="tmpfs" ino=8372 scontext=u:r:shell:s0 tcontext=u:object_r:device_config_runtime_native_boot_prop:s0 tclass=file permissive=0
06-10 19:28:17.539 17605 17605 W app_process: Unexpected CPU variant for X86 using defaults: x86
06-10 19:28:17.540 17605 17605 I app_process: The ClassLoaderContext is a special shared library.
06-10 19:28:17.546 17605 17605 W app_process: JNI RegisterNativeMethods: attempt to register 0 native methods for android.media.AudioAttributes
06-10 19:28:17.758 24990 26269 I system_server: oneway function results will be dropped but finished with status OK and parcel size 4
06-10 19:28:17.759 24990 26269 I chatty  : uid=1000(system) Binder:24990_1C identical 1 line
06-10 19:28:17.759 24990 26269 I system_server: oneway function results will be dropped but finished with status OK and parcel size 4
06-10 19:28:17.820 17629 17631 I cmd     : oneway function results will be dropped but finished with status OK and parcel size 4
06-10 19:28:17.894 24990 26279 I system_server: oneway function results will be dropped but finished with status OK and parcel size 4
06-10 19:28:18.079   179   179 I servicemanager: Since 'apexservice' could not be found, trying to start it as a lazy AIDL service
06-10 19:28:18.137   179   179 I BpBinder: onLastStrongRef automatically unlinking death recipients: <uncached descriptor>
06-10 19:28:18.139   179   179 I servicemanager: Tried to unregister apexservice, but there is about to be a client.
06-10 19:28:20.482   179   179 I servicemanager: Notifying apexservice they have clients: 1
06-10 19:28:20.858 24990 26269 I system_server: oneway function results will be dropped but finished with status OK and parcel size 4
06-10 19:28:21.134  1237  1237 W ThreadPoolForeg: type=1400 audit(0.0:1228): avc: denied { write } for name="traced_producer" dev="tmpfs" ino=10994 scontext=u:r:gmscore_app:s0:c512,c768 tcontext=u:object_r:traced_producer_socket:s0 tclass=sock_file permissive=0 app=com.google.android.gms
06-10 19:28:21.287 24990 26269 W AppOps  : Noting op not finished: uid 10108 pkg com.google.android.gms code 79 startTime of in progress event=1781117324877
06-10 19:28:21.291 24990 26269 I chatty  : uid=1000(system) Binder:24990_1C identical 1 line
06-10 19:28:21.294 24990 26269 W AppOps  : Noting op not finished: uid 10108 pkg com.google.android.gms code 79 startTime of in progress event=1781117324877
06-10 19:28:21.297 24990 26279 W AppOps  : Noting op not finished: uid 10108 pkg com.google.android.gms code 79 startTime of in progress event=1781117324877
06-10 19:28:21.300 32605   445 I ActivityScheduler: nextTriggerTime: 20453706, in 238100ms, detectorType: 39, FULL_TYPE alarmWindowMillis: 80000
06-10 19:28:23.424 17681 17683 I cmd     : oneway function results will be dropped but finished with status OK and parcel size 4
06-10 19:28:23.726 17708 17710 I cmd     : oneway function results will be dropped but finished with status OK and parcel size 4
06-10 19:28:24.023 17737 17739 I cmd     : oneway function results will be dropped but finished with status OK and parcel size 4
06-10 19:28:24.175 17752 17754 I cmd     : oneway function results will be dropped but finished with status OK and parcel size 4
06-10 19:28:24.336 17767 17769 I cmd     : oneway function results will be dropped but finished with status OK and parcel size 4
06-10 19:28:24.487 17782 17784 I cmd     : oneway function results will be dropped but finished with status OK and parcel size 4
06-10 19:28:24.658 17794 17794 W app_process: type=1400 audit(0.0:1229): avc: denied { read } for name="u:object_r:device_config_runtime_native_boot_prop:s0" dev="tmpfs" ino=8372 scontext=u:r:shell:s0 tcontext=u:object_r:device_config_runtime_native_boot_prop:s0 tclass=file permissive=0
06-10 19:28:24.663 17794 17794 E libc    : Access denied finding property "persist.device_config.runtime_native_boot.profilebootclasspath"
06-10 19:28:24.664 17794 17794 E libc    : Access denied finding property "persist.device_config.runtime_native_boot.enable_apex_image"
06-10 19:28:24.664 17794 17794 I AndroidRuntime: Using default boot image
06-10 19:28:24.664 17794 17794 E libc    : Access denied finding property "persist.device_config.runtime_native_boot.disable_lock_profiling"
06-10 19:28:24.664 17794 17794 I AndroidRuntime: Leaving lock profiling enabled
06-10 19:28:24.664 17794 17794 E libc    : Access denied finding property "persist.device_config.runtime_native_boot.enable_generational_cc"
06-10 19:28:24.658 17794 17794 W app_process: type=1400 audit(0.0:1231): avc: denied { read } for name="u:object_r:device_config_runtime_native_boot_prop:s0" dev="tmpfs" ino=8372 scontext=u:r:shell:s0 tcontext=u:object_r:device_config_runtime_native_boot_prop:s0 tclass=file permissive=0
06-10 19:28:24.696 17794 17794 W app_process: Unexpected CPU variant for X86 using defaults: x86
06-10 19:28:24.697 17794 17794 I app_process: The ClassLoaderContext is a special shared library.
06-10 19:28:24.703 17794 17794 W app_process: JNI RegisterNativeMethods: attempt to register 0 native methods for android.media.AudioAttributes
06-10 19:28:24.774   643   643 W ThreadPoolForeg: type=1400 audit(0.0:1233): avc: denied { write } for name="traced_producer" dev="tmpfs" ino=10994 scontext=u:r:gmscore_app:s0:c512,c768 tcontext=u:object_r:traced_producer_socket:s0 tclass=sock_file permissive=0 app=com.google.android.gms
06-10 19:28:25.481   179   179 I servicemanager: Notifying apexservice they have clients: 0
06-10 19:28:25.484   179   179 I BpBinder: onLastStrongRef automatically unlinking death recipients: <uncached descriptor>
06-10 19:28:27.474 32605 32605 W ThreadPoolForeg: type=1400 audit(0.0:1234): avc: denied { write } for name="traced_producer" dev="tmpfs" ino=10994 scontext=u:r:gmscore_app:s0:c512,c768 tcontext=u:object_r:traced_producer_socket:s0 tclass=sock_file permissive=0 app=com.google.android.gms
06-10 19:28:28.097   179   179 I servicemanager: Since 'apexservice' could not be found, trying to start it as a lazy AIDL service
06-10 19:28:28.152   179   179 I BpBinder: onLastStrongRef automatically unlinking death recipients: <uncached descriptor>
06-10 19:28:28.155   179   179 I servicemanager: Tried to unregister apexservice, but there is about to be a client.
06-10 19:28:30.481   179   179 I servicemanager: Notifying apexservice they have clients: 1
06-10 19:28:30.877 17874 17876 I cmd     : oneway function results will be dropped but finished with status OK and parcel size 4
06-10 19:28:35.481   179   179 I servicemanager: Notifying apexservice they have clients: 0
06-10 19:28:35.493   179   179 I BpBinder: onLastStrongRef automatically unlinking death recipients: <uncached descriptor>
06-10 19:28:36.468  1237 17894 W GAv4-SVC: Network compressed POST connection error: javax.net.ssl.SSLHandshakeException: Connection closed by peer
06-10 19:28:38.073   179   179 I servicemanager: Since 'apexservice' could not be found, trying to start it as a lazy AIDL service
06-10 19:28:38.125   179   179 I BpBinder: onLastStrongRef automatically unlinking death recipients: <uncached descriptor>
06-10 19:28:38.128   179   179 I servicemanager: Tried to unregister apexservice, but there is about to be a client.
06-10 19:28:40.481   179   179 I servicemanager: Notifying apexservice they have clients: 1
06-10 19:28:51.174  1237  1237 W ThreadPoolForeg: type=1400 audit(0.0:1235): avc: denied { write } for name="traced_producer" dev="tmpfs" ino=10994 scontext=u:r:gmscore_app:s0:c512,c768 tcontext=u:object_r:traced_producer_socket:s0 tclass=sock_file permissive=0 app=com.google.android.gms
06-10 19:28:54.814   643   643 W ThreadPoolForeg: type=1400 audit(0.0:1236): avc: denied { write } for name="traced_producer" dev="tmpfs" ino=10994 scontext=u:r:gmscore_app:s0:c512,c768 tcontext=u:object_r:traced_producer_socket:s0 tclass=sock_file permissive=0 app=com.google.android.gms
06-10 19:28:57.494 32605 32605 W ThreadPoolForeg: type=1400 audit(0.0:1237): avc: denied { write } for name="traced_producer" dev="tmpfs" ino=10994 scontext=u:r:gmscore_app:s0:c512,c768 tcontext=u:object_r:traced_producer_socket:s0 tclass=sock_file permissive=0 app=com.google.android.gms
06-10 19:29:11.145   496   496 E wifi_forwarder: qemu_pipe_open_ns:62: Could not connect to the 'pipe:qemud:wififorward' service: Invalid argument
06-10 19:29:11.145   496   496 E wifi_forwarder: RemoteConnection failed to initialize: RemoteConnection failed to open pipe
06-10 19:29:12.043   483   483 E netmgr  : qemu_pipe_open_ns:62: Could not connect to the 'pipe:qemud:network' service: Invalid argument
06-10 19:29:12.043   483   483 E netmgr  : Failed to open QEMU pipe 'qemud:network': Invalid argument
06-10 19:29:21.194  1237  1237 W ThreadPoolForeg: type=1400 audit(0.0:1238): avc: denied { write } for name="traced_producer" dev="tmpfs" ino=10994 scontext=u:r:gmscore_app:s0:c512,c768 tcontext=u:object_r:traced_producer_socket:s0 tclass=sock_file permissive=0 app=com.google.android.gms
06-10 19:29:24.826   643   643 W ThreadPoolForeg: type=1400 audit(0.0:1239): avc: denied { write } for name="traced_producer" dev="tmpfs" ino=10994 scontext=u:r:gmscore_app:s0:c512,c768 tcontext=u:object_r:traced_producer_socket:s0 tclass=sock_file permissive=0 app=com.google.android.gms
06-10 19:29:27.534 32605 32605 W ThreadPoolForeg: type=1400 audit(0.0:1240): avc: denied { write } for name="traced_producer" dev="tmpfs" ino=10994 scontext=u:r:gmscore_app:s0:c512,c768 tcontext=u:object_r:traced_producer_socket:s0 tclass=sock_file permissive=0 app=com.google.android.gms
06-10 19:29:40.504 11764 11821 W System.err: java.lang.SecurityException: getDataNetworkTypeForSubscriber
06-10 19:29:40.504 11764 11821 W System.err: 	at android.os.Parcel.createExceptionOrNull(Parcel.java:2373)
06-10 19:29:40.504 11764 11821 W System.err: 	at android.os.Parcel.createException(Parcel.java:2357)
06-10 19:29:40.504 11764 11821 W System.err: 	at android.os.Parcel.readException(Parcel.java:2340)
06-10 19:29:40.504 11764 11821 W System.err: 	at android.os.Parcel.readException(Parcel.java:2282)
06-10 19:29:40.504 11764 11821 W System.err: 	at com.android.internal.telephony.ITelephony$Stub$Proxy.getNetworkTypeForSubscriber(ITelephony.java:8762)
06-10 19:29:40.504 11764 11821 W System.err: 	at android.telephony.TelephonyManager.getNetworkType(TelephonyManager.java:3021)
06-10 19:29:40.504 11764 11821 W System.err: 	at android.telephony.TelephonyManager.getNetworkType(TelephonyManager.java:2985)
06-10 19:29:40.504 11764 11821 W System.err: 	at com.tencent.bugly.proguard.ab.c(Unknown Source:57)
06-10 19:29:40.504 11764 11821 W System.err: 	at com.tencent.bugly.proguard.ae.a(Unknown Source:96)
06-10 19:29:40.504 11764 11821 W System.err: 	at com.tencent.bugly.proguard.r.a(Unknown Source:562)
06-10 19:29:40.504 11764 11821 W System.err: 	at com.tencent.bugly.proguard.r.a(Unknown Source:140)
06-10 19:29:40.504 11764 11821 W System.err: 	at com.tencent.bugly.proguard.r.a(Unknown Source:0)
06-10 19:29:40.504 11764 11821 W System.err: 	at com.tencent.bugly.proguard.r$2.run(Unknown Source:4)
06-10 19:29:40.504 11764 11821 W System.err: 	at java.util.concurrent.Executors$RunnableAdapter.call(Executors.java:462)
06-10 19:29:40.504 11764 11821 W System.err: 	at java.util.concurrent.FutureTask.run(FutureTask.java:266)
06-10 19:29:40.504 11764 11821 W System.err: 	at java.util.concurrent.ScheduledThreadPoolExecutor$ScheduledFutureTask.run(ScheduledThreadPoolExecutor.java:301)
06-10 19:29:40.504 11764 11821 W System.err: 	at java.util.concurrent.ThreadPoolExecutor.runWorker(ThreadPoolExecutor.java:1167)
06-10 19:29:40.504 11764 11821 W System.err: 	at java.util.concurrent.ThreadPoolExecutor$Worker.run(ThreadPoolExecutor.java:641)
06-10 19:29:40.504 11764 11821 W System.err: 	at java.lang.Thread.run(Thread.java:923)
06-10 19:29:40.510 11764 18042 W System.err: java.lang.SecurityException: getDataNetworkTypeForSubscriber
06-10 19:29:40.510 11764 18042 W System.err: 	at android.os.Parcel.createExceptionOrNull(Parcel.java:2373)
06-10 19:29:40.510 11764 18042 W System.err: 	at android.os.Parcel.createException(Parcel.java:2357)
06-10 19:29:40.510 11764 18042 W System.err: 	at android.os.Parcel.readException(Parcel.java:2340)
06-10 19:29:40.510 11764 18042 W System.err: 	at android.os.Parcel.readException(Parcel.java:2282)
06-10 19:29:40.510 11764 18042 W System.err: 	at com.android.internal.telephony.ITelephony$Stub$Proxy.getNetworkTypeForSubscriber(ITelephony.java:8762)
06-10 19:29:40.510 11764 18042 W System.err: 	at android.telephony.TelephonyManager.getNetworkType(TelephonyManager.java:3021)
06-10 19:29:40.510 11764 18042 W System.err: 	at android.telephony.TelephonyManager.getNetworkType(TelephonyManager.java:2985)
06-10 19:29:40.510 11764 18042 W System.err: 	at com.tencent.bugly.proguard.ab.c(Unknown Source:57)
06-10 19:29:40.510 11764 18042 W System.err: 	at com.tencent.bugly.proguard.aj.run(Unknown Source:11)
06-10 19:29:40.510 11764 18042 W System.err: 	at com.tencent.bugly.proguard.ai$1.run(Unknown Source:2)
06-10 19:29:40.510 11764 18042 W System.err: 	at java.lang.Thread.run(Thread.java:923)
06-10 19:29:40.527 11764 18042 W System.err: java.lang.SecurityException: getDataNetworkTypeForSubscriber
06-10 19:29:40.528 11764 18042 W System.err: 	at android.os.Parcel.createExceptionOrNull(Parcel.java:2373)
06-10 19:29:40.528 11764 18042 W System.err: 	at android.os.Parcel.createException(Parcel.java:2357)
06-10 19:29:40.528 11764 18042 W System.err: 	at android.os.Parcel.readException(Parcel.java:2340)
06-10 19:29:40.528 11764 18042 W System.err: 	at android.os.Parcel.readException(Parcel.java:2282)
06-10 19:29:40.528 11764 18042 W System.err: 	at com.android.internal.telephony.ITelephony$Stub$Proxy.getNetworkTypeForSubscriber(ITelephony.java:8762)
06-10 19:29:40.528 11764 18042 W System.err: 	at android.telephony.TelephonyManager.getNetworkType(TelephonyManager.java:3021)
06-10 19:29:40.528 11764 18042 W System.err: 	at android.telephony.TelephonyManager.getNetworkType(TelephonyManager.java:2985)
06-10 19:29:40.528 11764 18042 W System.err: 	at com.tencent.bugly.proguard.ab.c(Unknown Source:57)
06-10 19:29:40.528 11764 18042 W System.err: 	at com.tencent.bugly.proguard.af.a(Unknown Source:138)
06-10 19:29:40.528 11764 18042 W System.err: 	at com.tencent.bugly.proguard.aj.run(Unknown Source:368)
06-10 19:29:40.528 11764 18042 W System.err: 	at com.tencent.bugly.proguard.ai$1.run(Unknown Source:2)
06-10 19:29:40.528 11764 18042 W System.err: 	at java.lang.Thread.run(Thread.java:923)
06-10 19:29:40.536 11764 18042 W System.err: javax.net.ssl.SSLHandshakeException: connection closed
06-10 19:29:40.536 11764 18042 W System.err: 	at com.android.org.conscrypt.SSLUtils.toSSLHandshakeException(SSLUtils.java:362)
06-10 19:29:40.536 11764 18042 W System.err: 	at com.android.org.conscrypt.ConscryptEngineSocket.doHandshake(ConscryptEngineSocket.java:240)
06-10 19:29:40.536 11764 18042 W System.err: 	at com.android.org.conscrypt.ConscryptEngineSocket.startHandshake(ConscryptEngineSocket.java:217)
06-10 19:29:40.536 11764 18042 W System.err: 	at com.android.okhttp.internal.io.RealConnection.connectTls(RealConnection.java:196)
06-10 19:29:40.536 11764 18042 W System.err: 	at com.android.okhttp.internal.io.RealConnection.connectSocket(RealConnection.java:153)
06-10 19:29:40.536 11764 18042 W System.err: 	at com.android.okhttp.internal.io.RealConnection.connect(RealConnection.java:116)
06-10 19:29:40.536 11764 18042 W System.err: 	at com.android.okhttp.internal.http.StreamAllocation.findConnection(StreamAllocation.java:186)
06-10 19:29:40.536 11764 18042 W System.err: 	at com.android.okhttp.internal.http.StreamAllocation.findHealthyConnection(StreamAllocation.java:128)
06-10 19:29:40.536 11764 18042 W System.err: 	at com.android.okhttp.internal.http.StreamAllocation.newStream(StreamAllocation.java:97)
06-10 19:29:40.536 11764 18042 W System.err: 	at com.android.okhttp.internal.http.HttpEngine.connect(HttpEngine.java:289)
06-10 19:29:40.536 11764 18042 W System.err: 	at com.android.okhttp.internal.http.HttpEngine.sendRequest(HttpEngine.java:232)
06-10 19:29:40.536 11764 18042 W System.err: 	at com.android.okhttp.internal.huc.HttpURLConnectionImpl.execute(HttpURLConnectionImpl.java:465)
06-10 19:29:40.536 11764 18042 W System.err: 	at com.android.okhttp.internal.huc.HttpURLConnectionImpl.connect(HttpURLConnectionImpl.java:131)
06-10 19:29:40.536 11764 18042 W System.err: 	at com.android.okhttp.internal.huc.HttpURLConnectionImpl.getOutputStream(HttpURLConnectionImpl.java:262)
06-10 19:29:40.536 11764 18042 W System.err: 	at com.android.okhttp.internal.huc.DelegatingHttpsURLConnection.getOutputStream(DelegatingHttpsURLConnection.java:219)
06-10 19:29:40.536 11764 18042 W System.err: 	at com.android.okhttp.internal.huc.HttpsURLConnectionImpl.getOutputStream(HttpsURLConnectionImpl.java:30)
06-10 19:29:40.536 11764 18042 W System.err: 	at com.tencent.bugly.proguard.af.a(Unknown Source:127)
06-10 19:29:40.536 11764 18042 W System.err: 	at com.tencent.bugly.proguard.af.a(Unknown Source:170)
06-10 19:29:40.536 11764 18042 W System.err: 	at com.tencent.bugly.proguard.aj.run(Unknown Source:368)
06-10 19:29:40.536 11764 18042 W System.err: 	at com.tencent.bugly.proguard.ai$1.run(Unknown Source:2)
06-10 19:29:40.536 11764 18042 W System.err: 	at java.lang.Thread.run(Thread.java:923)
06-10 19:29:40.536 11764 18042 W System.err: Caused by: java.io.EOFException: connection closed
06-10 19:29:40.536 11764 18042 W System.err: 	... 20 more
06-10 19:29:51.202  1237  1237 W ThreadPoolForeg: type=1400 audit(0.0:1241): avc: denied { write } for name="traced_producer" dev="tmpfs" ino=10994 scontext=u:r:gmscore_app:s0:c512,c768 tcontext=u:object_r:traced_producer_socket:s0 tclass=sock_file permissive=0 app=com.google.android.gms
06-10 19:29:54.846   643   643 W ThreadPoolForeg: type=1400 audit(0.0:1242): avc: denied { write } for name="traced_producer" dev="tmpfs" ino=10994 scontext=u:r:gmscore_app:s0:c512,c768 tcontext=u:object_r:traced_producer_socket:s0 tclass=sock_file permissive=0 app=com.google.android.gms
06-10 19:29:57.381 24990 25003 I ActivityManager: Force stopping com.plan.kot32.tomatotime appid=10154 user=0: from pid 18108
06-10 19:29:57.382 24990 25003 I ActivityManager: Killing 11764:com.plan.kot32.tomatotime/u0a154 (adj 0): stop com.plan.kot32.tomatotime due to from pid 18108
06-10 19:29:57.382 24990 25003 W ActivityTaskManager: Force removing ActivityRecord{6b2210d u0 com.plan.kot32.tomatotime/.activity.view.XuebaControlSelfActivity t41 f}}: app died, no saved state
06-10 19:29:57.391 24990 25003 W ActivityTaskManager: Force removing ActivityRecord{9103549 u0 com.plan.kot32.tomatotime/.activity.view.XuebaActivity t41 f}}: app died, no saved state
06-10 19:29:57.407 24990 25003 W WindowManager: Failed to deliver inset state change to w=Window{defd0f6 u0 com.plan.kot32.tomatotime/com.plan.kot32.tomatotime.activity.MainActivity}
06-10 19:29:57.407 24990 25003 W WindowManager: android.os.DeadObjectException
06-10 19:29:57.407 24990 25003 W WindowManager: 	at android.os.BinderProxy.transactNative(Native Method)
06-10 19:29:57.407 24990 25003 W WindowManager: 	at android.os.BinderProxy.transact(BinderProxy.java:540)
06-10 19:29:57.407 24990 25003 W WindowManager: 	at android.view.IWindow$Stub$Proxy.insetsControlChanged(IWindow.java:765)
06-10 19:29:57.407 24990 25003 W WindowManager: 	at com.android.server.wm.WindowState.notifyInsetsControlChanged(WindowState.java:3669)
06-10 19:29:57.407 24990 25003 W WindowManager: 	at com.android.server.wm.InsetsStateController.lambda$notifyPendingInsetsControlChanged$4$InsetsStateController(InsetsStateController.java:445)
06-10 19:29:57.407 24990 25003 W WindowManager: 	at com.android.server.wm.-$$Lambda$InsetsStateController$-1iOXDf-1s3wDHcMIHBKNk6MS3I.run(Unknown Source:2)
06-10 19:29:57.407 24990 25003 W WindowManager: 	at com.android.server.wm.WindowAnimator.executeAfterPrepareSurfacesRunnables(WindowAnimator.java:341)
06-10 19:29:57.407 24990 25003 W WindowManager: 	at com.android.server.wm.RootWindowContainer.performSurfacePlacementNoTrace(RootWindowContainer.java:854)
06-10 19:29:57.407 24990 25003 W WindowManager: 	at com.android.server.wm.RootWindowContainer.performSurfacePlacement(RootWindowContainer.java:802)
06-10 19:29:57.407 24990 25003 W WindowManager: 	at com.android.server.wm.WindowSurfacePlacer.performSurfacePlacementLoop(WindowSurfacePlacer.java:178)
06-10 19:29:57.407 24990 25003 W WindowManager: 	at com.android.server.wm.WindowSurfacePlacer.performSurfacePlacement(WindowSurfacePlacer.java:127)
06-10 19:29:57.407 24990 25003 W WindowManager: 	at com.android.server.wm.WindowSurfacePlacer.performSurfacePlacement(WindowSurfacePlacer.java:116)
06-10 19:29:57.407 24990 25003 W WindowManager: 	at com.android.server.wm.ActivityRecord.commitVisibility(ActivityRecord.java:4254)
06-10 19:29:57.407 24990 25003 W WindowManager: 	at com.android.server.wm.ActivityRecord.onRemovedFromDisplay(ActivityRecord.java:3185)
06-10 19:29:57.407 24990 25003 W WindowManager: 	at com.android.server.wm.DisplayContent.removeAppToken(DisplayContent.java:1190)
06-10 19:29:57.407 24990 25003 W WindowManager: 	at com.android.server.wm.ActivityRecord.removeAppTokenFromDisplay(ActivityRecord.java:1998)
06-10 19:29:57.407 24990 25003 W WindowManager: 	at com.android.server.wm.ActivityRecord.removeFromHistory(ActivityRecord.java:2962)
06-10 19:29:57.407 24990 25003 W WindowManager: 	at com.android.server.wm.ActivityStack$RemoveHistoryRecordsForApp.processActivity(ActivityStack.java:513)
06-10 19:29:57.407 24990 25003 W WindowManager: 	at com.android.server.wm.ActivityStack$RemoveHistoryRecordsForApp.process(ActivityStack.java:435)
06-10 19:29:57.407 24990 25003 W WindowManager: 	at com.android.server.wm.ActivityStack.handleAppDied(ActivityStack.java:2743)
06-10 19:29:57.407 24990 25003 W WindowManager: 	at com.android.server.wm.RootWindowContainer.handleAppDied(RootWindowContainer.java:3123)
06-10 19:29:57.407 24990 25003 W WindowManager: 	at com.android.server.wm.ActivityTaskManagerService$LocalService.handleAppDied(ActivityTaskManagerService.java:6777)
06-10 19:29:57.407 24990 25003 W WindowManager: 	at com.android.server.am.ActivityManagerService.handleAppDiedLocked(ActivityManagerService.java:3785)
06-10 19:29:57.407 24990 25003 W WindowManager: 	at com.android.server.am.ProcessList.removeProcessLocked(ProcessList.java:2777)
06-10 19:29:57.407 24990 25003 W WindowManager: 	at com.android.server.am.ProcessList.killPackageProcessesLocked(ProcessList.java:2722)
06-10 19:29:57.407 24990 25003 W WindowManager: 	at com.android.server.am.ActivityManagerService.forceStopPackageLocked(ActivityManagerService.java:4905)
06-10 19:29:57.407 24990 25003 W WindowManager: 	at com.android.server.am.ActivityManagerService.forceStopPackageLocked(ActivityManagerService.java:4749)
06-10 19:29:57.407 24990 25003 W WindowManager: 	at com.android.server.am.ActivityManagerService.forceStopPackage(ActivityManagerService.java:4504)
06-10 19:29:57.407 24990 25003 W WindowManager: 	at com.android.server.am.ActivityManagerShellCommand.runForceStop(ActivityManagerShellCommand.java:1085)
06-10 19:29:57.407 24990 25003 W WindowManager: 	at com.android.server.am.ActivityManagerShellCommand.onCommand(ActivityManagerShellCommand.java:224)
06-10 19:29:57.407 24990 25003 W WindowManager: 	at android.os.BasicShellCommandHandler.exec(BasicShellCommandHandler.java:98)
06-10 19:29:57.407 24990 25003 W WindowManager: 	at android.os.ShellCommand.exec(ShellCommand.java:44)
06-10 19:29:57.407 24990 25003 W WindowManager: 	at com.android.server.am.ActivityManagerService.onShellCommand(ActivityManagerService.java:10520)
06-10 19:29:57.407 24990 25003 W WindowManager: 	at android.os.Binder.shellCommand(Binder.java:929)
06-10 19:29:57.407 24990 25003 W WindowManager: 	at android.os.Binder.onTransact(Binder.java:813)
06-10 19:29:57.407 24990 25003 W WindowManager: 	at android.app.IActivityManager$Stub.onTransact(IActivityManager.java:5027)
06-10 19:29:57.407 24990 25003 W WindowManager: 	at com.android.server.am.ActivityManagerService.onTransact(ActivityManagerService.java:2883)
06-10 19:29:57.407 24990 25003 W WindowManager: 	at android.os.Binder.execTransactInternal(Binder.java:1159)
06-10 19:29:57.407 24990 25003 W WindowManager: 	at android.os.Binder.execTransact(Binder.java:1123)
06-10 19:29:57.410 24990 25003 W WindowManager: Failed to deliver inset state change to w=Window{89ddd05 u0 com.plan.kot32.tomatotime/com.plan.kot32.tomatotime.activity.view.XuebaActivity}
06-10 19:29:57.410 24990 25003 W WindowManager: android.os.DeadObjectException
06-10 19:29:57.410 24990 25003 W WindowManager: 	at android.os.BinderProxy.transactNative(Native Method)
06-10 19:29:57.410 24990 25003 W WindowManager: 	at android.os.BinderProxy.transact(BinderProxy.java:540)
06-10 19:29:57.410 24990 25003 W WindowManager: 	at android.view.IWindow$Stub$Proxy.insetsControlChanged(IWindow.java:765)
06-10 19:29:57.410 24990 25003 W WindowManager: 	at com.android.server.wm.WindowState.notifyInsetsControlChanged(WindowState.java:3669)
06-10 19:29:57.410 24990 25003 W WindowManager: 	at com.android.server.wm.InsetsStateController.lambda$notifyPendingInsetsControlChanged$4$InsetsStateController(InsetsStateController.java:445)
06-10 19:29:57.410 24990 25003 W WindowManager: 	at com.android.server.wm.-$$Lambda$InsetsStateController$-1iOXDf-1s3wDHcMIHBKNk6MS3I.run(Unknown Source:2)
06-10 19:29:57.410 24990 25003 W WindowManager: 	at com.android.server.wm.WindowAnimator.executeAfterPrepareSurfacesRunnables(WindowAnimator.java:341)
06-10 19:29:57.410 24990 25003 W WindowManager: 	at com.android.server.wm.RootWindowContainer.performSurfacePlacementNoTrace(RootWindowContainer.java:854)
06-10 19:29:57.410 24990 25003 W WindowManager: 	at com.android.server.wm.RootWindowContainer.performSurfacePlacement(RootWindowContainer.java:802)
06-10 19:29:57.410 24990 25003 W WindowManager: 	at com.android.server.wm.WindowSurfacePlacer.performSurfacePlacementLoop(WindowSurfacePlacer.java:178)
06-10 19:29:57.410 24990 25003 W WindowManager: 	at com.android.server.wm.WindowSurfacePlacer.performSurfacePlacement(WindowSurfacePlacer.java:127)
06-10 19:29:57.410 24990 25003 W WindowManager: 	at com.android.server.wm.WindowSurfacePlacer.performSurfacePlacement(WindowSurfacePlacer.java:116)
06-10 19:29:57.410 24990 25003 W WindowManager: 	at com.android.server.wm.ActivityRecord.commitVisibility(ActivityRecord.java:4254)
06-10 19:29:57.410 24990 25003 W WindowManager: 	at com.android.server.wm.ActivityRecord.onRemovedFromDisplay(ActivityRecord.java:3185)
06-10 19:29:57.410 24990 25003 W WindowManager: 	at com.android.server.wm.DisplayContent.removeAppToken(DisplayContent.java:1190)
06-10 19:29:57.410 24990 25003 W WindowManager: 	at com.android.server.wm.ActivityRecord.removeAppTokenFromDisplay(ActivityRecord.java:1998)
06-10 19:29:57.410 24990 25003 W WindowManager: 	at com.android.server.wm.ActivityRecord.removeFromHistory(ActivityRecord.java:2962)
06-10 19:29:57.410 24990 25003 W WindowManager: 	at com.android.server.wm.ActivityStack$RemoveHistoryRecordsForApp.processActivity(ActivityStack.java:513)
06-10 19:29:57.410 24990 25003 W WindowManager: 	at com.android.server.wm.ActivityStack$RemoveHistoryRecordsForApp.process(ActivityStack.java:435)
06-10 19:29:57.410 24990 25003 W WindowManager: 	at com.android.server.wm.ActivityStack.handleAppDied(ActivityStack.java:2743)
06-10 19:29:57.410 24990 25003 W WindowManager: 	at com.android.server.wm.RootWindowContainer.handleAppDied(RootWindowContainer.java:3123)
06-10 19:29:57.410 24990 25003 W WindowManager: 	at com.android.server.wm.ActivityTaskManagerService$LocalService.handleAppDied(ActivityTaskManagerService.java:6777)
06-10 19:29:57.410 24990 25003 W WindowManager: 	at com.android.server.am.ActivityManagerService.handleAppDiedLocked(ActivityManagerService.java:3785)
06-10 19:29:57.410 24990 25003 W WindowManager: 	at com.android.server.am.ProcessList.removeProcessLocked(ProcessList.java:2777)
06-10 19:29:57.410 24990 25003 W WindowManager: 	at com.android.server.am.ProcessList.killPackageProcessesLocked(ProcessList.java:2722)
06-10 19:29:57.410 24990 25003 W WindowManager: 	at com.android.server.am.ActivityManagerService.forceStopPackageLocked(ActivityManagerService.java:4905)
06-10 19:29:57.410 24990 25003 W WindowManager: 	at com.android.server.am.ActivityManagerService.forceStopPackageLocked(ActivityManagerService.java:4749)
06-10 19:29:57.410 24990 25003 W WindowManager: 	at com.android.server.am.ActivityManagerService.forceStopPackage(ActivityManagerService.java:4504)
06-10 19:29:57.410 24990 25003 W WindowManager: 	at com.android.server.am.ActivityManagerShellCommand.runForceStop(ActivityManagerShellCommand.java:1085)
06-10 19:29:57.410 24990 25003 W WindowManager: 	at com.android.server.am.ActivityManagerShellCommand.onCommand(ActivityManagerShellCommand.java:224)
06-10 19:29:57.410 24990 25003 W WindowManager: 	at android.os.BasicShellCommandHandler.exec(BasicShellCommandHandler.java:98)
06-10 19:29:57.410 24990 25003 W WindowManager: 	at android.os.ShellCommand.exec(ShellCommand.java:44)
06-10 19:29:57.410 24990 25003 W WindowManager: 	at com.android.server.am.ActivityManagerService.onShellCommand(ActivityManagerService.java:10520)
06-10 19:29:57.410 24990 25003 W WindowManager: 	at android.os.Binder.shellCommand(Binder.java:929)
06-10 19:29:57.410 24990 25003 W WindowManager: 	at android.os.Binder.onTransact(Binder.java:813)
06-10 19:29:57.410 24990 25003 W WindowManager: 	at android.app.IActivityManager$Stub.onTransact(IActivityManager.java:5027)
06-10 19:29:57.410 24990 25003 W WindowManager: 	at com.android.server.am.ActivityManagerService.onTransact(ActivityManagerService.java:2883)
06-10 19:29:57.410 24990 25003 W WindowManager: 	at android.os.Binder.execTransactInternal(Binder.java:1159)
06-10 19:29:57.410 24990 25003 W WindowManager: 	at android.os.Binder.execTransact(Binder.java:1123)
06-10 19:29:57.411 24990 25003 W ActivityTaskManager: Force removing ActivityRecord{e625c1e u0 com.plan.kot32.tomatotime/.activity.MainActivity t41 f}}: app died, no saved state
06-10 19:29:57.418 24990 25003 W InputReader: Device virtio_input_multi_touch_9 is associated with display ADISPLAY_ID_NONE.
06-10 19:29:57.418 24990 25003 W InputReader: Device virtio_input_multi_touch_7 is associated with display ADISPLAY_ID_NONE.
06-10 19:29:57.418 24990 25003 W InputReader: Device virtio_input_multi_touch_10 is associated with display ADISPLAY_ID_NONE.
06-10 19:29:57.418 24990 25003 W InputReader: Device virtio_input_multi_touch_6 is associated with display ADISPLAY_ID_NONE.
06-10 19:29:57.418 24990 25003 W InputReader: Device virtio_input_multi_touch_4 is associated with display ADISPLAY_ID_NONE.
06-10 19:29:57.418 24990 25003 W InputReader: Device virtio_input_multi_touch_3 is associated with display ADISPLAY_ID_NONE.
06-10 19:29:57.418 24990 25003 W InputReader: Device virtio_input_multi_touch_11 is associated with display ADISPLAY_ID_NONE.
06-10 19:29:57.418 24990 25003 W InputReader: Device virtio_input_multi_touch_8 is associated with display ADISPLAY_ID_NONE.
06-10 19:29:57.418 24990 25003 W InputReader: Device virtio_input_multi_touch_5 is associated with display ADISPLAY_ID_NONE.
06-10 19:29:57.418 24990 25003 W InputReader: Device virtio_input_multi_touch_2 is associated with display ADISPLAY_ID_NONE.
06-10 19:29:57.418 24990 25003 W InputReader: Device virtio_input_multi_touch_9 is associated with display ADISPLAY_ID_NONE.
06-10 19:29:57.418 24990 25003 W InputReader: Device virtio_input_multi_touch_7 is associated with display ADISPLAY_ID_NONE.
06-10 19:29:57.418 24990 25003 W InputReader: Device virtio_input_multi_touch_10 is associated with display ADISPLAY_ID_NONE.
06-10 19:29:57.418 24990 25003 W InputReader: Device virtio_input_multi_touch_6 is associated with display ADISPLAY_ID_NONE.
06-10 19:29:57.418 24990 25003 W InputReader: Device virtio_input_multi_touch_4 is associated with display ADISPLAY_ID_NONE.
06-10 19:29:57.418 24990 25003 W InputReader: Device virtio_input_multi_touch_3 is associated with display ADISPLAY_ID_NONE.
06-10 19:29:57.418 24990 25003 W InputReader: Device virtio_input_multi_touch_11 is associated with display ADISPLAY_ID_NONE.
06-10 19:29:57.418 24990 25003 W InputReader: Device virtio_input_multi_touch_8 is associated with display ADISPLAY_ID_NONE.
06-10 19:29:57.418 24990 25003 W InputReader: Device virtio_input_multi_touch_5 is associated with display ADISPLAY_ID_NONE.
06-10 19:29:57.418 24990 25003 W InputReader: Device virtio_input_multi_touch_2 is associated with display ADISPLAY_ID_NONE.
06-10 19:29:57.419 24990 25087 W InputDispatcher: channel '6941210 com.plan.kot32.tomatotime/com.plan.kot32.tomatotime.activity.view.XuebaControlSelfActivity (server)' ~ Consumer closed input channel or an error occurred.  events=0x9
06-10 19:29:57.420 24990 25087 E InputDispatcher: channel '6941210 com.plan.kot32.tomatotime/com.plan.kot32.tomatotime.activity.view.XuebaControlSelfActivity (server)' ~ Channel is unrecoverably broken and will be disposed!
06-10 19:29:57.420 24990 25087 W InputDispatcher: channel '89ddd05 com.plan.kot32.tomatotime/com.plan.kot32.tomatotime.activity.view.XuebaActivity (server)' ~ Consumer closed input channel or an error occurred.  events=0x9
06-10 19:29:57.420 24990 25087 E InputDispatcher: channel '89ddd05 com.plan.kot32.tomatotime/com.plan.kot32.tomatotime.activity.view.XuebaActivity (server)' ~ Channel is unrecoverably broken and will be disposed!
06-10 19:29:57.422 24990 25003 I WindowManager:   Force finishing activity ActivityRecord{6b2210d u0 com.plan.kot32.tomatotime/.activity.view.XuebaControlSelfActivity t41 f} isExiting}
06-10 19:29:57.422 24990 25003 W ActivityTaskManager: Duplicate finish request for r=ActivityRecord{6b2210d u0 com.plan.kot32.tomatotime/.activity.view.XuebaControlSelfActivity t41 f} isExiting}
06-10 19:29:57.422 24990 25003 I WindowManager:   Force finishing activity ActivityRecord{9103549 u0 com.plan.kot32.tomatotime/.activity.view.XuebaActivity t41 f} isExiting}
06-10 19:29:57.422 24990 25003 W ActivityTaskManager: Duplicate finish request for r=ActivityRecord{9103549 u0 com.plan.kot32.tomatotime/.activity.view.XuebaActivity t41 f} isExiting}
06-10 19:29:57.426 18108 18110 I cmd     : oneway function results will be dropped but finished with status OK and parcel size 4
06-10 19:29:57.443 24990 25891 I WindowManager: WIN DEATH: Window{89ddd05 u0 com.plan.kot32.tomatotime/com.plan.kot32.tomatotime.activity.view.XuebaActivity}
06-10 19:29:57.443 24951 24951 I Zygote  : Process 11764 exited due to signal 9 (Killed)
06-10 19:29:57.444 24990 25891 W InputDispatcher: Attempted to unregister already unregistered input channel '89ddd05 com.plan.kot32.tomatotime/com.plan.kot32.tomatotime.activity.view.XuebaActivity (server)'
06-10 19:29:57.449 24990 25877 W WindowManager: Cannot find window which accessibility connection is added to
06-10 19:29:57.454   314   370 W EmuHWC2 : No layers, exit, buffer 0xf1000490
06-10 19:29:57.455 24990 27590 W WindowManager: Cannot find window which accessibility connection is added to
06-10 19:29:57.456 24990 25003 I WindowManager: WIN DEATH: Window{6941210 u0 com.plan.kot32.tomatotime/com.plan.kot32.tomatotime.activity.view.XuebaControlSelfActivity}
