06-10 15:46:21.327 18837 19261 W System.err: 	at okhttp3.internal.http.RealInterceptorChain.proceed(Unknown Source:6)
06-10 15:46:21.327 18837 19261 W System.err: 	at okhttp3.internal.cache.CacheInterceptor.intercept(Unknown Source:137)
06-10 15:46:21.327 18837 19261 W System.err: 	at okhttp3.internal.http.RealInterceptorChain.proceed(Unknown Source:173)
06-10 15:46:21.327 18837 19261 W System.err: 	at okhttp3.internal.http.RealInterceptorChain.proceed(Unknown Source:6)
06-10 15:46:21.327 18837 19261 W System.err: 	at okhttp3.internal.http.BridgeInterceptor.intercept(Unknown Source:221)
06-10 15:46:21.327 18837 19261 W System.err: 	at okhttp3.internal.http.RealInterceptorChain.proceed(Unknown Source:173)
06-10 15:46:21.327 18837 19261 W System.err: 	at okhttp3.internal.http.RetryAndFollowUpInterceptor.intercept(Unknown Source:48)
06-10 15:46:21.327 18837 19261 W System.err: 	at okhttp3.internal.http.RealInterceptorChain.proceed(Unknown Source:173)
06-10 15:46:21.327 18837 19261 W System.err: 	at okhttp3.internal.http.RealInterceptorChain.proceed(Unknown Source:6)
06-10 15:46:21.327 18837 19261 W System.err: 	at okhttp3.RealCall.getResponseWithInterceptorChain(Unknown Source:115)
06-10 15:46:21.327 18837 19261 W System.err: 	at okhttp3.RealCall.execute(Unknown Source:31)
06-10 15:46:21.327 18837 19261 W System.err: 	at com.alibaba.sdk.android.oss.network.OSSRequestTask.call(Unknown Source:582)
06-10 15:46:21.327 18837 19261 W System.err: 	at com.alibaba.sdk.android.oss.network.OSSRequestTask.call(Unknown Source:1031)
06-10 15:46:21.327 18837 19261 W System.err: 	at com.alibaba.sdk.android.oss.network.OSSRequestTask.call(Unknown Source:0)
06-10 15:46:21.327 18837 19261 W System.err: 	at java.util.concurrent.FutureTask.run(FutureTask.java:266)
06-10 15:46:21.327 18837 19261 W System.err: 	at java.util.concurrent.ThreadPoolExecutor.runWorker(ThreadPoolExecutor.java:1167)
06-10 15:46:21.327 18837 19261 W System.err: 	at java.util.concurrent.ThreadPoolExecutor$Worker.run(ThreadPoolExecutor.java:641)
06-10 15:46:21.327 18837 19261 W System.err: 	at java.lang.Thread.run(Thread.java:923)
06-10 15:46:21.327 18837 19202 W System.err: java.net.UnknownHostException: Unable to resolve host "config.fqtodo.cn": No address associated with hostname
06-10 15:46:21.327 18837 19202 W System.err: 	at java.net.Inet6AddressImpl.lookupHostByName(Inet6AddressImpl.java:124)
06-10 15:46:21.327 18837 19202 W System.err: 	at java.net.Inet6AddressImpl.lookupAllHostAddr(Inet6AddressImpl.java:103)
06-10 15:46:21.327 18837 19202 W System.err: 	at java.net.InetAddress.getAllByName(InetAddress.java:1152)
06-10 15:46:21.327 18837 19202 W System.err: 	at okhttp3.Dns$1.lookup(Unknown Source:2)
06-10 15:46:21.327 18837 19202 W System.err: 	at okhttp3.internal.connection.RouteSelector.resetNextInetSocketAddress(Unknown Source:134)
06-10 15:46:21.327 18837 19202 W System.err: 	at okhttp3.internal.connection.RouteSelector.nextProxy(Unknown Source:20)
06-10 15:46:21.327 18837 19202 W System.err: 	at okhttp3.internal.connection.RouteSelector.next(Unknown Source:17)
06-10 15:46:21.327 18837 19202 W System.err: 	at okhttp3.internal.connection.StreamAllocation.findConnection(Unknown Source:105)
06-10 15:46:21.327 18837 19202 W System.err: 	at okhttp3.internal.connection.StreamAllocation.findHealthyConnection(Unknown Source:0)
06-10 15:46:21.327 18837 19202 W System.err: 	at okhttp3.internal.connection.StreamAllocation.newStream(Unknown Source:22)
06-10 15:46:21.327 18837 19202 W System.err: 	at okhttp3.internal.connection.ConnectInterceptor.intercept(Unknown Source:30)
06-10 15:46:21.327 18837 19202 W System.err: 	at okhttp3.internal.http.RealInterceptorChain.proceed(Unknown Source:173)
06-10 15:46:21.327 18837 19202 W System.err: 	at okhttp3.internal.http.RealInterceptorChain.proceed(Unknown Source:6)
06-10 15:46:21.327 18837 19202 W System.err: 	at okhttp3.internal.cache.CacheInterceptor.intercept(Unknown Source:137)
06-10 15:46:21.327 18837 19202 W System.err: 	at okhttp3.internal.http.RealInterceptorChain.proceed(Unknown Source:173)
06-10 15:46:21.327 18837 19202 W System.err: 	at okhttp3.internal.http.RealInterceptorChain.proceed(Unknown Source:6)
06-10 15:46:21.327 18837 19202 W System.err: 	at okhttp3.internal.http.BridgeInterceptor.intercept(Unknown Source:221)
06-10 15:46:21.327 18837 19202 W System.err: 	at okhttp3.internal.http.RealInterceptorChain.proceed(Unknown Source:173)
06-10 15:46:21.327 18837 19202 W System.err: 	at okhttp3.internal.http.RetryAndFollowUpInterceptor.intercept(Unknown Source:48)
06-10 15:46:21.327 18837 19202 W System.err: 	at okhttp3.internal.http.RealInterceptorChain.proceed(Unknown Source:173)
06-10 15:46:21.327 18837 19202 W System.err: 	at okhttp3.internal.http.RealInterceptorChain.proceed(Unknown Source:6)
06-10 15:46:21.327 18837 19202 W System.err: 	at okhttp3.RealCall.getResponseWithInterceptorChain(Unknown Source:115)
06-10 15:46:21.327 18837 19202 W System.err: 	at okhttp3.RealCall.execute(Unknown Source:31)
06-10 15:46:21.327 18837 19202 W System.err: 	at com.alibaba.sdk.android.oss.network.OSSRequestTask.call(Unknown Source:582)
06-10 15:46:21.327 18837 19202 W System.err: 	at com.alibaba.sdk.android.oss.network.OSSRequestTask.call(Unknown Source:1031)
06-10 15:46:21.327 18837 19202 W System.err: 	at com.alibaba.sdk.android.oss.network.OSSRequestTask.call(Unknown Source:0)
06-10 15:46:21.327 18837 19202 W System.err: 	at java.util.concurrent.FutureTask.run(FutureTask.java:266)
06-10 15:46:21.327 18837 19202 W System.err: 	at java.util.concurrent.ThreadPoolExecutor.runWorker(ThreadPoolExecutor.java:1167)
06-10 15:46:21.327 18837 19202 W System.err: 	at java.util.concurrent.ThreadPoolExecutor$Worker.run(ThreadPoolExecutor.java:641)
06-10 15:46:21.327 18837 19202 W System.err: 	at java.lang.Thread.run(Thread.java:923)
06-10 15:46:21.327 18837 19204 W System.err: java.net.UnknownHostException: Unable to resolve host "config.fqtodo.cn": No address associated with hostname
06-10 15:46:21.327 18837 19204 W System.err: 	at java.net.Inet6AddressImpl.lookupHostByName(Inet6AddressImpl.java:124)
06-10 15:46:21.327 18837 19204 W System.err: 	at java.net.Inet6AddressImpl.lookupAllHostAddr(Inet6AddressImpl.java:103)
06-10 15:46:21.327 18837 19204 W System.err: 	at java.net.InetAddress.getAllByName(InetAddress.java:1152)
06-10 15:46:21.327 18837 19204 W System.err: 	at okhttp3.Dns$1.lookup(Unknown Source:2)
06-10 15:46:21.327 18837 19204 W System.err: 	at okhttp3.internal.connection.RouteSelector.resetNextInetSocketAddress(Unknown Source:134)
06-10 15:46:21.327 18837 19204 W System.err: 	at okhttp3.internal.connection.RouteSelector.nextProxy(Unknown Source:20)
06-10 15:46:21.327 18837 19204 W System.err: 	at okhttp3.internal.connection.RouteSelector.next(Unknown Source:17)
06-10 15:46:21.327 18837 19204 W System.err: 	at okhttp3.internal.connection.StreamAllocation.findConnection(Unknown Source:105)
06-10 15:46:21.327 18837 19204 W System.err: 	at okhttp3.internal.connection.StreamAllocation.findHealthyConnection(Unknown Source:0)
06-10 15:46:21.327 18837 19204 W System.err: 	at okhttp3.internal.connection.StreamAllocation.newStream(Unknown Source:22)
06-10 15:46:21.327 18837 19204 W System.err: 	at okhttp3.internal.connection.ConnectInterceptor.intercept(Unknown Source:30)
06-10 15:46:21.327 18837 19204 W System.err: 	at okhttp3.internal.http.RealInterceptorChain.proceed(Unknown Source:173)
06-10 15:46:21.327 18837 19204 W System.err: 	at okhttp3.internal.http.RealInterceptorChain.proceed(Unknown Source:6)
06-10 15:46:21.328 18837 19204 W System.err: 	at okhttp3.internal.cache.CacheInterceptor.intercept(Unknown Source:137)
06-10 15:46:21.328 18837 19204 W System.err: 	at okhttp3.internal.http.RealInterceptorChain.proceed(Unknown Source:173)
06-10 15:46:21.328 18837 19204 W System.err: 	at okhttp3.internal.http.RealInterceptorChain.proceed(Unknown Source:6)
06-10 15:46:21.328 18837 19204 W System.err: 	at okhttp3.internal.http.BridgeInterceptor.intercept(Unknown Source:221)
06-10 15:46:21.328 18837 19204 W System.err: 	at okhttp3.internal.http.RealInterceptorChain.proceed(Unknown Source:173)
06-10 15:46:21.328 18837 19204 W System.err: 	at okhttp3.internal.http.RetryAndFollowUpInterceptor.intercept(Unknown Source:48)
06-10 15:46:21.328 18837 19204 W System.err: 	at okhttp3.internal.http.RealInterceptorChain.proceed(Unknown Source:173)
06-10 15:46:21.328 18837 19204 W System.err: 	at okhttp3.internal.http.RealInterceptorChain.proceed(Unknown Source:6)
06-10 15:46:21.328 18837 19204 W System.err: 	at okhttp3.RealCall.getResponseWithInterceptorChain(Unknown Source:115)
06-10 15:46:21.328 18837 19204 W System.err: 	at okhttp3.RealCall.execute(Unknown Source:31)
06-10 15:46:21.328 18837 19204 W System.err: 	at com.alibaba.sdk.android.oss.network.OSSRequestTask.call(Unknown Source:582)
06-10 15:46:21.328 18837 19204 W System.err: 	at com.alibaba.sdk.android.oss.network.OSSRequestTask.call(Unknown Source:1031)
06-10 15:46:21.328 18837 19204 W System.err: 	at com.alibaba.sdk.android.oss.network.OSSRequestTask.call(Unknown Source:0)
06-10 15:46:21.328 18837 19204 W System.err: 	at java.util.concurrent.FutureTask.run(FutureTask.java:266)
06-10 15:46:21.328 18837 19204 W System.err: 	at java.util.concurrent.ThreadPoolExecutor.runWorker(ThreadPoolExecutor.java:1167)
06-10 15:46:21.328 18837 19204 W System.err: 	at java.util.concurrent.ThreadPoolExecutor$Worker.run(ThreadPoolExecutor.java:641)
06-10 15:46:21.328 18837 19204 W System.err: 	at java.lang.Thread.run(Thread.java:923)
06-10 15:46:30.979 18837 19215 W System.err: java.lang.SecurityException: getDataNetworkTypeForSubscriber
06-10 15:46:30.979 18837 19215 W System.err: 	at android.os.Parcel.createExceptionOrNull(Parcel.java:2373)
06-10 15:46:30.979 18837 19215 W System.err: 	at android.os.Parcel.createException(Parcel.java:2357)
06-10 15:46:30.979 18837 19215 W System.err: 	at android.os.Parcel.readException(Parcel.java:2340)
06-10 15:46:30.979 18837 19215 W System.err: 	at android.os.Parcel.readException(Parcel.java:2282)
06-10 15:46:30.979 18837 19215 W System.err: 	at com.android.internal.telephony.ITelephony$Stub$Proxy.getNetworkTypeForSubscriber(ITelephony.java:8762)
06-10 15:46:30.979 18837 19215 W System.err: 	at android.telephony.TelephonyManager.getNetworkType(TelephonyManager.java:3021)
06-10 15:46:30.979 18837 19215 W System.err: 	at android.telephony.TelephonyManager.getNetworkType(TelephonyManager.java:2985)
06-10 15:46:30.979 18837 19215 W System.err: 	at com.tencent.bugly.proguard.ab.c(Unknown Source:57)
06-10 15:46:30.980 18837 19215 W System.err: 	at com.tencent.bugly.proguard.af.a(Unknown Source:138)
06-10 15:46:30.980 18837 19215 W System.err: 	at com.tencent.bugly.proguard.aj.run(Unknown Source:368)
06-10 15:46:30.980 18837 19215 W System.err: 	at com.tencent.bugly.proguard.ai$1.run(Unknown Source:2)
06-10 15:46:30.980 18837 19215 W System.err: 	at java.lang.Thread.run(Thread.java:923)
06-10 15:46:34.517  3235 20515 W GAv4-SVC: Network compressed POST connection error: java.net.UnknownHostException: Unable to resolve host "ssl.google-analytics.com": No address associated with hostname
06-10 15:46:50.999 18837 19215 W System.err: java.net.UnknownHostException: Unable to resolve host "android.bugly.qq.com": No address associated with hostname
06-10 15:46:51.000 18837 19215 W System.err: 	at java.net.Inet6AddressImpl.lookupHostByName(Inet6AddressImpl.java:156)
06-10 15:46:51.000 18837 19215 W System.err: 	at java.net.Inet6AddressImpl.lookupAllHostAddr(Inet6AddressImpl.java:103)
06-10 15:46:51.000 18837 19215 W System.err: 	at java.net.InetAddress.getAllByName(InetAddress.java:1152)
06-10 15:46:51.000 18837 19215 W System.err: 	at com.android.okhttp.Dns$1.lookup(Dns.java:41)
06-10 15:46:51.000 18837 19215 W System.err: 	at com.android.okhttp.internal.http.RouteSelector.resetNextInetSocketAddress(RouteSelector.java:178)
06-10 15:46:51.000 18837 19215 W System.err: 	at com.android.okhttp.internal.http.RouteSelector.nextProxy(RouteSelector.java:144)
06-10 15:46:51.000 18837 19215 W System.err: 	at com.android.okhttp.internal.http.RouteSelector.next(RouteSelector.java:86)
06-10 15:46:51.000 18837 19215 W System.err: 	at com.android.okhttp.internal.http.StreamAllocation.findConnection(StreamAllocation.java:176)
06-10 15:46:51.000 18837 19215 W System.err: 	at com.android.okhttp.internal.http.StreamAllocation.findHealthyConnection(StreamAllocation.java:128)
06-10 15:46:51.000 18837 19215 W System.err: 	at com.android.okhttp.internal.http.StreamAllocation.newStream(StreamAllocation.java:97)
06-10 15:46:51.000 18837 19215 W System.err: 	at com.android.okhttp.internal.http.HttpEngine.connect(HttpEngine.java:289)
06-10 15:46:51.000 18837 19215 W System.err: 	at com.android.okhttp.internal.http.HttpEngine.sendRequest(HttpEngine.java:232)
06-10 15:46:51.000 18837 19215 W System.err: 	at com.android.okhttp.internal.huc.HttpURLConnectionImpl.execute(HttpURLConnectionImpl.java:465)
06-10 15:46:51.000 18837 19215 W System.err: 	at com.android.okhttp.internal.huc.HttpURLConnectionImpl.connect(HttpURLConnectionImpl.java:131)
06-10 15:46:51.000 18837 19215 W System.err: 	at com.android.okhttp.internal.huc.HttpURLConnectionImpl.getOutputStream(HttpURLConnectionImpl.java:262)
06-10 15:46:51.000 18837 19215 W System.err: 	at com.android.okhttp.internal.huc.DelegatingHttpsURLConnection.getOutputStream(DelegatingHttpsURLConnection.java:219)
06-10 15:46:51.000 18837 19215 W System.err: 	at com.android.okhttp.internal.huc.HttpsURLConnectionImpl.getOutputStream(HttpsURLConnectionImpl.java:30)
06-10 15:46:51.000 18837 19215 W System.err: 	at com.tencent.bugly.proguard.af.a(Unknown Source:127)
06-10 15:46:51.000 18837 19215 W System.err: 	at com.tencent.bugly.proguard.af.a(Unknown Source:170)
06-10 15:46:51.000 18837 19215 W System.err: 	at com.tencent.bugly.proguard.aj.run(Unknown Source:368)
06-10 15:46:51.000 18837 19215 W System.err: 	at com.tencent.bugly.proguard.ai$1.run(Unknown Source:2)
06-10 15:46:51.000 18837 19215 W System.err: 	at java.lang.Thread.run(Thread.java:923)
06-10 15:46:51.000 18837 19215 W System.err: Caused by: android.system.GaiException: android_getaddrinfo failed: EAI_NODATA (No address associated with hostname)
06-10 15:46:51.000 18837 19215 W System.err: 	at libcore.io.Linux.android_getaddrinfo(Native Method)
06-10 15:46:51.000 18837 19215 W System.err: 	at libcore.io.ForwardingOs.android_getaddrinfo(ForwardingOs.java:73)
06-10 15:46:51.000 18837 19215 W System.err: 	at libcore.io.BlockGuardOs.android_getaddrinfo(BlockGuardOs.java:202)
06-10 15:46:51.000 18837 19215 W System.err: 	at libcore.io.ForwardingOs.android_getaddrinfo(ForwardingOs.java:73)
06-10 15:46:51.000 18837 19215 W System.err: 	at java.net.Inet6AddressImpl.lookupHostByName(Inet6AddressImpl.java:135)
06-10 15:46:51.000 18837 19215 W System.err: 	... 21 more
06-10 15:46:54.567   908   908 E DnsResolver: resNetworkResult:android.system.ErrnoException: resNetworkResult failed: ETIMEDOUT (Connection timed out)
06-10 15:46:54.577   908   908 I chatty  : uid=1073(network_stack) com.android.networkstack.process identical 2 lines
06-10 15:46:54.578   908   908 E DnsResolver: resNetworkResult:android.system.ErrnoException: resNetworkResult failed: ETIMEDOUT (Connection timed out)
06-10 15:47:02.073   496   496 E wifi_forwarder: qemu_pipe_open_ns:62: Could not connect to the 'pipe:qemud:wififorward' service: Invalid argument
06-10 15:47:02.073   496   496 E wifi_forwarder: RemoteConnection failed to initialize: RemoteConnection failed to open pipe
06-10 15:47:02.746   483   483 E netmgr  : qemu_pipe_open_ns:62: Could not connect to the 'pipe:qemud:network' service: Invalid argument
06-10 15:47:02.746   483   483 E netmgr  : Failed to open QEMU pipe 'qemud:network': Invalid argument
06-10 15:47:14.615   570   608 W BroadcastQueue: Background execution not allowed: receiving Intent { act=android.net.conn.NETWORK_CONDITIONS_MEASURED flg=0x10 (has extras) } to com.google.android.gms/.chimera.GmsIntentOperationService$PersistentTrustedReceiver
06-10 15:47:56.731 20826 20828 I cmd     : oneway function results will be dropped but finished with status OK and parcel size 4
06-10 15:47:56.985   570  1220 I ActivityManager: Force stopping com.plan.kot32.tomatotime appid=10154 user=0: from pid 20838
06-10 15:47:56.986   570  1220 I ActivityManager: Killing 18837:com.plan.kot32.tomatotime/u0a154 (adj 0): stop com.plan.kot32.tomatotime due to from pid 20838
06-10 15:47:56.986   570  1220 W ActivityTaskManager: Force removing ActivityRecord{6ed98e5 u0 com.plan.kot32.tomatotime/.activity.MainActivity t23 f}}: app died, no saved state
06-10 15:47:56.993   570  1220 W InputReader: Device virtio_input_multi_touch_9 is associated with display ADISPLAY_ID_NONE.
06-10 15:47:56.993   570  1220 W InputReader: Device virtio_input_multi_touch_7 is associated with display ADISPLAY_ID_NONE.
06-10 15:47:56.993   570  1220 W InputReader: Device virtio_input_multi_touch_10 is associated with display ADISPLAY_ID_NONE.
06-10 15:47:56.993   570  1220 W InputReader: Device virtio_input_multi_touch_6 is associated with display ADISPLAY_ID_NONE.
06-10 15:47:56.993   570  1220 W InputReader: Device virtio_input_multi_touch_4 is associated with display ADISPLAY_ID_NONE.
06-10 15:47:56.993   570  1220 W InputReader: Device virtio_input_multi_touch_3 is associated with display ADISPLAY_ID_NONE.
06-10 15:47:56.993   570  1220 W InputReader: Device virtio_input_multi_touch_11 is associated with display ADISPLAY_ID_NONE.
06-10 15:47:56.993   570  1220 W InputReader: Device virtio_input_multi_touch_8 is associated with display ADISPLAY_ID_NONE.
06-10 15:47:56.993   570  1220 W InputReader: Device virtio_input_multi_touch_5 is associated with display ADISPLAY_ID_NONE.
06-10 15:47:56.993   570  1220 W InputReader: Device virtio_input_multi_touch_2 is associated with display ADISPLAY_ID_NONE.
06-10 15:47:56.994   570  1220 W InputReader: Device virtio_input_multi_touch_9 is associated with display ADISPLAY_ID_NONE.
06-10 15:47:56.994   570  1220 W InputReader: Device virtio_input_multi_touch_7 is associated with display ADISPLAY_ID_NONE.
06-10 15:47:56.994   570  1220 W InputReader: Device virtio_input_multi_touch_10 is associated with display ADISPLAY_ID_NONE.
06-10 15:47:56.994   570  1220 W InputReader: Device virtio_input_multi_touch_6 is associated with display ADISPLAY_ID_NONE.
06-10 15:47:56.994   570  1220 W InputReader: Device virtio_input_multi_touch_4 is associated with display ADISPLAY_ID_NONE.
06-10 15:47:56.994   570  1220 W InputReader: Device virtio_input_multi_touch_3 is associated with display ADISPLAY_ID_NONE.
06-10 15:47:56.994   570  1220 W InputReader: Device virtio_input_multi_touch_11 is associated with display ADISPLAY_ID_NONE.
06-10 15:47:56.994   570  1220 W InputReader: Device virtio_input_multi_touch_8 is associated with display ADISPLAY_ID_NONE.
06-10 15:47:56.994   570  1220 W InputReader: Device virtio_input_multi_touch_5 is associated with display ADISPLAY_ID_NONE.
06-10 15:47:56.994   570  1220 W InputReader: Device virtio_input_multi_touch_2 is associated with display ADISPLAY_ID_NONE.
06-10 15:47:56.999   314   314 W EmuHWC2 : No layers, exit, buffer 0xf1000910
06-10 15:47:57.009 20838 20840 I cmd     : oneway function results will be dropped but finished with status OK and parcel size 4
06-10 15:47:57.015   314   314 W EmuHWC2 : No layers, exit, buffer 0xf1000910
06-10 15:47:57.019   570  1141 W WindowManager: Cannot find window which accessibility connection is added to
06-10 15:47:57.024   570  1568 W WindowManager: Cannot find window which accessibility connection is added to
06-10 15:47:57.025   570   598 W ActivityManager: setHasOverlayUi called on unknown pid: 18837
06-10 15:47:57.026   292   292 I Zygote  : Process 18837 exited due to signal 9 (Killed)
06-10 15:47:57.028   570   610 I libprocessgroup: Successfully killed process cgroup uid 10154 pid 18837 in 42ms
06-10 15:47:57.042   314   314 W EmuHWC2 : No layers, exit, buffer 0xf1000910
06-10 15:47:57.064   314   314 W EmuHWC2 : No layers, exit, buffer 0xf1000910
06-10 15:47:57.080   314   314 W EmuHWC2 : No layers, exit, buffer 0xf1000910
06-10 15:47:57.143   570  1220 W ActivityManager: Unable to start service Intent { act=android.service.appprediction.AppPredictionService cmp=com.google.android.as/com.google.android.apps.miphone.aiai.app.AiAiPredictionService } U=0: not found
06-10 15:47:57.143   570  1220 W RemoteAppPredictionService: could not bind to Intent { act=android.service.appprediction.AppPredictionService cmp=com.google.android.as/com.google.android.apps.miphone.aiai.app.AiAiPredictionService } using flags 67108865
06-10 15:47:57.147   314   314 W EmuHWC2 : No layers, exit, buffer 0xf1000910
06-10 15:47:57.177  1473  2192 W ThreadPoolDumper: Queue length for executor EventBus is now 11. Perhaps some tasks are too long, or the pool is too small.
06-10 15:47:57.189  1473  2026 W LocationOracle: No location history returned by ContextManager
06-10 15:47:57.199 20851 20853 I cmd     : oneway function results will be dropped but finished with status OK and parcel size 4
06-10 15:47:57.224  1473  2024 E MDD     : DownloadProgressMonitor: Can't find file group for uri: android://com.google.android.googlequicksearchbox/files/sharedminusonemodule/shared/SharedMinusOneData.pb.tmp
06-10 15:47:57.242  1473  1473 I BgTaskExecutorImpl: Starting EXCLUSIVE background task TNG_MINUS_ONE_SYNC.
06-10 15:47:57.243  1298  2251 W GCoreFlp: No location to return for getLastLocation()
06-10 15:47:57.249  1473  2192 I TngMinusOneSync: Syncing TNG:-1
06-10 15:47:58.463 20881 20883 I cmd     : oneway function results will be dropped but finished with status OK and parcel size 4
06-10 15:48:00.264 20919 20921 I cmd     : oneway function results will be dropped but finished with status OK and parcel size 4
06-10 15:48:00.595 20947 20951 I cmd     : oneway function results will be dropped but finished with status OK and parcel size 4
06-10 15:48:00.653 20959 20961 I cmd     : oneway function results will be dropped but finished with status OK and parcel size 4
06-10 15:48:01.278   570  1087 I ActivityTaskManager: START u0 {act=android.intent.action.MAIN cat=[android.intent.category.LAUNCHER] flg=0x10000000 cmp=com.plan.kot32.tomatotime/.activity.SplashActivity} from uid 2000
06-10 15:48:01.280   411   411 I perfetto: ing_service_impl.cc:758 Configured tracing session 19, #sources:1, duration:5000 ms, #buffers:1, total buffer size:4096 KB, total sessions:1, uid:1071 session name: ""
06-10 15:48:01.281   402   402 I perfetto: probes_producer.cc:230  Ftrace setup (target_buf=19)
06-10 15:48:01.287 21010 21012 I cmd     : oneway function results will be dropped but finished with status OK and parcel size 4
06-10 15:48:01.320   402   402 I perfetto: ftrace_procfs.cc:176    enabled ftrace
06-10 15:48:01.322   570   609 I ActivityManager: Start proc 21019:com.plan.kot32.tomatotime/u0a154 for pre-top-activity {com.plan.kot32.tomatotime/com.plan.kot32.tomatotime.activity.SplashActivity}
06-10 15:48:01.324 21019 21019 W ot32.tomatotim: Unexpected CPU variant for X86 using defaults: x86
06-10 15:48:01.327 21019 21019 E ot32.tomatotim: Not starting debugger since process cannot load the jdwp agent.
06-10 15:48:01.333   570  1087 W InputReader: Device virtio_input_multi_touch_9 is associated with display ADISPLAY_ID_NONE.
06-10 15:48:01.333   570  1087 W InputReader: Device virtio_input_multi_touch_7 is associated with display ADISPLAY_ID_NONE.
06-10 15:48:01.333   570  1087 W InputReader: Device virtio_input_multi_touch_10 is associated with display ADISPLAY_ID_NONE.
06-10 15:48:01.333   570  1087 W InputReader: Device virtio_input_multi_touch_6 is associated with display ADISPLAY_ID_NONE.
06-10 15:48:01.333   570  1087 W InputReader: Device virtio_input_multi_touch_4 is associated with display ADISPLAY_ID_NONE.
06-10 15:48:01.333   570  1087 W InputReader: Device virtio_input_multi_touch_3 is associated with display ADISPLAY_ID_NONE.
06-10 15:48:01.333   570  1087 W InputReader: Device virtio_input_multi_touch_11 is associated with display ADISPLAY_ID_NONE.
06-10 15:48:01.333   570  1087 W InputReader: Device virtio_input_multi_touch_8 is associated with display ADISPLAY_ID_NONE.
06-10 15:48:01.333   570  1087 W InputReader: Device virtio_input_multi_touch_5 is associated with display ADISPLAY_ID_NONE.
06-10 15:48:01.333   570  1087 W InputReader: Device virtio_input_multi_touch_2 is associated with display ADISPLAY_ID_NONE.
06-10 15:48:01.333   570  1087 W InputReader: Device virtio_input_multi_touch_9 is associated with display ADISPLAY_ID_NONE.
06-10 15:48:01.333   570  1087 W InputReader: Device virtio_input_multi_touch_7 is associated with display ADISPLAY_ID_NONE.
06-10 15:48:01.333   570  1087 W InputReader: Device virtio_input_multi_touch_10 is associated with display ADISPLAY_ID_NONE.
06-10 15:48:01.333   570  1087 W InputReader: Device virtio_input_multi_touch_6 is associated with display ADISPLAY_ID_NONE.
06-10 15:48:01.333   570  1087 W InputReader: Device virtio_input_multi_touch_4 is associated with display ADISPLAY_ID_NONE.
06-10 15:48:01.333   570  1087 W InputReader: Device virtio_input_multi_touch_3 is associated with display ADISPLAY_ID_NONE.
06-10 15:48:01.333   570  1087 W InputReader: Device virtio_input_multi_touch_11 is associated with display ADISPLAY_ID_NONE.
06-10 15:48:01.333   570  1087 W InputReader: Device virtio_input_multi_touch_8 is associated with display ADISPLAY_ID_NONE.
06-10 15:48:01.333   570  1087 W InputReader: Device virtio_input_multi_touch_5 is associated with display ADISPLAY_ID_NONE.
06-10 15:48:01.333   570  1087 W InputReader: Device virtio_input_multi_touch_2 is associated with display ADISPLAY_ID_NONE.
06-10 15:48:01.345 21019 21019 I ot32.tomatotim: The ClassLoaderContext is a special shared library.
06-10 15:48:01.347 21019 21019 E LoadedApk: Unable to instantiate appComponentFactory
06-10 15:48:01.347 21019 21019 E LoadedApk: java.lang.ClassNotFoundException: Didn't find class "androidx.core.app.CoreComponentFactory" on path: DexPathList[[zip file "/data/app/~~65FfnZ1yQjL_cHarWiviOA==/com.plan.kot32.tomatotime-eraROl5JIrY9FpE7kSN6pQ==/base.apk"],nativeLibraryDirectories=[/data/app/~~65FfnZ1yQjL_cHarWiviOA==/com.plan.kot32.tomatotime-eraROl5JIrY9FpE7kSN6pQ==/lib/x86, /data/app/~~65FfnZ1yQjL_cHarWiviOA==/com.plan.kot32.tomatotime-eraROl5JIrY9FpE7kSN6pQ==/base.apk!/lib/x86, /system/lib, /system_ext/lib]]
06-10 15:48:01.347 21019 21019 E LoadedApk: 	at dalvik.system.BaseDexClassLoader.findClass(BaseDexClassLoader.java:207)
06-10 15:48:01.347 21019 21019 E LoadedApk: 	at java.lang.ClassLoader.loadClass(ClassLoader.java:379)
06-10 15:48:01.347 21019 21019 E LoadedApk: 	at java.lang.ClassLoader.loadClass(ClassLoader.java:312)
06-10 15:48:01.347 21019 21019 E LoadedApk: 	at android.app.LoadedApk.createAppFactory(LoadedApk.java:260)
06-10 15:48:01.347 21019 21019 E LoadedApk: 	at android.app.LoadedApk.createOrUpdateClassLoaderLocked(LoadedApk.java:905)
06-10 15:48:01.347 21019 21019 E LoadedApk: 	at android.app.LoadedApk.getClassLoader(LoadedApk.java:958)
06-10 15:48:01.347 21019 21019 E LoadedApk: 	at android.app.LoadedApk.getResources(LoadedApk.java:1190)
06-10 15:48:01.347 21019 21019 E LoadedApk: 	at android.app.ContextImpl.createAppContext(ContextImpl.java:2663)
06-10 15:48:01.347 21019 21019 E LoadedApk: 	at android.app.ContextImpl.createAppContext(ContextImpl.java:2655)
06-10 15:48:01.347 21019 21019 E LoadedApk: 	at android.app.ActivityThread.handleBindApplication(ActivityThread.java:6595)
06-10 15:48:01.347 21019 21019 E LoadedApk: 	at android.app.ActivityThread.access$1300(ActivityThread.java:237)
06-10 15:48:01.347 21019 21019 E LoadedApk: 	at android.app.ActivityThread$H.handleMessage(ActivityThread.java:1913)
06-10 15:48:01.347 21019 21019 E LoadedApk: 	at android.os.Handler.dispatchMessage(Handler.java:106)
06-10 15:48:01.347 21019 21019 E LoadedApk: 	at android.os.Looper.loop(Looper.java:223)
06-10 15:48:01.347 21019 21019 E LoadedApk: 	at android.app.ActivityThread.main(ActivityThread.java:7656)
06-10 15:48:01.347 21019 21019 E LoadedApk: 	at java.lang.reflect.Method.invoke(Native Method)
06-10 15:48:01.347 21019 21019 E LoadedApk: 	at com.android.internal.os.RuntimeInit$MethodAndArgsCaller.run(RuntimeInit.java:592)
06-10 15:48:01.347 21019 21019 E LoadedApk: 	at com.android.internal.os.ZygoteInit.main(ZygoteInit.java:947)
06-10 15:48:01.354 21019 21019 W ot32.tomatotime: type=1400 audit(0.0:474): avc: granted { execute } for path="/data/data/com.plan.kot32.tomatotime/.jiagu/libjgcpkt.so" dev="dm-5" ino=163891 scontext=u:r:untrusted_app:s0:c154,c256,c512,c768 tcontext=u:object_r:app_data_file:s0:c154,c256,c512,c768 tclass=file app=com.plan.kot32.tomatotime
06-10 15:48:01.358 21019 21019 I chatty  : uid=10154(com.plan.kot32.tomatotime) identical 2 lines
06-10 15:48:01.358 21019 21019 W ot32.tomatotime: type=1400 audit(0.0:477): avc: granted { execute } for path="/data/data/com.plan.kot32.tomatotime/.jiagu/libjgcpkt.so" dev="dm-5" ino=163891 scontext=u:r:untrusted_app:s0:c154,c256,c512,c768 tcontext=u:object_r:app_data_file:s0:c154,c256,c512,c768 tclass=file app=com.plan.kot32.tomatotime
06-10 15:48:01.632 21019 21019 W ot32.tomatotim: Opening an oat file without a class loader. Are you using the deprecated DexFile APIs?
06-10 15:48:01.668 21019 21019 W System.err: Warning: Using deprecated Element constructor. Do not use internal APIs, this constructor will be removed in the future.
06-10 15:48:01.678 21060 21061 I cmd     : oneway function results will be dropped but finished with status OK and parcel size 4
06-10 15:48:01.734 21019 21019 E 警告  : 尚未在本地保存用户信息
06-10 15:48:01.734 21019 21019 E 警告  : 本地加载用户数据文件失败
06-10 15:48:01.764 21019 21019 I eup     : register native abi method success
06-10 15:48:01.768   570   608 W BroadcastQueue: Permission Denial: broadcasting Intent { act=android.net.conn.CONNECTIVITY_CHANGE flg=0x4200010 (has extras) } from null (pid=-1, uid=-1) requires com.tencent.bugly.BuglyBroadcastReceiver.permission due to registered receiver BroadcastFilter{356aacf 10154/u0 ReceiverList{e0c0f2e 21019 com.plan.kot32.tomatotime/10154/u0 remote:566dda9}}
06-10 15:48:01.809 21019 21019 I fb-UnpackingSoSource: dso store is up-to-date: /data/user/0/com.plan.kot32.tomatotime/lib-main
06-10 15:48:01.849 21019 21097 I TetheringManager: registerTetheringEventCallback:com.plan.kot32.tomatotime
06-10 15:48:01.959   180   180 I hwservicemanager: getTransport: Cannot find entry android.hardware.configstore@1.0::ISurfaceFlingerConfigs/default in either framework or device manifest.
06-10 15:48:01.960 21019 21100 W OpenGLRenderer: Failed to choose config with EGL_SWAP_BEHAVIOR_PRESERVED, retrying without...
06-10 15:48:01.975 21019 21114 W SQLiteLog: (28) double-quoted string literal: "8C151DE70E16F17C579B6BEEFA829734"
06-10 15:48:01.975 21019 21114 W SQLiteLog: (28) double-quoted string literal: ""
06-10 15:48:01.975 21019 21114 W SQLiteLog: (28) double-quoted string literal: "8C151DE70E16F17C579B6BEEFA829734"
06-10 15:48:01.975 21019 21114 W SQLiteLog: (28) double-quoted string literal: "-1"
06-10 15:48:01.995   180   180 I hwservicemanager: getTransport: Cannot find entry android.hardware.graphics.mapper@4.0::IMapper/default in either framework or device manifest.
06-10 15:48:01.995 21019 21100 I Gralloc4: mapper 4.x is not supported
06-10 15:48:02.019   570   607 I ActivityTaskManager: Displayed com.plan.kot32.tomatotime/.activity.SplashActivity: +739ms
06-10 15:48:02.129   496   496 E wifi_forwarder: qemu_pipe_open_ns:62: Could not connect to the 'pipe:qemud:wififorward' service: Invalid argument
06-10 15:48:02.130   496   496 E wifi_forwarder: RemoteConnection failed to initialize: RemoteConnection failed to open pipe
06-10 15:48:02.338  1473 12345 I PBSessionCacheImpl: Deleted sessionId[6480103610401774] from persistence.
06-10 15:48:02.360  1473  2192 W SearchServiceCore: Abort, client detached.
06-10 15:48:02.422   570  1817 I ActivityTaskManager: START u0 {cmp=com.plan.kot32.tomatotime/.activity.MainActivity} from uid 10154
06-10 15:48:02.423   411   411 I perfetto: ing_service_impl.cc:758 Configured tracing session 20, #sources:1, duration:5000 ms, #buffers:1, total buffer size:4096 KB, total sessions:2, uid:1071 session name: ""
06-10 15:48:02.423   402   402 I perfetto: probes_producer.cc:230  Ftrace setup (target_buf=20)
06-10 15:48:02.427   570  1817 W ActivityTaskManager: Tried to set launchTime (0) < mLastActivityLaunchTime (6995640)
06-10 15:48:02.427   570  1817 W InputReader: Device virtio_input_multi_touch_9 is associated with display ADISPLAY_ID_NONE.
06-10 15:48:02.427   570  1817 W InputReader: Device virtio_input_multi_touch_7 is associated with display ADISPLAY_ID_NONE.
06-10 15:48:02.427   570  1817 W InputReader: Device virtio_input_multi_touch_10 is associated with display ADISPLAY_ID_NONE.
06-10 15:48:02.427   570  1817 W InputReader: Device virtio_input_multi_touch_6 is associated with display ADISPLAY_ID_NONE.
06-10 15:48:02.427   570  1817 W InputReader: Device virtio_input_multi_touch_4 is associated with display ADISPLAY_ID_NONE.
06-10 15:48:02.427   570  1817 W InputReader: Device virtio_input_multi_touch_3 is associated with display ADISPLAY_ID_NONE.
06-10 15:48:02.427   570  1817 W InputReader: Device virtio_input_multi_touch_11 is associated with display ADISPLAY_ID_NONE.
06-10 15:48:02.427   570  1817 W InputReader: Device virtio_input_multi_touch_8 is associated with display ADISPLAY_ID_NONE.
06-10 15:48:02.427   570  1817 W InputReader: Device virtio_input_multi_touch_5 is associated with display ADISPLAY_ID_NONE.
06-10 15:48:02.427   570  1817 W InputReader: Device virtio_input_multi_touch_2 is associated with display ADISPLAY_ID_NONE.
06-10 15:48:02.427   570  1817 W InputReader: Device virtio_input_multi_touch_9 is associated with display ADISPLAY_ID_NONE.
06-10 15:48:02.427   570  1817 W InputReader: Device virtio_input_multi_touch_7 is associated with display ADISPLAY_ID_NONE.
06-10 15:48:02.427   570  1817 W InputReader: Device virtio_input_multi_touch_10 is associated with display ADISPLAY_ID_NONE.
06-10 15:48:02.427   570  1817 W InputReader: Device virtio_input_multi_touch_6 is associated with display ADISPLAY_ID_NONE.
06-10 15:48:02.427   570  1817 W InputReader: Device virtio_input_multi_touch_4 is associated with display ADISPLAY_ID_NONE.
06-10 15:48:02.427   570  1817 W InputReader: Device virtio_input_multi_touch_3 is associated with display ADISPLAY_ID_NONE.
06-10 15:48:02.427   570  1817 W InputReader: Device virtio_input_multi_touch_11 is associated with display ADISPLAY_ID_NONE.
06-10 15:48:02.427   570  1817 W InputReader: Device virtio_input_multi_touch_8 is associated with display ADISPLAY_ID_NONE.
06-10 15:48:02.427   570  1817 W InputReader: Device virtio_input_multi_touch_5 is associated with display ADISPLAY_ID_NONE.
06-10 15:48:02.427   570  1817 W InputReader: Device virtio_input_multi_touch_2 is associated with display ADISPLAY_ID_NONE.
06-10 15:48:02.443 21019 21114 W SQLiteLog: (28) double-quoted string literal: "
06-10 15:48:02.443 21019 21114 W SQLiteLog: (28) double-quoted string literal: "8C151DE70E16F17C579B6BEEFA829734"
06-10 15:48:02.478 21019 21019 W System.err: java.lang.NullPointerException: Attempt to invoke virtual method 'void com.plan.kot32.tomatotime.activity.view.TopHeaderView.updateColor()' on a null object reference
06-10 15:48:02.479 21019 21019 W System.err: 	at com.plan.kot32.tomatotime.activity.MainActivity.IllIIllIll(Unknown Source:20)
06-10 15:48:02.479 21019 21019 W System.err: 	at com.plan.kot32.tomatotime.activity.MainActivity.j(Unknown Source:149)
06-10 15:48:02.479 21019 21019 W System.err: 	at com.plan.kot32.tomatotime.activity.MainActivity.onCreate(Native Method)
06-10 15:48:02.479 21019 21019 W System.err: 	at android.app.Activity.performCreate(Activity.java:8000)
06-10 15:48:02.479 21019 21019 W System.err: 	at android.app.Activity.performCreate(Activity.java:7984)
06-10 15:48:02.479 21019 21019 W System.err: 	at android.app.Instrumentation.callActivityOnCreate(Instrumentation.java:1309)
06-10 15:48:02.479 21019 21019 W System.err: 	at android.app.ActivityThread.performLaunchActivity(ActivityThread.java:3422)
06-10 15:48:02.479 21019 21019 W System.err: 	at android.app.ActivityThread.handleLaunchActivity(ActivityThread.java:3601)
06-10 15:48:02.479 21019 21019 W System.err: 	at android.app.servertransaction.LaunchActivityItem.execute(LaunchActivityItem.java:85)
06-10 15:48:02.479 21019 21019 W System.err: 	at android.app.servertransaction.TransactionExecutor.executeCallbacks(TransactionExecutor.java:135)
06-10 15:48:02.479 21019 21019 W System.err: 	at android.app.servertransaction.TransactionExecutor.execute(TransactionExecutor.java:95)
06-10 15:48:02.479 21019 21019 W System.err: 	at android.app.ActivityThread$H.handleMessage(ActivityThread.java:2066)
06-10 15:48:02.479 21019 21019 W System.err: 	at android.os.Handler.dispatchMessage(Handler.java:106)
06-10 15:48:02.479 21019 21019 W System.err: 	at android.os.Looper.loop(Looper.java:223)
06-10 15:48:02.479 21019 21019 W System.err: 	at android.app.ActivityThread.main(ActivityThread.java:7656)
06-10 15:48:02.479 21019 21019 W System.err: 	at java.lang.reflect.Method.invoke(Native Method)
06-10 15:48:02.479 21019 21019 W System.err: 	at com.android.internal.os.RuntimeInit$MethodAndArgsCaller.run(RuntimeInit.java:592)
06-10 15:48:02.479 21019 21019 W System.err: 	at com.android.internal.os.ZygoteInit.main(ZygoteInit.java:947)
06-10 15:48:02.490 21019 21019 W System.err: java.lang.NullPointerException: Attempt to invoke virtual method 'void com.plan.kot32.tomatotime.activity.view.TopHeaderView.updateColor()' on a null object reference
06-10 15:48:02.490 21019 21019 W System.err: 	at com.plan.kot32.tomatotime.activity.MainActivity.IllIIllIll(Unknown Source:20)
06-10 15:48:02.490 21019 21019 W System.err: 	at com.plan.kot32.tomatotime.activity.MainActivity.j(Unknown Source:149)
06-10 15:48:02.490 21019 21019 W System.err: 	at com.plan.kot32.tomatotime.activity.MainActivity.onResume(Unknown Source:12)
06-10 15:48:02.490 21019 21019 W System.err: 	at android.app.Instrumentation.callActivityOnResume(Instrumentation.java:1456)
06-10 15:48:02.490 21019 21019 W System.err: 	at android.app.Activity.performResume(Activity.java:8135)
06-10 15:48:02.490 21019 21019 W System.err: 	at android.app.ActivityThread.performResumeActivity(ActivityThread.java:4434)
06-10 15:48:02.490 21019 21019 W System.err: 	at android.app.ActivityThread.handleResumeActivity(ActivityThread.java:4476)
06-10 15:48:02.490 21019 21019 W System.err: 	at android.app.servertransaction.ResumeActivityItem.execute(ResumeActivityItem.java:52)
06-10 15:48:02.490 21019 21019 W System.err: 	at android.app.servertransaction.TransactionExecutor.executeLifecycleState(TransactionExecutor.java:176)
06-10 15:48:02.490 21019 21019 W System.err: 	at android.app.servertransaction.TransactionExecutor.execute(TransactionExecutor.java:97)
06-10 15:48:02.490 21019 21019 W System.err: 	at android.app.ActivityThread$H.handleMessage(ActivityThread.java:2066)
06-10 15:48:02.490 21019 21019 W System.err: 	at android.os.Handler.dispatchMessage(Handler.java:106)
06-10 15:48:02.490 21019 21019 W System.err: 	at android.os.Looper.loop(Looper.java:223)
06-10 15:48:02.490 21019 21019 W System.err: 	at android.app.ActivityThread.main(ActivityThread.java:7656)
06-10 15:48:02.490 21019 21019 W System.err: 	at java.lang.reflect.Method.invoke(Native Method)
06-10 15:48:02.490 21019 21019 W System.err: 	at com.android.internal.os.RuntimeInit$MethodAndArgsCaller.run(RuntimeInit.java:592)
06-10 15:48:02.490 21019 21019 W System.err: 	at com.android.internal.os.ZygoteInit.main(ZygoteInit.java:947)
06-10 15:48:02.495 21019 21114 W SQLiteLog: (28) double-quoted string literal: "8C151DE70E16F17C579B6BEEFA829734"
06-10 15:48:02.495 21019 21114 W SQLiteLog: (28) double-quoted string literal: ""
06-10 15:48:02.495 21019 21114 W SQLiteLog: (28) double-quoted string literal: "8C151DE70E16F17C579B6BEEFA829734"
06-10 15:48:02.495 21019 21114 W SQLiteLog: (28) double-quoted string literal: "-1"
06-10 15:48:02.704   570   607 I ActivityTaskManager: Displayed com.plan.kot32.tomatotime/.activity.MainActivity: +281ms
06-10 15:48:02.806   483   483 E netmgr  : qemu_pipe_open_ns:62: Could not connect to the 'pipe:qemud:network' service: Invalid argument
06-10 15:48:02.806   483   483 E netmgr  : Failed to open QEMU pipe 'qemud:network': Invalid argument
06-10 15:48:03.351 21019 21033 W System  : A resource failed to call close. 
06-10 15:48:03.351 21019 21033 I chatty  : uid=10154(com.plan.kot32.tomatotime) FinalizerDaemon identical 4 lines
06-10 15:48:03.351 21019 21033 W System  : A resource failed to call close. 
06-10 15:48:03.351 21019 21033 W System  : A resource failed to call release. 
06-10 15:48:03.351 21019 21033 W System  : A resource failed to call close. 
06-10 15:48:04.467   570   581 W System  : A resource failed to call release. 
06-10 15:48:04.467   570   581 I chatty  : uid=1000(system) FinalizerDaemon identical 1 line
06-10 15:48:04.467   570   581 W System  : A resource failed to call release. 
06-10 15:48:04.467   570   581 W System  : A resource failed to call dispose. 
06-10 15:48:04.535 21200 21202 I cmd     : oneway function results will be dropped but finished with status OK and parcel size 4
06-10 15:48:04.825 21227 21229 I cmd     : oneway function results will be dropped but finished with status OK and parcel size 4
06-10 15:48:06.282   402   402 I perfetto: probes_producer.cc:329  Producer stop (id=19)
06-10 15:48:06.284   411   411 I perfetto: ng_service_impl.cc:1948 Tracing session 19 ended, total sessions:1
06-10 15:48:06.291   427 21014 I iorapd  : Perfetto TraceBuffer saved to file: /data/misc/iorapd/com.plan.kot32.tomatotime/921/com.plan.kot32.tomatotime.activity.SplashActivity/raw_traces/1781106486291443901.perfetto_trace.pb
06-10 15:48:07.427   402   402 I perfetto: probes_producer.cc:329  Producer stop (id=20)
06-10 15:48:07.428   411   411 I perfetto: ng_service_impl.cc:1948 Tracing session 20 ended, total sessions:0
06-10 15:48:07.433   402   402 I perfetto: ftrace_procfs.cc:183    disabled ftrace
06-10 15:48:07.735 21250 21253 I cmd     : oneway function results will be dropped but finished with status OK and parcel size 4
06-10 15:48:16.600 21302 21304 I cmd     : oneway function results will be dropped but finished with status OK and parcel size 4
06-10 15:48:16.733   570  1568 I ActivityManager: Force stopping com.plan.kot32.tomatotime appid=10154 user=0: from pid 21316
06-10 15:48:16.734   570  1568 I ActivityManager: Killing 21019:com.plan.kot32.tomatotime/u0a154 (adj 0): stop com.plan.kot32.tomatotime due to from pid 21316
06-10 15:48:16.734   570  1568 W ActivityTaskManager: Force removing ActivityRecord{a22139a u0 com.plan.kot32.tomatotime/.activity.MainActivity t26 f}}: app died, no saved state
06-10 15:48:16.739   570  1568 W InputReader: Device virtio_input_multi_touch_9 is associated with display ADISPLAY_ID_NONE.
06-10 15:48:16.740   570  1568 W InputReader: Device virtio_input_multi_touch_7 is associated with display ADISPLAY_ID_NONE.
06-10 15:48:16.740   570  1568 W InputReader: Device virtio_input_multi_touch_10 is associated with display ADISPLAY_ID_NONE.
06-10 15:48:16.740   570  1568 W InputReader: Device virtio_input_multi_touch_6 is associated with display ADISPLAY_ID_NONE.
06-10 15:48:16.740   570  1568 W InputReader: Device virtio_input_multi_touch_4 is associated with display ADISPLAY_ID_NONE.
06-10 15:48:16.740   570  1568 W InputReader: Device virtio_input_multi_touch_3 is associated with display ADISPLAY_ID_NONE.
06-10 15:48:16.740   570  1568 W InputReader: Device virtio_input_multi_touch_11 is associated with display ADISPLAY_ID_NONE.
06-10 15:48:16.740   570  1568 W InputReader: Device virtio_input_multi_touch_8 is associated with display ADISPLAY_ID_NONE.
06-10 15:48:16.740   570  1568 W InputReader: Device virtio_input_multi_touch_5 is associated with display ADISPLAY_ID_NONE.
06-10 15:48:16.740   570  1568 W InputReader: Device virtio_input_multi_touch_2 is associated with display ADISPLAY_ID_NONE.
06-10 15:48:16.740   570  1568 W InputReader: Device virtio_input_multi_touch_9 is associated with display ADISPLAY_ID_NONE.
06-10 15:48:16.740   570  1568 W InputReader: Device virtio_input_multi_touch_7 is associated with display ADISPLAY_ID_NONE.
06-10 15:48:16.740   570  1568 W InputReader: Device virtio_input_multi_touch_10 is associated with display ADISPLAY_ID_NONE.
06-10 15:48:16.740   570  1568 W InputReader: Device virtio_input_multi_touch_6 is associated with display ADISPLAY_ID_NONE.
06-10 15:48:16.740   570  1568 W InputReader: Device virtio_input_multi_touch_4 is associated with display ADISPLAY_ID_NONE.
06-10 15:48:16.740   570  1568 W InputReader: Device virtio_input_multi_touch_3 is associated with display ADISPLAY_ID_NONE.
06-10 15:48:16.740   570  1568 W InputReader: Device virtio_input_multi_touch_11 is associated with display ADISPLAY_ID_NONE.
06-10 15:48:16.740   570  1568 W InputReader: Device virtio_input_multi_touch_8 is associated with display ADISPLAY_ID_NONE.
06-10 15:48:16.740   570  1568 W InputReader: Device virtio_input_multi_touch_5 is associated with display ADISPLAY_ID_NONE.
06-10 15:48:16.740   570  1568 W InputReader: Device virtio_input_multi_touch_2 is associated with display ADISPLAY_ID_NONE.
06-10 15:48:16.743 21316 21318 I cmd     : oneway function results will be dropped but finished with status OK and parcel size 4
06-10 15:48:16.748   314   314 W EmuHWC2 : No layers, exit, buffer 0xf1000910
06-10 15:48:16.759   570  1141 W WindowManager: Cannot find window which accessibility connection is added to
06-10 15:48:16.759   570  1087 W ActivityManager: Unable to start service Intent { act=android.service.appprediction.AppPredictionService cmp=com.google.android.as/com.google.android.apps.miphone.aiai.app.AiAiPredictionService } U=0: not found
06-10 15:48:16.760   570  1087 W RemoteAppPredictionService: could not bind to Intent { act=android.service.appprediction.AppPredictionService cmp=com.google.android.as/com.google.android.apps.miphone.aiai.app.AiAiPredictionService } using flags 67108865
06-10 15:48:16.761   570   598 W ActivityManager: setHasOverlayUi called on unknown pid: 21019
06-10 15:48:16.763   314   314 W EmuHWC2 : No layers, exit, buffer 0xf1000910
06-10 15:48:16.769   292   292 I Zygote  : Process 21019 exited due to signal 9 (Killed)
06-10 15:48:16.778   570   610 I libprocessgroup: Successfully killed process cgroup uid 10154 pid 21019 in 44ms
06-10 15:48:16.779   314   314 W EmuHWC2 : No layers, exit, buffer 0xf1000910
06-10 15:48:16.795   314   314 W EmuHWC2 : No layers, exit, buffer 0xf1000910
06-10 15:48:16.812   314   314 W EmuHWC2 : No layers, exit, buffer 0xf1000910
06-10 15:48:16.830   314   314 W EmuHWC2 : No layers, exit, buffer 0xf1000910
06-10 15:48:16.845   314   314 W EmuHWC2 : No layers, exit, buffer 0xf1000910
06-10 15:48:16.859  1473  2192 W ThreadPoolDumper: Queue length for executor EventBus is now 11. Perhaps some tasks are too long, or the pool is too small.
06-10 15:48:16.875  1473  2026 W LocationOracle: No location history returned by ContextManager
06-10 15:48:16.905  1298  2251 W GCoreFlp: No location to return for getLastLocation()
06-10 15:48:16.908  1473  1473 I BgTaskExecutorImpl: Starting EXCLUSIVE background task TNG_MINUS_ONE_SYNC.
06-10 15:48:16.912  1473  2026 E MDD     : DownloadProgressMonitor: Can't find file group for uri: android://com.google.android.googlequicksearchbox/files/sharedminusonemodule/shared/SharedMinusOneData.pb.tmp
06-10 15:48:16.917  1473  2192 I TngMinusOneSync: Syncing TNG:-1
06-10 15:48:16.930 21329 21331 I cmd     : oneway function results will be dropped but finished with status OK and parcel size 4
06-10 15:48:18.074 21354 21356 I cmd     : oneway function results will be dropped but finished with status OK and parcel size 4
06-10 15:48:20.036 21400 21402 I cmd     : oneway function results will be dropped but finished with status OK and parcel size 4
06-10 15:48:20.262 21422 21425 I cmd     : oneway function results will be dropped but finished with status OK and parcel size 4
06-10 15:48:21.092   570  1568 I ActivityTaskManager: START u0 {act=android.intent.action.MAIN cat=[android.intent.category.LAUNCHER] flg=0x10000000 cmp=com.plan.kot32.tomatotime/.activity.SplashActivity} from uid 2000
06-10 15:48:21.095   411   411 I perfetto: ing_service_impl.cc:758 Configured tracing session 21, #sources:1, duration:5000 ms, #buffers:1, total buffer size:4096 KB, total sessions:1, uid:1071 session name: ""
06-10 15:48:21.095   402   402 I perfetto: probes_producer.cc:230  Ftrace setup (target_buf=21)
06-10 15:48:21.101 21491 21493 I cmd     : oneway function results will be dropped but finished with status OK and parcel size 4
06-10 15:48:21.118   402   402 I perfetto: ftrace_procfs.cc:176    enabled ftrace
06-10 15:48:21.139   570   609 I ActivityManager: Start proc 21499:com.plan.kot32.tomatotime/u0a154 for pre-top-activity {com.plan.kot32.tomatotime/com.plan.kot32.tomatotime.activity.SplashActivity}
06-10 15:48:21.142 21499 21499 W ot32.tomatotim: Unexpected CPU variant for X86 using defaults: x86
06-10 15:48:21.146 21499 21499 E ot32.tomatotim: Not starting debugger since process cannot load the jdwp agent.
