06-10 15:42:34.121   570   609 I ActivityManager: Start proc 12899:com.google.android.webview:sandboxed_process0:org.chromium.content.app.SandboxedProcessService0:0/u0i1 for  {com.plan.kot32.tomatotime/org.chromium.content.app.SandboxedProcessService0:0}
06-10 15:42:34.124 12899 12899 E ocessService0:: Not starting debugger since process cannot load the jdwp agent.
06-10 15:42:34.164 12899 12899 I cr_ChildProcessService: Creating new ChildProcessService pid=12899
06-10 15:42:34.225 12548 12922 W cr_media: Requires BLUETOOTH permission
06-10 15:42:34.230 12548 12941 E chromium: [ERROR:gl_surface_egl.cc(549)] eglChooseConfig failed with error EGL_SUCCESS
06-10 15:42:34.264 12899 12936 I cr_LibraryLoader: Loaded native library version number "83.0.4103.106"
06-10 15:42:34.266 12899 12936 I cr_CachingUmaRecorder: Flushed 1 samples from 1 histograms.
06-10 15:42:34.293 12548 12941 E chromium: [ERROR:gl_surface_egl.cc(549)] eglChooseConfig failed with error EGL_SUCCESS
06-10 15:42:34.342 12548 12941 I VideoCapabilities: Unsupported profile 4 for video/mp4v-es
06-10 15:42:34.342   570   607 I ActivityTaskManager: Displayed com.plan.kot32.tomatotime/.activity.WebViewActivity: +436ms
06-10 15:42:34.343 12548 12941 W cr_MediaCodecUtil: HW encoder for video/avc is not available on this device.
06-10 15:42:37.010   570  1568 I system_server: oneway function results will be dropped but finished with status OK and parcel size 4
06-10 15:42:38.118 13036 13037 I cmd     : oneway function results will be dropped but finished with status OK and parcel size 4
06-10 15:42:38.740 13066 13068 I cmd     : oneway function results will be dropped but finished with status OK and parcel size 4
06-10 15:42:38.911   402   402 I perfetto: probes_producer.cc:329  Producer stop (id=9)
06-10 15:42:38.912   411   411 I perfetto: ng_service_impl.cc:1948 Tracing session 9 ended, total sessions:0
06-10 15:42:38.912   402   402 I perfetto: ftrace_procfs.cc:183    disabled ftrace
06-10 15:42:39.593 13098 13100 I cmd     : oneway function results will be dropped but finished with status OK and parcel size 4
06-10 15:42:39.939 13113 13115 I cmd     : oneway function results will be dropped but finished with status OK and parcel size 4
06-10 15:42:40.118  1298 12306 E WakeLock: GCM_HB_ALARM release without a matched acquire!
06-10 15:42:40.118  1298 12306 W WakeLock: GCM_HB_ALARM counter does not exist
06-10 15:42:40.121  1298 12306 W WakeLock: GCM_CONN_ALARM counter does not exist
06-10 15:42:40.246 13125 13125 E libc    : Access denied finding property "persist.device_config.runtime_native_boot.profilebootclasspath"
06-10 15:42:40.246 13125 13125 E libc    : Access denied finding property "persist.device_config.runtime_native_boot.enable_apex_image"
06-10 15:42:40.246 13125 13125 I AndroidRuntime: Using default boot image
06-10 15:42:40.246 13125 13125 E libc    : Access denied finding property "persist.device_config.runtime_native_boot.disable_lock_profiling"
06-10 15:42:40.246 13125 13125 I AndroidRuntime: Leaving lock profiling enabled
06-10 15:42:40.246 13125 13125 E libc    : Access denied finding property "persist.device_config.runtime_native_boot.enable_generational_cc"
06-10 15:42:40.248 13125 13125 W app_process: Could not reserve sentinel fault page
06-10 15:42:40.242 13125 13125 W app_process: type=1400 audit(0.0:329): avc: denied { read } for name="u:object_r:device_config_runtime_native_boot_prop:s0" dev="tmpfs" ino=8372 scontext=u:r:shell:s0 tcontext=u:object_r:device_config_runtime_native_boot_prop:s0 tclass=file permissive=0
06-10 15:42:40.305 13125 13125 W app_process: Unexpected CPU variant for X86 using defaults: x86
06-10 15:42:40.308 13125 13125 I app_process: The ClassLoaderContext is a special shared library.
06-10 15:42:40.320 13125 13125 W app_process: JNI RegisterNativeMethods: attempt to register 0 native methods for android.media.AudioAttributes
06-10 15:42:40.559   570  1813 I system_server: oneway function results will be dropped but finished with status OK and parcel size 4
06-10 15:42:40.560   570  1813 I system_server: oneway function results will be dropped but finished with status OK and parcel size 4
06-10 15:42:40.564 12548 12548 E chromium: [ERROR:aw_browser_terminator.cc(125)] Renderer process (12899) crash detected (code -1).
06-10 15:42:40.575   570  1818 I ActivityManager: Killing 12899:com.google.android.webview:sandboxed_process0:org.chromium.content.app.SandboxedProcessService0:0/u0a154i1 (adj 0): isolated not needed
06-10 15:42:40.576   570   610 I libprocessgroup: Successfully killed process cgroup uid 99001 pid 12899 in 0ms
06-10 15:42:40.592 13152 13153 I cmd     : oneway function results will be dropped but finished with status OK and parcel size 4
06-10 15:42:40.600   851   851 I Zygote  : Process 12899 exited cleanly (0)
06-10 15:42:40.699   570  1813 I system_server: oneway function results will be dropped but finished with status OK and parcel size 4
06-10 15:42:41.098   570  1813 W InputReader: Device virtio_input_multi_touch_9 is associated with display ADISPLAY_ID_NONE.
06-10 15:42:41.098   570  1813 W InputReader: Device virtio_input_multi_touch_7 is associated with display ADISPLAY_ID_NONE.
06-10 15:42:41.098   570  1813 W InputReader: Device virtio_input_multi_touch_10 is associated with display ADISPLAY_ID_NONE.
06-10 15:42:41.098   570  1813 W InputReader: Device virtio_input_multi_touch_6 is associated with display ADISPLAY_ID_NONE.
06-10 15:42:41.098   570  1813 W InputReader: Device virtio_input_multi_touch_4 is associated with display ADISPLAY_ID_NONE.
06-10 15:42:41.098   570  1813 W InputReader: Device virtio_input_multi_touch_3 is associated with display ADISPLAY_ID_NONE.
06-10 15:42:41.098   570  1813 W InputReader: Device virtio_input_multi_touch_11 is associated with display ADISPLAY_ID_NONE.
06-10 15:42:41.098   570  1813 W InputReader: Device virtio_input_multi_touch_8 is associated with display ADISPLAY_ID_NONE.
06-10 15:42:41.098   570  1813 W InputReader: Device virtio_input_multi_touch_5 is associated with display ADISPLAY_ID_NONE.
06-10 15:42:41.098   570  1813 W InputReader: Device virtio_input_multi_touch_2 is associated with display ADISPLAY_ID_NONE.
06-10 15:42:41.098   570  1813 W InputReader: Device virtio_input_multi_touch_9 is associated with display ADISPLAY_ID_NONE.
06-10 15:42:41.098   570  1813 W InputReader: Device virtio_input_multi_touch_7 is associated with display ADISPLAY_ID_NONE.
06-10 15:42:41.098   570  1813 W InputReader: Device virtio_input_multi_touch_10 is associated with display ADISPLAY_ID_NONE.
06-10 15:42:41.098   570  1813 W InputReader: Device virtio_input_multi_touch_6 is associated with display ADISPLAY_ID_NONE.
06-10 15:42:41.098   570  1813 W InputReader: Device virtio_input_multi_touch_4 is associated with display ADISPLAY_ID_NONE.
06-10 15:42:41.098   570  1813 W InputReader: Device virtio_input_multi_touch_3 is associated with display ADISPLAY_ID_NONE.
06-10 15:42:41.098   570  1813 W InputReader: Device virtio_input_multi_touch_11 is associated with display ADISPLAY_ID_NONE.
06-10 15:42:41.098   570  1813 W InputReader: Device virtio_input_multi_touch_8 is associated with display ADISPLAY_ID_NONE.
06-10 15:42:41.098   570  1813 W InputReader: Device virtio_input_multi_touch_5 is associated with display ADISPLAY_ID_NONE.
06-10 15:42:41.098   570  1813 W InputReader: Device virtio_input_multi_touch_2 is associated with display ADISPLAY_ID_NONE.
06-10 15:42:41.102 12548 12616 W SQLiteLog: (28) double-quoted string literal: "
06-10 15:42:41.102 12548 12616 W SQLiteLog: (28) double-quoted string literal: "8C151DE70E16F17C579B6BEEFA829734"
06-10 15:42:41.102   570  3572 W OpenGLRenderer: Failed to choose config with EGL_SWAP_BEHAVIOR_PRESERVED, retrying without...
06-10 15:42:41.139 12548 12616 W SQLiteLog: (28) double-quoted string literal: "8C151DE70E16F17C579B6BEEFA829734"
06-10 15:42:41.139 12548 12616 W SQLiteLog: (28) double-quoted string literal: ""
06-10 15:42:41.139 12548 12616 W SQLiteLog: (28) double-quoted string literal: "8C151DE70E16F17C579B6BEEFA829734"
06-10 15:42:41.139 12548 12616 W SQLiteLog: (28) double-quoted string literal: "-1"
06-10 15:42:41.164  1089  1110 W System  : A resource failed to call release. 
06-10 15:42:41.164  1089  1110 I chatty  : uid=10136(com.google.android.apps.nexuslauncher) FinalizerDaemon identical 1 line
06-10 15:42:41.165  1089  1110 W System  : A resource failed to call release. 
06-10 15:42:43.653   570  1818 I system_server: oneway function results will be dropped but finished with status OK and parcel size 4
06-10 15:42:44.371 13225 13227 I cmd     : oneway function results will be dropped but finished with status OK and parcel size 4
06-10 15:42:44.752 13252 13254 I cmd     : oneway function results will be dropped but finished with status OK and parcel size 4
06-10 15:42:45.158 13281 13283 I cmd     : oneway function results will be dropped but finished with status OK and parcel size 4
06-10 15:42:45.349 13296 13298 I cmd     : oneway function results will be dropped but finished with status OK and parcel size 4
06-10 15:42:45.542 13311 13312 I cmd     : oneway function results will be dropped but finished with status OK and parcel size 4
06-10 15:42:45.819 13327 13329 I cmd     : oneway function results will be dropped but finished with status OK and parcel size 4
06-10 15:42:46.155 13341 13341 E libc    : Access denied finding property "persist.device_config.runtime_native_boot.profilebootclasspath"
06-10 15:42:46.155 13341 13341 E libc    : Access denied finding property "persist.device_config.runtime_native_boot.enable_apex_image"
06-10 15:42:46.155 13341 13341 I AndroidRuntime: Using default boot image
06-10 15:42:46.155 13341 13341 E libc    : Access denied finding property "persist.device_config.runtime_native_boot.disable_lock_profiling"
06-10 15:42:46.155 13341 13341 I AndroidRuntime: Leaving lock profiling enabled
06-10 15:42:46.155 13341 13341 E libc    : Access denied finding property "persist.device_config.runtime_native_boot.enable_generational_cc"
06-10 15:42:46.156 13341 13341 W app_process: Could not reserve sentinel fault page
06-10 15:42:46.150 13341 13341 W app_process: type=1400 audit(0.0:333): avc: denied { read } for name="u:object_r:device_config_runtime_native_boot_prop:s0" dev="tmpfs" ino=8372 scontext=u:r:shell:s0 tcontext=u:object_r:device_config_runtime_native_boot_prop:s0 tclass=file permissive=0
06-10 15:42:46.190 13341 13341 W app_process: Unexpected CPU variant for X86 using defaults: x86
06-10 15:42:46.190 13341 13341 I app_process: The ClassLoaderContext is a special shared library.
06-10 15:42:46.197 13341 13341 W app_process: JNI RegisterNativeMethods: attempt to register 0 native methods for android.media.AudioAttributes
06-10 15:42:46.415   570  1814 I ActivityTaskManager: START u0 {cmp=com.plan.kot32.tomatotime/.activity.WebViewActivity (has extras)} from uid 10154
06-10 15:42:46.421   411   411 I perfetto: ing_service_impl.cc:758 Configured tracing session 10, #sources:1, duration:5000 ms, #buffers:1, total buffer size:4096 KB, total sessions:1, uid:1071 session name: ""
06-10 15:42:46.421   402   402 I perfetto: probes_producer.cc:230  Ftrace setup (target_buf=10)
06-10 15:42:46.426   570  1818 I system_server: oneway function results will be dropped but finished with status OK and parcel size 4
06-10 15:42:46.427   570  1818 I system_server: oneway function results will be dropped but finished with status OK and parcel size 4
06-10 15:42:46.428   570  1813 I system_server: oneway function results will be dropped but finished with status OK and parcel size 4
06-10 15:42:46.448   570  1220 W ActivityTaskManager: Tried to set launchTime (0) < mLastActivityLaunchTime (6668227)
06-10 15:42:46.451   570  1220 W InputReader: Device virtio_input_multi_touch_9 is associated with display ADISPLAY_ID_NONE.
06-10 15:42:46.451   570  1220 W InputReader: Device virtio_input_multi_touch_7 is associated with display ADISPLAY_ID_NONE.
06-10 15:42:46.451   570  1220 W InputReader: Device virtio_input_multi_touch_10 is associated with display ADISPLAY_ID_NONE.
06-10 15:42:46.451   570  1220 W InputReader: Device virtio_input_multi_touch_6 is associated with display ADISPLAY_ID_NONE.
06-10 15:42:46.451   570  1220 W InputReader: Device virtio_input_multi_touch_4 is associated with display ADISPLAY_ID_NONE.
06-10 15:42:46.451   570  1220 W InputReader: Device virtio_input_multi_touch_3 is associated with display ADISPLAY_ID_NONE.
06-10 15:42:46.451   570  1220 W InputReader: Device virtio_input_multi_touch_11 is associated with display ADISPLAY_ID_NONE.
06-10 15:42:46.451   570  1220 W InputReader: Device virtio_input_multi_touch_8 is associated with display ADISPLAY_ID_NONE.
06-10 15:42:46.451   570  1220 W InputReader: Device virtio_input_multi_touch_5 is associated with display ADISPLAY_ID_NONE.
06-10 15:42:46.451   570  1220 W InputReader: Device virtio_input_multi_touch_2 is associated with display ADISPLAY_ID_NONE.
06-10 15:42:46.451   570  1220 W InputReader: Device virtio_input_multi_touch_9 is associated with display ADISPLAY_ID_NONE.
06-10 15:42:46.451   570  1220 W InputReader: Device virtio_input_multi_touch_7 is associated with display ADISPLAY_ID_NONE.
06-10 15:42:46.451   570  1220 W InputReader: Device virtio_input_multi_touch_10 is associated with display ADISPLAY_ID_NONE.
06-10 15:42:46.451   570  1220 W InputReader: Device virtio_input_multi_touch_6 is associated with display ADISPLAY_ID_NONE.
06-10 15:42:46.451   570  1220 W InputReader: Device virtio_input_multi_touch_4 is associated with display ADISPLAY_ID_NONE.
06-10 15:42:46.451   570  1220 W InputReader: Device virtio_input_multi_touch_3 is associated with display ADISPLAY_ID_NONE.
06-10 15:42:46.451   570  1220 W InputReader: Device virtio_input_multi_touch_11 is associated with display ADISPLAY_ID_NONE.
06-10 15:42:46.451   570  1220 W InputReader: Device virtio_input_multi_touch_8 is associated with display ADISPLAY_ID_NONE.
06-10 15:42:46.452   570  1220 W InputReader: Device virtio_input_multi_touch_5 is associated with display ADISPLAY_ID_NONE.
06-10 15:42:46.452   570  1220 W InputReader: Device virtio_input_multi_touch_2 is associated with display ADISPLAY_ID_NONE.
06-10 15:42:46.459 12548 12616 W SQLiteLog: (28) double-quoted string literal: "
06-10 15:42:46.462 12548 12616 W SQLiteLog: (28) double-quoted string literal: "8C151DE70E16F17C579B6BEEFA829734"
06-10 15:42:46.473   402   402 I perfetto: ftrace_procfs.cc:176    enabled ftrace
06-10 15:42:46.539 12548 12616 W SQLiteLog: (28) double-quoted string literal: "8C151DE70E16F17C579B6BEEFA829734"
06-10 15:42:46.539 12548 12616 W SQLiteLog: (28) double-quoted string literal: ""
06-10 15:42:46.540 12548 12616 W SQLiteLog: (28) double-quoted string literal: "8C151DE70E16F17C579B6BEEFA829734"
06-10 15:42:46.540 12548 12616 W SQLiteLog: (28) double-quoted string literal: "-1"
06-10 15:42:46.560   570  1818 I system_server: oneway function results will be dropped but finished with status OK and parcel size 4
06-10 15:42:46.612   570   609 I ActivityManager: Start proc 13368:com.google.android.webview:sandboxed_process0:org.chromium.content.app.SandboxedProcessService0:1/u0i2 for  {com.plan.kot32.tomatotime/org.chromium.content.app.SandboxedProcessService0:1}
06-10 15:42:46.620 13368 13368 W ocessService0:: Unexpected CPU variant for X86 using defaults: x86
06-10 15:42:46.646 13368 13368 E ocessService0:: Not starting debugger since process cannot load the jdwp agent.
06-10 15:42:46.667 13368 13368 I cr_ChildProcessService: Creating new ChildProcessService pid=13368
06-10 15:42:46.678 13387 13389 I cmd     : oneway function results will be dropped but finished with status OK and parcel size 4
06-10 15:42:46.700 13368 13386 I cr_LibraryLoader: Loaded native library version number "83.0.4103.106"
06-10 15:42:46.700 13368 13386 I cr_CachingUmaRecorder: Flushed 1 samples from 1 histograms.
06-10 15:42:46.706   570   607 I ActivityTaskManager: Displayed com.plan.kot32.tomatotime/.activity.WebViewActivity: +286ms
06-10 15:42:48.391 13429 13431 I cmd     : oneway function results will be dropped but finished with status OK and parcel size 4
06-10 15:42:49.524   570  1818 I system_server: oneway function results will be dropped but finished with status OK and parcel size 4
06-10 15:42:50.275 13460 13462 I cmd     : oneway function results will be dropped but finished with status OK and parcel size 4
06-10 15:42:50.728 13487 13489 I cmd     : oneway function results will be dropped but finished with status OK and parcel size 4
06-10 15:42:51.066   570   608 W BroadcastQueue: Background execution not allowed: receiving Intent { act=android.net.conn.NETWORK_CONDITIONS_MEASURED flg=0x10 (has extras) } to com.google.android.gms/.chimera.GmsIntentOperationService$PersistentTrustedReceiver
06-10 15:42:51.283 13517 13519 I cmd     : oneway function results will be dropped but finished with status OK and parcel size 4
06-10 15:42:51.425   402   402 I perfetto: probes_producer.cc:329  Producer stop (id=10)
06-10 15:42:51.426   411   411 I perfetto: ng_service_impl.cc:1948 Tracing session 10 ended, total sessions:0
06-10 15:42:51.427   402   402 I perfetto: ftrace_procfs.cc:183    disabled ftrace
06-10 15:42:51.690 13549 13551 I cmd     : oneway function results will be dropped but finished with status OK and parcel size 4
06-10 15:42:52.278 13583 13583 W app_process: type=1400 audit(0.0:337): avc: denied { read } for name="u:object_r:device_config_runtime_native_boot_prop:s0" dev="tmpfs" ino=8372 scontext=u:r:shell:s0 tcontext=u:object_r:device_config_runtime_native_boot_prop:s0 tclass=file permissive=0
06-10 15:42:52.282 13583 13583 E libc    : Access denied finding property "persist.device_config.runtime_native_boot.profilebootclasspath"
06-10 15:42:52.282 13583 13583 E libc    : Access denied finding property "persist.device_config.runtime_native_boot.enable_apex_image"
06-10 15:42:52.282 13583 13583 I AndroidRuntime: Using default boot image
06-10 15:42:52.282 13583 13583 E libc    : Access denied finding property "persist.device_config.runtime_native_boot.disable_lock_profiling"
06-10 15:42:52.282 13583 13583 I AndroidRuntime: Leaving lock profiling enabled
06-10 15:42:52.282 13583 13583 E libc    : Access denied finding property "persist.device_config.runtime_native_boot.enable_generational_cc"
06-10 15:42:52.283 13583 13583 W app_process: Could not reserve sentinel fault page
06-10 15:42:52.278 13583 13583 W app_process: type=1400 audit(0.0:338): avc: denied { read } for name="u:object_r:device_config_runtime_native_boot_prop:s0" dev="tmpfs" ino=8372 scontext=u:r:shell:s0 tcontext=u:object_r:device_config_runtime_native_boot_prop:s0 tclass=file permissive=0
06-10 15:42:52.321 13583 13583 W app_process: Unexpected CPU variant for X86 using defaults: x86
06-10 15:42:52.323 13583 13583 I app_process: The ClassLoaderContext is a special shared library.
06-10 15:42:52.329 13583 13583 W app_process: JNI RegisterNativeMethods: attempt to register 0 native methods for android.media.AudioAttributes
06-10 15:42:52.522 13607 13609 I cmd     : oneway function results will be dropped but finished with status OK and parcel size 4
06-10 15:42:52.567   570  1818 I system_server: oneway function results will be dropped but finished with status OK and parcel size 4
06-10 15:42:52.567   570  1818 I chatty  : uid=1000(system) Binder:570_17 identical 1 line
06-10 15:42:52.568   570  1818 I system_server: oneway function results will be dropped but finished with status OK and parcel size 4
06-10 15:42:52.573 12548 12548 E chromium: [ERROR:aw_browser_terminator.cc(125)] Renderer process (13368) crash detected (code -1).
06-10 15:42:52.583   570  1813 I ActivityManager: Killing 13368:com.google.android.webview:sandboxed_process0:org.chromium.content.app.SandboxedProcessService0:1/u0a154i2 (adj 0): isolated not needed
06-10 15:42:52.587   570   610 I libprocessgroup: Successfully killed process cgroup uid 99002 pid 13368 in 0ms
06-10 15:42:52.617   851   851 I Zygote  : Process 13368 exited cleanly (0)
06-10 15:42:52.702   570  1813 I system_server: oneway function results will be dropped but finished with status OK and parcel size 4
06-10 15:42:53.082   570  1813 W InputReader: Device virtio_input_multi_touch_9 is associated with display ADISPLAY_ID_NONE.
06-10 15:42:53.082   570  1813 W InputReader: Device virtio_input_multi_touch_7 is associated with display ADISPLAY_ID_NONE.
06-10 15:42:53.082   570  1813 W InputReader: Device virtio_input_multi_touch_10 is associated with display ADISPLAY_ID_NONE.
06-10 15:42:53.082   570  1813 W InputReader: Device virtio_input_multi_touch_6 is associated with display ADISPLAY_ID_NONE.
06-10 15:42:53.082   570  1813 W InputReader: Device virtio_input_multi_touch_4 is associated with display ADISPLAY_ID_NONE.
06-10 15:42:53.082   570  1813 W InputReader: Device virtio_input_multi_touch_3 is associated with display ADISPLAY_ID_NONE.
06-10 15:42:53.082   570  1813 W InputReader: Device virtio_input_multi_touch_11 is associated with display ADISPLAY_ID_NONE.
06-10 15:42:53.082   570  1813 W InputReader: Device virtio_input_multi_touch_8 is associated with display ADISPLAY_ID_NONE.
06-10 15:42:53.082   570  1813 W InputReader: Device virtio_input_multi_touch_5 is associated with display ADISPLAY_ID_NONE.
06-10 15:42:53.082   570  1813 W InputReader: Device virtio_input_multi_touch_2 is associated with display ADISPLAY_ID_NONE.
06-10 15:42:53.082   570  1813 W InputReader: Device virtio_input_multi_touch_9 is associated with display ADISPLAY_ID_NONE.
06-10 15:42:53.082   570  1813 W InputReader: Device virtio_input_multi_touch_7 is associated with display ADISPLAY_ID_NONE.
06-10 15:42:53.082   570  1813 W InputReader: Device virtio_input_multi_touch_10 is associated with display ADISPLAY_ID_NONE.
06-10 15:42:53.082   570  1813 W InputReader: Device virtio_input_multi_touch_6 is associated with display ADISPLAY_ID_NONE.
06-10 15:42:53.082   570  1813 W InputReader: Device virtio_input_multi_touch_4 is associated with display ADISPLAY_ID_NONE.
06-10 15:42:53.082   570  1813 W InputReader: Device virtio_input_multi_touch_3 is associated with display ADISPLAY_ID_NONE.
06-10 15:42:53.082   570  1813 W InputReader: Device virtio_input_multi_touch_11 is associated with display ADISPLAY_ID_NONE.
06-10 15:42:53.082   570  1813 W InputReader: Device virtio_input_multi_touch_8 is associated with display ADISPLAY_ID_NONE.
06-10 15:42:53.082   570  1813 W InputReader: Device virtio_input_multi_touch_5 is associated with display ADISPLAY_ID_NONE.
06-10 15:42:53.082   570  1813 W InputReader: Device virtio_input_multi_touch_2 is associated with display ADISPLAY_ID_NONE.
06-10 15:42:53.085 12548 12616 W SQLiteLog: (28) double-quoted string literal: "
06-10 15:42:53.085 12548 12616 W SQLiteLog: (28) double-quoted string literal: "8C151DE70E16F17C579B6BEEFA829734"
06-10 15:42:53.106 12548 12616 W SQLiteLog: (28) double-quoted string literal: "8C151DE70E16F17C579B6BEEFA829734"
06-10 15:42:53.106 12548 12616 W SQLiteLog: (28) double-quoted string literal: ""
06-10 15:42:53.106 12548 12616 W SQLiteLog: (28) double-quoted string literal: "8C151DE70E16F17C579B6BEEFA829734"
06-10 15:42:53.106 12548 12616 W SQLiteLog: (28) double-quoted string literal: "-1"
06-10 15:42:53.567 13634 13635 I cmd     : oneway function results will be dropped but finished with status OK and parcel size 4
06-10 15:42:55.660   570  1814 I system_server: oneway function results will be dropped but finished with status OK and parcel size 4
06-10 15:42:56.215 13683 13685 I cmd     : oneway function results will be dropped but finished with status OK and parcel size 4
06-10 15:42:57.206 13739 13741 I cmd     : oneway function results will be dropped but finished with status OK and parcel size 4
06-10 15:42:57.414 13754 13756 I cmd     : oneway function results will be dropped but finished with status OK and parcel size 4
06-10 15:42:57.579  3235  3235 E ActivityThread: Service com.google.android.gms.chimera.GmsBoundBrokerService has leaked IntentReceiver com.google.android.gms.mdm.receivers.WifiStateChangedReceiver@112847c that was originally registered here. Are you missing a call to unregisterReceiver()?
06-10 15:42:57.579  3235  3235 E ActivityThread: android.app.IntentReceiverLeaked: Service com.google.android.gms.chimera.GmsBoundBrokerService has leaked IntentReceiver com.google.android.gms.mdm.receivers.WifiStateChangedReceiver@112847c that was originally registered here. Are you missing a call to unregisterReceiver()?
06-10 15:42:57.579  3235  3235 E ActivityThread: 	at android.app.LoadedApk$ReceiverDispatcher.<init>(LoadedApk.java:1594)
06-10 15:42:57.579  3235  3235 E ActivityThread: 	at android.app.LoadedApk.getReceiverDispatcher(LoadedApk.java:1374)
06-10 15:42:57.579  3235  3235 E ActivityThread: 	at android.app.ContextImpl.registerReceiverInternal(ContextImpl.java:1614)
06-10 15:42:57.579  3235  3235 E ActivityThread: 	at android.app.ContextImpl.registerReceiver(ContextImpl.java:1580)
06-10 15:42:57.579  3235  3235 E ActivityThread: 	at android.content.ContextWrapper.registerReceiver(ContextWrapper.java:681)
06-10 15:42:57.579  3235  3235 E ActivityThread: 	at android.content.ContextWrapper.registerReceiver(ContextWrapper.java:681)
06-10 15:42:57.579  3235  3235 E ActivityThread: 	at android.content.ContextWrapper.registerReceiver(ContextWrapper.java:681)
06-10 15:42:57.579  3235  3235 E ActivityThread: 	at android.content.ContextWrapper.registerReceiver(ContextWrapper.java:681)
06-10 15:42:57.579  3235  3235 E ActivityThread: 	at android.content.ContextWrapper.registerReceiver(ContextWrapper.java:681)
06-10 15:42:57.579  3235  3235 E ActivityThread: 	at android.content.ContextWrapper.registerReceiver(ContextWrapper.java:681)
06-10 15:42:57.579  3235  3235 E ActivityThread: 	at android.content.ContextWrapper.registerReceiver(ContextWrapper.java:681)
06-10 15:42:57.579  3235  3235 E ActivityThread: 	at android.content.ContextWrapper.registerReceiver(ContextWrapper.java:681)
06-10 15:42:57.579  3235  3235 E ActivityThread: 	at aqax.a(:com.google.android.gms@201817022@20.18.17 (040700-311416286):2)
06-10 15:42:57.579  3235  3235 E ActivityThread: 	at aqbp.a(:com.google.android.gms@201817022@20.18.17 (040700-311416286):13)
06-10 15:42:57.579  3235  3235 E ActivityThread: 	at zus.run(:com.google.android.gms@201817022@20.18.17 (040700-311416286):10)
06-10 15:42:57.579  3235  3235 E ActivityThread: 	at blot.run(:com.google.android.gms@201817022@20.18.17 (040700-311416286):2)
06-10 15:42:57.579  3235  3235 E ActivityThread: 	at sji.b(:com.google.android.gms@201817022@20.18.17 (040700-311416286):12)
06-10 15:42:57.579  3235  3235 E ActivityThread: 	at sji.run(:com.google.android.gms@201817022@20.18.17 (040700-311416286):7)
06-10 15:42:57.579  3235  3235 E ActivityThread: 	at java.util.concurrent.ThreadPoolExecutor.runWorker(ThreadPoolExecutor.java:1167)
06-10 15:42:57.579  3235  3235 E ActivityThread: 	at java.util.concurrent.ThreadPoolExecutor$Worker.run(ThreadPoolExecutor.java:641)
06-10 15:42:57.579  3235  3235 E ActivityThread: 	at spj.run(:com.google.android.gms@201817022@20.18.17 (040700-311416286):0)
06-10 15:42:57.579  3235  3235 E ActivityThread: 	at java.lang.Thread.run(Thread.java:923)
06-10 15:42:57.580   570  1814 I ActivityManager: Killing 8307:android.process.media/u0a71 (adj 985): empty for 2041s
06-10 15:42:57.639   292   292 I Zygote  : Process 8307 exited due to signal 9 (Killed)
06-10 15:42:57.656   570   610 I libprocessgroup: Successfully killed process cgroup uid 10071 pid 8307 in 75ms
06-10 15:42:57.833 13786 13788 I cmd     : oneway function results will be dropped but finished with status OK and parcel size 4
06-10 15:42:58.056 13801 13801 E libc    : Access denied finding property "persist.device_config.runtime_native_boot.profilebootclasspath"
06-10 15:42:58.056 13801 13801 E libc    : Access denied finding property "persist.device_config.runtime_native_boot.enable_apex_image"
06-10 15:42:58.056 13801 13801 I AndroidRuntime: Using default boot image
06-10 15:42:58.056 13801 13801 E libc    : Access denied finding property "persist.device_config.runtime_native_boot.disable_lock_profiling"
06-10 15:42:58.056 13801 13801 I AndroidRuntime: Leaving lock profiling enabled
06-10 15:42:58.056 13801 13801 E libc    : Access denied finding property "persist.device_config.runtime_native_boot.enable_generational_cc"
06-10 15:42:58.050 13801 13801 W app_process: type=1400 audit(0.0:341): avc: denied { read } for name="u:object_r:device_config_runtime_native_boot_prop:s0" dev="tmpfs" ino=8372 scontext=u:r:shell:s0 tcontext=u:object_r:device_config_runtime_native_boot_prop:s0 tclass=file permissive=0
06-10 15:42:58.274 13801 13801 W app_process: Unexpected CPU variant for X86 using defaults: x86
06-10 15:42:58.275 13801 13801 I app_process: The ClassLoaderContext is a special shared library.
06-10 15:42:58.282 13801 13801 W app_process: JNI RegisterNativeMethods: attempt to register 0 native methods for android.media.AudioAttributes
06-10 15:42:58.500   570  1814 I ActivityTaskManager: START u0 {cmp=com.plan.kot32.tomatotime/.activity.WebViewActivity (has extras)} from uid 10154
06-10 15:42:58.501   570  1568 I system_server: oneway function results will be dropped but finished with status OK and parcel size 4
06-10 15:42:58.501   570  1568 I system_server: oneway function results will be dropped but finished with status OK and parcel size 4
06-10 15:42:58.502   411   411 I perfetto: ing_service_impl.cc:758 Configured tracing session 11, #sources:1, duration:5000 ms, #buffers:1, total buffer size:4096 KB, total sessions:1, uid:1071 session name: ""
06-10 15:42:58.502   402   402 I perfetto: probes_producer.cc:230  Ftrace setup (target_buf=11)
06-10 15:42:58.505   570  1568 W ActivityTaskManager: Tried to set launchTime (0) < mLastActivityLaunchTime (6680759)
06-10 15:42:58.506   570  1568 W InputReader: Device virtio_input_multi_touch_9 is associated with display ADISPLAY_ID_NONE.
06-10 15:42:58.506   570  1568 W InputReader: Device virtio_input_multi_touch_7 is associated with display ADISPLAY_ID_NONE.
06-10 15:42:58.506   570  1568 W InputReader: Device virtio_input_multi_touch_10 is associated with display ADISPLAY_ID_NONE.
06-10 15:42:58.506   570  1568 W InputReader: Device virtio_input_multi_touch_6 is associated with display ADISPLAY_ID_NONE.
06-10 15:42:58.506   570  1568 W InputReader: Device virtio_input_multi_touch_4 is associated with display ADISPLAY_ID_NONE.
06-10 15:42:58.506   570  1568 W InputReader: Device virtio_input_multi_touch_3 is associated with display ADISPLAY_ID_NONE.
06-10 15:42:58.506   570  1568 W InputReader: Device virtio_input_multi_touch_11 is associated with display ADISPLAY_ID_NONE.
06-10 15:42:58.506   570  1568 W InputReader: Device virtio_input_multi_touch_8 is associated with display ADISPLAY_ID_NONE.
06-10 15:42:58.506   570  1568 W InputReader: Device virtio_input_multi_touch_5 is associated with display ADISPLAY_ID_NONE.
06-10 15:42:58.506   570  1568 W InputReader: Device virtio_input_multi_touch_2 is associated with display ADISPLAY_ID_NONE.
06-10 15:42:58.506   570  1568 W InputReader: Device virtio_input_multi_touch_9 is associated with display ADISPLAY_ID_NONE.
06-10 15:42:58.506   570  1568 W InputReader: Device virtio_input_multi_touch_7 is associated with display ADISPLAY_ID_NONE.
06-10 15:42:58.506   570  1568 W InputReader: Device virtio_input_multi_touch_10 is associated with display ADISPLAY_ID_NONE.
06-10 15:42:58.506   570  1568 W InputReader: Device virtio_input_multi_touch_6 is associated with display ADISPLAY_ID_NONE.
06-10 15:42:58.506   570  1568 W InputReader: Device virtio_input_multi_touch_4 is associated with display ADISPLAY_ID_NONE.
06-10 15:42:58.506   570  1568 W InputReader: Device virtio_input_multi_touch_3 is associated with display ADISPLAY_ID_NONE.
06-10 15:42:58.506   570  1568 W InputReader: Device virtio_input_multi_touch_11 is associated with display ADISPLAY_ID_NONE.
06-10 15:42:58.506   570  1568 W InputReader: Device virtio_input_multi_touch_8 is associated with display ADISPLAY_ID_NONE.
06-10 15:42:58.506   570  1568 W InputReader: Device virtio_input_multi_touch_5 is associated with display ADISPLAY_ID_NONE.
06-10 15:42:58.506   570  1568 W InputReader: Device virtio_input_multi_touch_2 is associated with display ADISPLAY_ID_NONE.
06-10 15:42:58.510 12548 12616 W SQLiteLog: (28) double-quoted string literal: "
06-10 15:42:58.510 12548 12616 W SQLiteLog: (28) double-quoted string literal: "8C151DE70E16F17C579B6BEEFA829734"
06-10 15:42:58.523   402   402 I perfetto: ftrace_procfs.cc:176    enabled ftrace
06-10 15:42:58.533 12548 12616 W SQLiteLog: (28) double-quoted string literal: "8C151DE70E16F17C579B6BEEFA829734"
06-10 15:42:58.533 12548 12616 W SQLiteLog: (28) double-quoted string literal: ""
06-10 15:42:58.533 12548 12616 W SQLiteLog: (28) double-quoted string literal: "8C151DE70E16F17C579B6BEEFA829734"
06-10 15:42:58.533 12548 12616 W SQLiteLog: (28) double-quoted string literal: "-1"
06-10 15:42:58.590   570   607 I ActivityTaskManager: Displayed com.plan.kot32.tomatotime/.activity.WebViewActivity: +88ms
06-10 15:42:58.645   570  2806 I system_server: oneway function results will be dropped but finished with status OK and parcel size 4
06-10 15:42:58.671   570   609 W ActivityManager: Slow operation: 55ms so far, now at startProcess: returned from zygote!
06-10 15:42:58.672   570   609 W ActivityManager: Slow operation: 56ms so far, now at startProcess: done updating battery stats
06-10 15:42:58.672   570   609 W ActivityManager: Slow operation: 56ms so far, now at startProcess: building log message
06-10 15:42:58.672   570   609 I ActivityManager: Start proc 13833:com.google.android.webview:sandboxed_process0:org.chromium.content.app.SandboxedProcessService0:2/u0i3 for  {com.plan.kot32.tomatotime/org.chromium.content.app.SandboxedProcessService0:2}
06-10 15:42:58.672   570   609 W ActivityManager: Slow operation: 56ms so far, now at startProcess: starting to update pids map
06-10 15:42:58.672   570   609 W ActivityManager: Slow operation: 56ms so far, now at startProcess: done updating pids map
06-10 15:42:58.685 13833 13833 W ocessService0:: Unexpected CPU variant for X86 using defaults: x86
06-10 15:42:58.693 13833 13833 E ocessService0:: Not starting debugger since process cannot load the jdwp agent.
06-10 15:42:58.767 13833 13833 I cr_ChildProcessService: Creating new ChildProcessService pid=13833
06-10 15:42:58.773 13851 13855 I cmd     : oneway function results will be dropped but finished with status OK and parcel size 4
06-10 15:42:58.817 13833 13856 I cr_LibraryLoader: Loaded native library version number "83.0.4103.106"
06-10 15:42:58.818 13833 13856 I cr_CachingUmaRecorder: Flushed 1 samples from 1 histograms.
06-10 15:43:00.390 13884 13886 I cmd     : oneway function results will be dropped but finished with status OK and parcel size 4
06-10 15:43:01.592   570  1220 I system_server: oneway function results will be dropped but finished with status OK and parcel size 4
06-10 15:43:01.940   496   496 E wifi_forwarder: qemu_pipe_open_ns:62: Could not connect to the 'pipe:qemud:wififorward' service: Invalid argument
06-10 15:43:01.940   496   496 E wifi_forwarder: RemoteConnection failed to initialize: RemoteConnection failed to open pipe
06-10 15:43:02.091   908   908 E DnsResolver: resNetworkResult:android.system.ErrnoException: resNetworkResult failed: ETIMEDOUT (Connection timed out)
06-10 15:43:02.101   908   908 I chatty  : uid=1073(network_stack) com.android.networkstack.process identical 2 lines
06-10 15:43:02.101   908   908 E DnsResolver: resNetworkResult:android.system.ErrnoException: resNetworkResult failed: ETIMEDOUT (Connection timed out)
06-10 15:43:02.365 13917 13919 I cmd     : oneway function results will be dropped but finished with status OK and parcel size 4
06-10 15:43:02.590   483   483 E netmgr  : qemu_pipe_open_ns:62: Could not connect to the 'pipe:qemud:network' service: Invalid argument
06-10 15:43:02.590   483   483 E netmgr  : Failed to open QEMU pipe 'qemud:network': Invalid argument
06-10 15:43:03.059 13944 13945 I cmd     : oneway function results will be dropped but finished with status OK and parcel size 4
06-10 15:43:03.323   570   581 W System  : A resource failed to call release. 
06-10 15:43:03.323   570   581 W System  : A resource failed to call release. 
06-10 15:43:03.509   402   402 I perfetto: probes_producer.cc:329  Producer stop (id=11)
06-10 15:43:03.509   411   411 I perfetto: ng_service_impl.cc:1948 Tracing session 11 ended, total sessions:0
06-10 15:43:03.510   402   402 I perfetto: ftrace_procfs.cc:183    disabled ftrace
06-10 15:43:03.645 13989 13991 I cmd     : oneway function results will be dropped but finished with status OK and parcel size 4
06-10 15:43:03.800 14004 14006 I cmd     : oneway function results will be dropped but finished with status OK and parcel size 4
06-10 15:43:03.955 14019 14021 I cmd     : oneway function results will be dropped but finished with status OK and parcel size 4
06-10 15:43:04.125 14031 14031 E libc    : Access denied finding property "persist.device_config.runtime_native_boot.profilebootclasspath"
06-10 15:43:04.125 14031 14031 E libc    : Access denied finding property "persist.device_config.runtime_native_boot.enable_apex_image"
06-10 15:43:04.125 14031 14031 I AndroidRuntime: Using default boot image
06-10 15:43:04.125 14031 14031 E libc    : Access denied finding property "persist.device_config.runtime_native_boot.disable_lock_profiling"
06-10 15:43:04.125 14031 14031 I AndroidRuntime: Leaving lock profiling enabled
06-10 15:43:04.125 14031 14031 E libc    : Access denied finding property "persist.device_config.runtime_native_boot.enable_generational_cc"
06-10 15:43:04.126 14031 14031 W app_process: Could not reserve sentinel fault page
06-10 15:43:04.122 14031 14031 W app_process: type=1400 audit(0.0:345): avc: denied { read } for name="u:object_r:device_config_runtime_native_boot_prop:s0" dev="tmpfs" ino=8372 scontext=u:r:shell:s0 tcontext=u:object_r:device_config_runtime_native_boot_prop:s0 tclass=file permissive=0
06-10 15:43:04.159 14031 14031 W app_process: Unexpected CPU variant for X86 using defaults: x86
06-10 15:43:04.160 14031 14031 I app_process: The ClassLoaderContext is a special shared library.
06-10 15:43:04.168 14031 14031 W app_process: JNI RegisterNativeMethods: attempt to register 0 native methods for android.media.AudioAttributes
06-10 15:43:04.327 14055 14057 I cmd     : oneway function results will be dropped but finished with status OK and parcel size 4
06-10 15:43:04.398   570  1814 I system_server: oneway function results will be dropped but finished with status OK and parcel size 4
06-10 15:43:04.398   570  1814 I chatty  : uid=1000(system) Binder:570_13 identical 1 line
06-10 15:43:04.398   570  1814 I system_server: oneway function results will be dropped but finished with status OK and parcel size 4
06-10 15:43:04.405 12548 12548 E chromium: [ERROR:aw_browser_terminator.cc(125)] Renderer process (13833) crash detected (code -1).
06-10 15:43:04.410   570  2806 I ActivityManager: Killing 13833:com.google.android.webview:sandboxed_process0:org.chromium.content.app.SandboxedProcessService0:2/u0a154i3 (adj 0): isolated not needed
06-10 15:43:04.410   570   610 I libprocessgroup: Successfully killed process cgroup uid 99003 pid 13833 in 0ms
06-10 15:43:04.430   851   851 I Zygote  : Process 13833 exited cleanly (0)
06-10 15:43:04.541   570  1617 I system_server: oneway function results will be dropped but finished with status OK and parcel size 4
06-10 15:43:04.945   570  1617 W InputReader: Device virtio_input_multi_touch_9 is associated with display ADISPLAY_ID_NONE.
06-10 15:43:04.945   570  1617 W InputReader: Device virtio_input_multi_touch_7 is associated with display ADISPLAY_ID_NONE.
06-10 15:43:04.945   570  1617 W InputReader: Device virtio_input_multi_touch_10 is associated with display ADISPLAY_ID_NONE.
06-10 15:43:04.945   570  1617 W InputReader: Device virtio_input_multi_touch_6 is associated with display ADISPLAY_ID_NONE.
06-10 15:43:04.945   570  1617 W InputReader: Device virtio_input_multi_touch_4 is associated with display ADISPLAY_ID_NONE.
06-10 15:43:04.945   570  1617 W InputReader: Device virtio_input_multi_touch_3 is associated with display ADISPLAY_ID_NONE.
06-10 15:43:04.945   570  1617 W InputReader: Device virtio_input_multi_touch_11 is associated with display ADISPLAY_ID_NONE.
06-10 15:43:04.945   570  1617 W InputReader: Device virtio_input_multi_touch_8 is associated with display ADISPLAY_ID_NONE.
06-10 15:43:04.945   570  1617 W InputReader: Device virtio_input_multi_touch_5 is associated with display ADISPLAY_ID_NONE.
06-10 15:43:04.945   570  1617 W InputReader: Device virtio_input_multi_touch_2 is associated with display ADISPLAY_ID_NONE.
06-10 15:43:04.948   570  1617 W InputReader: Device virtio_input_multi_touch_9 is associated with display ADISPLAY_ID_NONE.
06-10 15:43:04.953   570  1617 W InputReader: Device virtio_input_multi_touch_7 is associated with display ADISPLAY_ID_NONE.
06-10 15:43:04.953   570  1617 W InputReader: Device virtio_input_multi_touch_10 is associated with display ADISPLAY_ID_NONE.
06-10 15:43:04.953   570  1617 W InputReader: Device virtio_input_multi_touch_6 is associated with display ADISPLAY_ID_NONE.
06-10 15:43:04.953   570  1617 W InputReader: Device virtio_input_multi_touch_4 is associated with display ADISPLAY_ID_NONE.
06-10 15:43:04.953   570  1617 W InputReader: Device virtio_input_multi_touch_3 is associated with display ADISPLAY_ID_NONE.
06-10 15:43:04.953   570  1617 W InputReader: Device virtio_input_multi_touch_11 is associated with display ADISPLAY_ID_NONE.
06-10 15:43:04.953   570  1617 W InputReader: Device virtio_input_multi_touch_8 is associated with display ADISPLAY_ID_NONE.
06-10 15:43:04.953   570  1617 W InputReader: Device virtio_input_multi_touch_5 is associated with display ADISPLAY_ID_NONE.
06-10 15:43:04.953   570  1617 W InputReader: Device virtio_input_multi_touch_2 is associated with display ADISPLAY_ID_NONE.
06-10 15:43:04.960 12548 12616 W SQLiteLog: (28) double-quoted string literal: "
06-10 15:43:04.960 12548 12616 W SQLiteLog: (28) double-quoted string literal: "8C151DE70E16F17C579B6BEEFA829734"
06-10 15:43:04.993 12548 12616 W SQLiteLog: (28) double-quoted string literal: "8C151DE70E16F17C579B6BEEFA829734"
06-10 15:43:04.993 12548 12616 W SQLiteLog: (28) double-quoted string literal: ""
06-10 15:43:04.994 12548 12616 W SQLiteLog: (28) double-quoted string literal: "8C151DE70E16F17C579B6BEEFA829734"
06-10 15:43:04.994 12548 12616 W SQLiteLog: (28) double-quoted string literal: "-1"
06-10 15:43:06.737 14101 14103 I cmd     : oneway function results will be dropped but finished with status OK and parcel size 4
06-10 15:43:07.497   570  2806 I system_server: oneway function results will be dropped but finished with status OK and parcel size 4
06-10 15:43:08.339 14160 14162 I cmd     : oneway function results will be dropped but finished with status OK and parcel size 4
06-10 15:43:08.662 14189 14191 I cmd     : oneway function results will be dropped but finished with status OK and parcel size 4
06-10 15:43:08.981 14219 14221 I cmd     : oneway function results will be dropped but finished with status OK and parcel size 4
06-10 15:43:09.133 14234 14236 I cmd     : oneway function results will be dropped but finished with status OK and parcel size 4
06-10 15:43:09.309 14246 14246 E libc    : Access denied finding property "persist.device_config.runtime_native_boot.profilebootclasspath"
06-10 15:43:09.309 14246 14246 E libc    : Access denied finding property "persist.device_config.runtime_native_boot.enable_apex_image"
06-10 15:43:09.309 14246 14246 I AndroidRuntime: Using default boot image
06-10 15:43:09.309 14246 14246 E libc    : Access denied finding property "persist.device_config.runtime_native_boot.disable_lock_profiling"
06-10 15:43:09.309 14246 14246 I AndroidRuntime: Leaving lock profiling enabled
06-10 15:43:09.309 14246 14246 E libc    : Access denied finding property "persist.device_config.runtime_native_boot.enable_generational_cc"
06-10 15:43:09.302 14246 14246 W app_process: type=1400 audit(0.0:349): avc: denied { read } for name="u:object_r:device_config_runtime_native_boot_prop:s0" dev="tmpfs" ino=8372 scontext=u:r:shell:s0 tcontext=u:object_r:device_config_runtime_native_boot_prop:s0 tclass=file permissive=0
06-10 15:43:09.343 14246 14246 W app_process: Unexpected CPU variant for X86 using defaults: x86
06-10 15:43:09.344 14246 14246 I app_process: The ClassLoaderContext is a special shared library.
06-10 15:43:09.352 14246 14246 W app_process: JNI RegisterNativeMethods: attempt to register 0 native methods for android.media.AudioAttributes
06-10 15:43:09.412  3235  3235 E ActivityThread: Service com.google.android.gms.chimera.GmsBoundBrokerService has leaked IntentReceiver com.google.android.gms.mdm.receivers.WifiStateChangedReceiver@112847c that was originally registered here. Are you missing a call to unregisterReceiver()?
06-10 15:43:09.412  3235  3235 E ActivityThread: android.app.IntentReceiverLeaked: Service com.google.android.gms.chimera.GmsBoundBrokerService has leaked IntentReceiver com.google.android.gms.mdm.receivers.WifiStateChangedReceiver@112847c that was originally registered here. Are you missing a call to unregisterReceiver()?
06-10 15:43:09.412  3235  3235 E ActivityThread: 	at android.app.LoadedApk$ReceiverDispatcher.<init>(LoadedApk.java:1594)
06-10 15:43:09.412  3235  3235 E ActivityThread: 	at android.app.LoadedApk.getReceiverDispatcher(LoadedApk.java:1374)
06-10 15:43:09.412  3235  3235 E ActivityThread: 	at android.app.ContextImpl.registerReceiverInternal(ContextImpl.java:1614)
06-10 15:43:09.412  3235  3235 E ActivityThread: 	at android.app.ContextImpl.registerReceiver(ContextImpl.java:1580)
06-10 15:43:09.412  3235  3235 E ActivityThread: 	at android.content.ContextWrapper.registerReceiver(ContextWrapper.java:681)
06-10 15:43:09.412  3235  3235 E ActivityThread: 	at android.content.ContextWrapper.registerReceiver(ContextWrapper.java:681)
06-10 15:43:09.412  3235  3235 E ActivityThread: 	at android.content.ContextWrapper.registerReceiver(ContextWrapper.java:681)
06-10 15:43:09.412  3235  3235 E ActivityThread: 	at android.content.ContextWrapper.registerReceiver(ContextWrapper.java:681)
06-10 15:43:09.412  3235  3235 E ActivityThread: 	at android.content.ContextWrapper.registerReceiver(ContextWrapper.java:681)
06-10 15:43:09.412  3235  3235 E ActivityThread: 	at android.content.ContextWrapper.registerReceiver(ContextWrapper.java:681)
06-10 15:43:09.412  3235  3235 E ActivityThread: 	at android.content.ContextWrapper.registerReceiver(ContextWrapper.java:681)
06-10 15:43:09.412  3235  3235 E ActivityThread: 	at android.content.ContextWrapper.registerReceiver(ContextWrapper.java:681)
06-10 15:43:09.412  3235  3235 E ActivityThread: 	at aqax.a(:com.google.android.gms@201817022@20.18.17 (040700-311416286):2)
06-10 15:43:09.412  3235  3235 E ActivityThread: 	at aqbp.a(:com.google.android.gms@201817022@20.18.17 (040700-311416286):13)
06-10 15:43:09.412  3235  3235 E ActivityThread: 	at zus.run(:com.google.android.gms@201817022@20.18.17 (040700-311416286):10)
06-10 15:43:09.412  3235  3235 E ActivityThread: 	at blot.run(:com.google.android.gms@201817022@20.18.17 (040700-311416286):2)
06-10 15:43:09.412  3235  3235 E ActivityThread: 	at sji.b(:com.google.android.gms@201817022@20.18.17 (040700-311416286):12)
06-10 15:43:09.412  3235  3235 E ActivityThread: 	at sji.run(:com.google.android.gms@201817022@20.18.17 (040700-311416286):7)
06-10 15:43:09.412  3235  3235 E ActivityThread: 	at java.util.concurrent.ThreadPoolExecutor.runWorker(ThreadPoolExecutor.java:1167)
06-10 15:43:09.412  3235  3235 E ActivityThread: 	at java.util.concurrent.ThreadPoolExecutor$Worker.run(ThreadPoolExecutor.java:641)
06-10 15:43:09.412  3235  3235 E ActivityThread: 	at spj.run(:com.google.android.gms@201817022@20.18.17 (040700-311416286):0)
06-10 15:43:09.412  3235  3235 E ActivityThread: 	at java.lang.Thread.run(Thread.java:923)
06-10 15:43:09.564   570  1617 I ActivityTaskManager: START u0 {cmp=com.plan.kot32.tomatotime/.activity.WebViewActivity (has extras)} from uid 10154
06-10 15:43:09.567   570  2806 I system_server: oneway function results will be dropped but finished with status OK and parcel size 4
06-10 15:43:09.567   570  2806 I chatty  : uid=1000(system) Binder:570_1C identical 1 line
06-10 15:43:09.567   570  2806 I system_server: oneway function results will be dropped but finished with status OK and parcel size 4
06-10 15:43:09.571   411   411 I perfetto: ing_service_impl.cc:758 Configured tracing session 12, #sources:1, duration:5000 ms, #buffers:1, total buffer size:4096 KB, total sessions:1, uid:1071 session name: ""
06-10 15:43:09.572   402   402 I perfetto: probes_producer.cc:230  Ftrace setup (target_buf=12)
06-10 15:43:09.574   570  1617 W ActivityTaskManager: Tried to set launchTime (0) < mLastActivityLaunchTime (6692813)
06-10 15:43:09.574   570  1617 W InputReader: Device virtio_input_multi_touch_9 is associated with display ADISPLAY_ID_NONE.
06-10 15:43:09.574   570  1617 W InputReader: Device virtio_input_multi_touch_7 is associated with display ADISPLAY_ID_NONE.
