06-10 19:31:55.296 24990 26279 W InputReader: Device virtio_input_multi_touch_2 is associated with display ADISPLAY_ID_NONE.
06-10 19:31:55.297 24990 26279 W InputReader: Device virtio_input_multi_touch_9 is associated with display ADISPLAY_ID_NONE.
06-10 19:31:55.297 24990 26279 W InputReader: Device virtio_input_multi_touch_7 is associated with display ADISPLAY_ID_NONE.
06-10 19:31:55.297 24990 26279 W InputReader: Device virtio_input_multi_touch_10 is associated with display ADISPLAY_ID_NONE.
06-10 19:31:55.297 24990 26279 W InputReader: Device virtio_input_multi_touch_6 is associated with display ADISPLAY_ID_NONE.
06-10 19:31:55.297 24990 26279 W InputReader: Device virtio_input_multi_touch_4 is associated with display ADISPLAY_ID_NONE.
06-10 19:31:55.297 24990 26279 W InputReader: Device virtio_input_multi_touch_3 is associated with display ADISPLAY_ID_NONE.
06-10 19:31:55.297 24990 26279 W InputReader: Device virtio_input_multi_touch_11 is associated with display ADISPLAY_ID_NONE.
06-10 19:31:55.297 24990 26279 W InputReader: Device virtio_input_multi_touch_8 is associated with display ADISPLAY_ID_NONE.
06-10 19:31:55.297 24990 26279 W InputReader: Device virtio_input_multi_touch_5 is associated with display ADISPLAY_ID_NONE.
06-10 19:31:55.297 24990 26279 W InputReader: Device virtio_input_multi_touch_2 is associated with display ADISPLAY_ID_NONE.
06-10 19:31:55.305 18315 18404 W SQLiteLog: (28) double-quoted string literal: "
06-10 19:31:55.305 18315 18404 W SQLiteLog: (28) double-quoted string literal: "8C151DE70E16F17C579B6BEEFA829734"
06-10 19:31:55.308   402   402 I perfetto: ftrace_procfs.cc:176    enabled ftrace
06-10 19:31:55.334 24990 26269 I system_server: oneway function results will be dropped but finished with status OK and parcel size 4
06-10 19:31:55.398 18315 18404 W SQLiteLog: (28) double-quoted string literal: "8C151DE70E16F17C579B6BEEFA829734"
06-10 19:31:55.398 18315 18404 W SQLiteLog: (28) double-quoted string literal: ""
06-10 19:31:55.398 18315 18404 W SQLiteLog: (28) double-quoted string literal: "8C151DE70E16F17C579B6BEEFA829734"
06-10 19:31:55.398 18315 18404 W SQLiteLog: (28) double-quoted string literal: "-1"
06-10 19:31:55.882 24990 25013 I ActivityTaskManager: Displayed com.plan.kot32.tomatotime/.activity.WhiteListActivity: +602ms
06-10 19:31:56.181 19699 19701 I cmd     : oneway function results will be dropped but finished with status OK and parcel size 4
06-10 19:31:57.690 32605 32605 W ThreadPoolForeg: type=1400 audit(0.0:1282): avc: denied { write } for name="traced_producer" dev="tmpfs" ino=10994 scontext=u:r:gmscore_app:s0:c512,c768 tcontext=u:object_r:traced_producer_socket:s0 tclass=sock_file permissive=0 app=com.google.android.gms
06-10 19:31:58.116 24990 25001 W System  : A resource failed to call release. 
06-10 19:31:58.116 24990 25001 I chatty  : uid=1000(system) FinalizerDaemon identical 6 lines
06-10 19:31:58.117 24990 25001 W System  : A resource failed to call release. 
06-10 19:31:58.294 24990 25891 I system_server: oneway function results will be dropped but finished with status OK and parcel size 4
06-10 19:31:59.458 19767 19769 I cmd     : oneway function results will be dropped but finished with status OK and parcel size 4
06-10 19:32:00.295   402   402 I perfetto: probes_producer.cc:329  Producer stop (id=56)
06-10 19:32:00.300   402   402 I perfetto: ftrace_procfs.cc:183    disabled ftrace
06-10 19:32:00.300   411   411 I perfetto: ng_service_impl.cc:1948 Tracing session 56 ended, total sessions:0
06-10 19:32:01.254 19825 19827 I cmd     : oneway function results will be dropped but finished with status OK and parcel size 4
06-10 19:32:01.635 19852 19854 I cmd     : oneway function results will be dropped but finished with status OK and parcel size 4
06-10 19:32:01.846 19869 19871 I cmd     : oneway function results will be dropped but finished with status OK and parcel size 4
06-10 19:32:02.013 19884 19886 I cmd     : oneway function results will be dropped but finished with status OK and parcel size 4
06-10 19:32:02.464 19911 19911 E libc    : Access denied finding property "persist.device_config.runtime_native_boot.profilebootclasspath"
06-10 19:32:02.464 19911 19911 E libc    : Access denied finding property "persist.device_config.runtime_native_boot.enable_apex_image"
06-10 19:32:02.464 19911 19911 I AndroidRuntime: Using default boot image
06-10 19:32:02.464 19911 19911 E libc    : Access denied finding property "persist.device_config.runtime_native_boot.disable_lock_profiling"
06-10 19:32:02.464 19911 19911 I AndroidRuntime: Leaving lock profiling enabled
06-10 19:32:02.464 19911 19911 E libc    : Access denied finding property "persist.device_config.runtime_native_boot.enable_generational_cc"
06-10 19:32:02.462 19911 19911 W app_process: type=1400 audit(0.0:1283): avc: denied { read } for name="u:object_r:device_config_runtime_native_boot_prop:s0" dev="tmpfs" ino=8372 scontext=u:r:shell:s0 tcontext=u:object_r:device_config_runtime_native_boot_prop:s0 tclass=file permissive=0
06-10 19:32:02.499 19911 19911 W app_process: Unexpected CPU variant for X86 using defaults: x86
06-10 19:32:02.501 19911 19911 I app_process: The ClassLoaderContext is a special shared library.
06-10 19:32:02.508 19911 19911 W app_process: JNI RegisterNativeMethods: attempt to register 0 native methods for android.media.AudioAttributes
06-10 19:32:02.743 24990 26269 I system_server: oneway function results will be dropped but finished with status OK and parcel size 4
06-10 19:32:02.743 24990 26269 I chatty  : uid=1000(system) Binder:24990_1C identical 1 line
06-10 19:32:02.743 24990 26269 I system_server: oneway function results will be dropped but finished with status OK and parcel size 4
06-10 19:32:02.901 24990 27590 I system_server: oneway function results will be dropped but finished with status OK and parcel size 4
06-10 19:32:05.481   179   179 I servicemanager: Notifying apexservice they have clients: 0
06-10 19:32:05.485   179   179 I BpBinder: onLastStrongRef automatically unlinking death recipients: <uncached descriptor>
06-10 19:32:05.853 24990 27590 I system_server: oneway function results will be dropped but finished with status OK and parcel size 4
06-10 19:32:08.082   179   179 I servicemanager: Since 'apexservice' could not be found, trying to start it as a lazy AIDL service
06-10 19:32:08.148   179   179 I BpBinder: onLastStrongRef automatically unlinking death recipients: <uncached descriptor>
06-10 19:32:08.150   179   179 I servicemanager: Tried to unregister apexservice, but there is about to be a client.
06-10 19:32:08.275 24990 24990 W WindowManager: removeWindowToken: Attempted to remove non-existing token: android.os.Binder@1990179
06-10 19:32:08.458 19983 19985 I cmd     : oneway function results will be dropped but finished with status OK and parcel size 4
06-10 19:32:09.137 20037 20039 I cmd     : oneway function results will be dropped but finished with status OK and parcel size 4
06-10 19:32:09.310 20054 20056 I cmd     : oneway function results will be dropped but finished with status OK and parcel size 4
06-10 19:32:09.468 20069 20071 I cmd     : oneway function results will be dropped but finished with status OK and parcel size 4
06-10 19:32:09.632 20084 20086 I cmd     : oneway function results will be dropped but finished with status OK and parcel size 4
06-10 19:32:09.806 20096 20096 W app_process: type=1400 audit(0.0:1287): avc: denied { read } for name="u:object_r:device_config_runtime_native_boot_prop:s0" dev="tmpfs" ino=8372 scontext=u:r:shell:s0 tcontext=u:object_r:device_config_runtime_native_boot_prop:s0 tclass=file permissive=0
06-10 19:32:09.812 20096 20096 E libc    : Access denied finding property "persist.device_config.runtime_native_boot.profilebootclasspath"
06-10 19:32:09.812 20096 20096 E libc    : Access denied finding property "persist.device_config.runtime_native_boot.enable_apex_image"
06-10 19:32:09.812 20096 20096 I AndroidRuntime: Using default boot image
06-10 19:32:09.812 20096 20096 E libc    : Access denied finding property "persist.device_config.runtime_native_boot.disable_lock_profiling"
06-10 19:32:09.812 20096 20096 I AndroidRuntime: Leaving lock profiling enabled
06-10 19:32:09.813 20096 20096 E libc    : Access denied finding property "persist.device_config.runtime_native_boot.enable_generational_cc"
06-10 19:32:09.813 20096 20096 W app_process: Could not reserve sentinel fault page
06-10 19:32:09.806 20096 20096 W app_process: type=1400 audit(0.0:1288): avc: denied { read } for name="u:object_r:device_config_runtime_native_boot_prop:s0" dev="tmpfs" ino=8372 scontext=u:r:shell:s0 tcontext=u:object_r:device_config_runtime_native_boot_prop:s0 tclass=file permissive=0
06-10 19:32:09.845 20096 20096 W app_process: Unexpected CPU variant for X86 using defaults: x86
06-10 19:32:09.847 20096 20096 I app_process: The ClassLoaderContext is a special shared library.
06-10 19:32:09.852 20096 20096 W app_process: JNI RegisterNativeMethods: attempt to register 0 native methods for android.media.AudioAttributes
06-10 19:32:10.068 24990 27590 I ActivityTaskManager: START u0 {cmp=com.plan.kot32.tomatotime/.activity.view.WhiteListHelpActivity} from uid 10154
06-10 19:32:10.069 24990 25877 I system_server: oneway function results will be dropped but finished with status OK and parcel size 4
06-10 19:32:10.071 24990 25877 I system_server: oneway function results will be dropped but finished with status OK and parcel size 4
06-10 19:32:10.072   411   411 I perfetto: ing_service_impl.cc:758 Configured tracing session 57, #sources:1, duration:5000 ms, #buffers:1, total buffer size:4096 KB, total sessions:1, uid:1071 session name: ""
06-10 19:32:10.072   402   402 I perfetto: probes_producer.cc:230  Ftrace setup (target_buf=57)
06-10 19:32:10.081 24990 27590 W ActivityTaskManager: Tried to set launchTime (0) < mLastActivityLaunchTime (20429604)
06-10 19:32:10.081 24990 27590 W InputReader: Device virtio_input_multi_touch_9 is associated with display ADISPLAY_ID_NONE.
06-10 19:32:10.081 24990 27590 W InputReader: Device virtio_input_multi_touch_7 is associated with display ADISPLAY_ID_NONE.
06-10 19:32:10.081 24990 27590 W InputReader: Device virtio_input_multi_touch_10 is associated with display ADISPLAY_ID_NONE.
06-10 19:32:10.081 24990 27590 W InputReader: Device virtio_input_multi_touch_6 is associated with display ADISPLAY_ID_NONE.
06-10 19:32:10.081 24990 27590 W InputReader: Device virtio_input_multi_touch_4 is associated with display ADISPLAY_ID_NONE.
06-10 19:32:10.081 24990 27590 W InputReader: Device virtio_input_multi_touch_3 is associated with display ADISPLAY_ID_NONE.
06-10 19:32:10.081 24990 27590 W InputReader: Device virtio_input_multi_touch_11 is associated with display ADISPLAY_ID_NONE.
06-10 19:32:10.081 24990 27590 W InputReader: Device virtio_input_multi_touch_8 is associated with display ADISPLAY_ID_NONE.
06-10 19:32:10.081 24990 27590 W InputReader: Device virtio_input_multi_touch_5 is associated with display ADISPLAY_ID_NONE.
06-10 19:32:10.081 24990 27590 W InputReader: Device virtio_input_multi_touch_2 is associated with display ADISPLAY_ID_NONE.
06-10 19:32:10.081 24990 27590 W InputReader: Device virtio_input_multi_touch_9 is associated with display ADISPLAY_ID_NONE.
06-10 19:32:10.081 24990 27590 W InputReader: Device virtio_input_multi_touch_7 is associated with display ADISPLAY_ID_NONE.
06-10 19:32:10.081 24990 27590 W InputReader: Device virtio_input_multi_touch_10 is associated with display ADISPLAY_ID_NONE.
06-10 19:32:10.081 24990 27590 W InputReader: Device virtio_input_multi_touch_6 is associated with display ADISPLAY_ID_NONE.
06-10 19:32:10.081 24990 27590 W InputReader: Device virtio_input_multi_touch_4 is associated with display ADISPLAY_ID_NONE.
06-10 19:32:10.081 24990 27590 W InputReader: Device virtio_input_multi_touch_3 is associated with display ADISPLAY_ID_NONE.
06-10 19:32:10.081 24990 27590 W InputReader: Device virtio_input_multi_touch_11 is associated with display ADISPLAY_ID_NONE.
06-10 19:32:10.081 24990 27590 W InputReader: Device virtio_input_multi_touch_8 is associated with display ADISPLAY_ID_NONE.
06-10 19:32:10.081 24990 27590 W InputReader: Device virtio_input_multi_touch_5 is associated with display ADISPLAY_ID_NONE.
06-10 19:32:10.081 24990 27590 W InputReader: Device virtio_input_multi_touch_2 is associated with display ADISPLAY_ID_NONE.
06-10 19:32:10.097 18315 18404 W SQLiteLog: (28) double-quoted string literal: "
06-10 19:32:10.097 18315 18404 W SQLiteLog: (28) double-quoted string literal: "8C151DE70E16F17C579B6BEEFA829734"
06-10 19:32:10.107   402   402 I perfetto: ftrace_procfs.cc:176    enabled ftrace
06-10 19:32:10.140 18315 18404 W SQLiteLog: (28) double-quoted string literal: "8C151DE70E16F17C579B6BEEFA829734"
06-10 19:32:10.141 18315 18404 W SQLiteLog: (28) double-quoted string literal: ""
06-10 19:32:10.141 18315 18404 W SQLiteLog: (28) double-quoted string literal: "8C151DE70E16F17C579B6BEEFA829734"
06-10 19:32:10.141 18315 18404 W SQLiteLog: (28) double-quoted string literal: "-1"
06-10 19:32:10.180 24990 25013 I ActivityTaskManager: Displayed com.plan.kot32.tomatotime/.activity.view.WhiteListHelpActivity: +111ms
06-10 19:32:10.206 24990 27590 I system_server: oneway function results will be dropped but finished with status OK and parcel size 4
06-10 19:32:10.273 20128 20130 I cmd     : oneway function results will be dropped but finished with status OK and parcel size 4
06-10 19:32:10.483   179   179 I servicemanager: Notifying apexservice they have clients: 1
06-10 19:32:10.484   179   179 I servicemanager: Notifying apexservice they have clients: 0
06-10 19:32:10.499   179   179 I BpBinder: onLastStrongRef automatically unlinking death recipients: <uncached descriptor>
06-10 19:32:11.295   496   496 E wifi_forwarder: qemu_pipe_open_ns:62: Could not connect to the 'pipe:qemud:wififorward' service: Invalid argument
06-10 19:32:11.295   496   496 E wifi_forwarder: RemoteConnection failed to initialize: RemoteConnection failed to open pipe
06-10 19:32:12.229   483   483 E netmgr  : qemu_pipe_open_ns:62: Could not connect to the 'pipe:qemud:network' service: Invalid argument
06-10 19:32:12.229   483   483 E netmgr  : Failed to open QEMU pipe 'qemud:network': Invalid argument
06-10 19:32:13.165 24990 25003 I system_server: oneway function results will be dropped but finished with status OK and parcel size 4
06-10 19:32:15.079   402   402 I perfetto: probes_producer.cc:329  Producer stop (id=57)
06-10 19:32:15.081   411   411 I perfetto: ng_service_impl.cc:1948 Tracing session 57 ended, total sessions:0
06-10 19:32:15.086   402   402 I perfetto: ftrace_procfs.cc:183    disabled ftrace
06-10 19:32:15.817 20168 20170 I cmd     : oneway function results will be dropped but finished with status OK and parcel size 4
06-10 19:32:16.155 20195 20197 I cmd     : oneway function results will be dropped but finished with status OK and parcel size 4
06-10 19:32:16.560 20222 20224 I cmd     : oneway function results will be dropped but finished with status OK and parcel size 4
06-10 19:32:16.758 20239 20241 I cmd     : oneway function results will be dropped but finished with status OK and parcel size 4
06-10 19:32:16.978 20254 20256 I cmd     : oneway function results will be dropped but finished with status OK and parcel size 4
06-10 19:32:17.201 20269 20271 I cmd     : oneway function results will be dropped but finished with status OK and parcel size 4
06-10 19:32:17.350 24990 25001 W System  : A resource failed to call release. 
06-10 19:32:17.350 24990 25001 W System  : A resource failed to call release. 
06-10 19:32:17.568 20281 20281 E libc    : Access denied finding property "persist.device_config.runtime_native_boot.profilebootclasspath"
06-10 19:32:17.568 20281 20281 E libc    : Access denied finding property "persist.device_config.runtime_native_boot.enable_apex_image"
06-10 19:32:17.568 20281 20281 I AndroidRuntime: Using default boot image
06-10 19:32:17.568 20281 20281 E libc    : Access denied finding property "persist.device_config.runtime_native_boot.disable_lock_profiling"
06-10 19:32:17.568 20281 20281 I AndroidRuntime: Leaving lock profiling enabled
06-10 19:32:17.568 20281 20281 E libc    : Access denied finding property "persist.device_config.runtime_native_boot.enable_generational_cc"
06-10 19:32:17.571 20281 20281 W app_process: Could not reserve sentinel fault page
06-10 19:32:17.566 20281 20281 W app_process: type=1400 audit(0.0:1291): avc: denied { read } for name="u:object_r:device_config_runtime_native_boot_prop:s0" dev="tmpfs" ino=8372 scontext=u:r:shell:s0 tcontext=u:object_r:device_config_runtime_native_boot_prop:s0 tclass=file permissive=0
06-10 19:32:17.613 20281 20281 W app_process: Unexpected CPU variant for X86 using defaults: x86
06-10 19:32:17.615 20281 20281 I app_process: The ClassLoaderContext is a special shared library.
06-10 19:32:17.623 20281 20281 W app_process: JNI RegisterNativeMethods: attempt to register 0 native methods for android.media.AudioAttributes
06-10 19:32:17.863   180   180 I hwservicemanager: getTransport: Cannot find entry android.hardware.graphics.mapper@4.0::IMapper/default in either framework or device manifest.
06-10 19:32:17.866 16987 17006 I Gralloc4: mapper 4.x is not supported
06-10 19:32:17.867 24990 27590 I system_server: oneway function results will be dropped but finished with status OK and parcel size 4
06-10 19:32:17.867 24990 27590 I system_server: oneway function results will be dropped but finished with status OK and parcel size 4
06-10 19:32:17.887 24990 27590 W InputReader: Device virtio_input_multi_touch_9 is associated with display ADISPLAY_ID_NONE.
06-10 19:32:17.887 24990 27590 W InputReader: Device virtio_input_multi_touch_7 is associated with display ADISPLAY_ID_NONE.
06-10 19:32:17.887 24990 27590 W InputReader: Device virtio_input_multi_touch_10 is associated with display ADISPLAY_ID_NONE.
06-10 19:32:17.887 24990 27590 W InputReader: Device virtio_input_multi_touch_6 is associated with display ADISPLAY_ID_NONE.
06-10 19:32:17.887 24990 27590 W InputReader: Device virtio_input_multi_touch_4 is associated with display ADISPLAY_ID_NONE.
06-10 19:32:17.887 24990 27590 W InputReader: Device virtio_input_multi_touch_3 is associated with display ADISPLAY_ID_NONE.
06-10 19:32:17.887 24990 27590 W InputReader: Device virtio_input_multi_touch_11 is associated with display ADISPLAY_ID_NONE.
06-10 19:32:17.887 24990 27590 W InputReader: Device virtio_input_multi_touch_8 is associated with display ADISPLAY_ID_NONE.
06-10 19:32:17.887 24990 27590 W InputReader: Device virtio_input_multi_touch_5 is associated with display ADISPLAY_ID_NONE.
06-10 19:32:17.887 24990 27590 W InputReader: Device virtio_input_multi_touch_2 is associated with display ADISPLAY_ID_NONE.
06-10 19:32:17.887 24990 27590 W InputReader: Device virtio_input_multi_touch_9 is associated with display ADISPLAY_ID_NONE.
06-10 19:32:17.888 24990 27590 W InputReader: Device virtio_input_multi_touch_7 is associated with display ADISPLAY_ID_NONE.
06-10 19:32:17.888 24990 27590 W InputReader: Device virtio_input_multi_touch_10 is associated with display ADISPLAY_ID_NONE.
06-10 19:32:17.888 24990 27590 W InputReader: Device virtio_input_multi_touch_6 is associated with display ADISPLAY_ID_NONE.
06-10 19:32:17.888 24990 27590 W InputReader: Device virtio_input_multi_touch_4 is associated with display ADISPLAY_ID_NONE.
06-10 19:32:17.888 24990 27590 W InputReader: Device virtio_input_multi_touch_3 is associated with display ADISPLAY_ID_NONE.
06-10 19:32:17.888 24990 27590 W InputReader: Device virtio_input_multi_touch_11 is associated with display ADISPLAY_ID_NONE.
06-10 19:32:17.888 24990 27590 W InputReader: Device virtio_input_multi_touch_8 is associated with display ADISPLAY_ID_NONE.
06-10 19:32:17.888 24990 27590 W InputReader: Device virtio_input_multi_touch_5 is associated with display ADISPLAY_ID_NONE.
06-10 19:32:17.888 24990 27590 W InputReader: Device virtio_input_multi_touch_2 is associated with display ADISPLAY_ID_NONE.
06-10 19:32:17.893 18315 18404 W SQLiteLog: (28) double-quoted string literal: "
06-10 19:32:17.893 18315 18404 W SQLiteLog: (28) double-quoted string literal: "8C151DE70E16F17C579B6BEEFA829734"
06-10 19:32:17.896 24990 27188 W OpenGLRenderer: Failed to choose config with EGL_SWAP_BEHAVIOR_PRESERVED, retrying without...
06-10 19:32:17.956 20304 20306 I cmd     : oneway function results will be dropped but finished with status OK and parcel size 4
06-10 19:32:17.958 18315 18404 W SQLiteLog: (28) double-quoted string literal: "8C151DE70E16F17C579B6BEEFA829734"
06-10 19:32:17.958 18315 18404 W SQLiteLog: (28) double-quoted string literal: ""
06-10 19:32:17.958 18315 18404 W SQLiteLog: (28) double-quoted string literal: "8C151DE70E16F17C579B6BEEFA829734"
06-10 19:32:17.958 18315 18404 W SQLiteLog: (28) double-quoted string literal: "-1"
06-10 19:32:18.004 24990 25877 I system_server: oneway function results will be dropped but finished with status OK and parcel size 4
06-10 19:32:18.170   179   179 I servicemanager: Since 'apexservice' could not be found, trying to start it as a lazy AIDL service
06-10 19:32:18.234   179   179 I BpBinder: onLastStrongRef automatically unlinking death recipients: <uncached descriptor>
06-10 19:32:18.237   179   179 I servicemanager: Tried to unregister apexservice, but there is about to be a client.
06-10 19:32:19.409 24990 25015 I ActivityManager: Start proc 20331:com.google.android.gm/u0a130 for service {com.google.android.gm/com.google.android.libraries.notifications.entrypoints.scheduled.ScheduledTaskService}
06-10 19:32:19.414 20331 20331 W ogle.android.g: Unexpected CPU variant for X86 using defaults: x86
06-10 19:32:19.417 24990 25015 I ActivityManager: Start proc 20337:com.google.android.apps.docs/u0a115 for service {com.google.android.apps.docs/com.google.android.libraries.notifications.entrypoints.scheduled.ScheduledTaskService}
06-10 19:32:19.418 20331 20331 E ogle.android.g: Not starting debugger since process cannot load the jdwp agent.
06-10 19:32:19.421 20337 20337 W droid.apps.doc: Unexpected CPU variant for X86 using defaults: x86
06-10 19:32:19.425 20337 20337 E droid.apps.doc: Not starting debugger since process cannot load the jdwp agent.
06-10 19:32:19.428 24990 25015 I ActivityManager: Start proc 20360:com.google.android.apps.tachyon/u0a113 for service {com.google.android.apps.tachyon/androidx.work.impl.background.systemjob.SystemJobService}
06-10 19:32:19.432 20360 20360 W id.apps.tachyo: Unexpected CPU variant for X86 using defaults: x86
06-10 19:32:19.434 20331 20331 I ogle.android.g: The ClassLoaderContext is a special shared library.
06-10 19:32:19.435 24990 25015 I ActivityManager: Start proc 20377:com.google.android.apps.wellbeing/u0a107 for service {com.google.android.apps.wellbeing/androidx.work.impl.background.systemjob.SystemJobService}
06-10 19:32:19.439 20360 20360 E id.apps.tachyo: Not starting debugger since process cannot load the jdwp agent.
06-10 19:32:19.443 20377 20377 W .apps.wellbein: Unexpected CPU variant for X86 using defaults: x86
06-10 19:32:19.447 20331 20331 I ogle.android.g: The ClassLoaderContext is a special shared library.
06-10 19:32:19.451 20337 20337 I droid.apps.doc: The ClassLoaderContext is a special shared library.
06-10 19:32:19.453 20377 20377 E .apps.wellbein: Not starting debugger since process cannot load the jdwp agent.
06-10 19:32:19.461 20360 20360 I id.apps.tachyo: The ClassLoaderContext is a special shared library.
06-10 19:32:19.464 20337 20337 I droid.apps.doc: The ClassLoaderContext is a special shared library.
06-10 19:32:19.482 20377 20377 I .apps.wellbein: The ClassLoaderContext is a special shared library.
06-10 19:32:19.483 20360 20360 I id.apps.tachyo: The ClassLoaderContext is a special shared library.
06-10 19:32:19.510 20377 20377 I .apps.wellbein: The ClassLoaderContext is a special shared library.
06-10 19:32:19.630 20377 20377 I MultiDex: VM with version 2.1.0 has multidex support
06-10 19:32:19.631 20377 20377 I MultiDex: install
06-10 19:32:19.631 20377 20377 I MultiDex: VM has multidex support, MultiDex support library is disabled.
06-10 19:32:19.814 20377 20377 I kew     : SslGuard completed installation.
06-10 19:32:19.830 20377 20429 W .apps.wellbein: Accessing hidden field Ljava/util/Collections$SynchronizedCollection;->mutex:Ljava/lang/Object; (greylist-max-o, reflection, denied)
06-10 19:32:19.834 20377 20429 W .apps.wellbein: Accessing hidden method Ljava/util/Collections$SynchronizedSet;-><init>(Ljava/util/Set;Ljava/lang/Object;)V (greylist-max-o, reflection, denied)
06-10 19:32:19.834 20377 20429 W .apps.wellbein: Accessing hidden method Ljava/util/Collections$SynchronizedCollection;-><init>(Ljava/util/Collection;Ljava/lang/Object;)V (greylist-max-o, reflection, denied)
06-10 19:32:19.842 20337 20424 W droid.apps.doc: Accessing hidden field Ljava/util/Collections$SynchronizedCollection;->mutex:Ljava/lang/Object; (greylist-max-o, reflection, denied)
06-10 19:32:19.843 20337 20424 W droid.apps.doc: Accessing hidden method Ljava/util/Collections$SynchronizedSet;-><init>(Ljava/util/Set;Ljava/lang/Object;)V (greylist-max-o, reflection, denied)
06-10 19:32:19.843 20337 20424 W droid.apps.doc: Accessing hidden method Ljava/util/Collections$SynchronizedCollection;-><init>(Ljava/util/Collection;Ljava/lang/Object;)V (greylist-max-o, reflection, denied)
06-10 19:32:19.870 20360 20430 W id.apps.tachyo: Accessing hidden field Ljava/util/Collections$SynchronizedCollection;->mutex:Ljava/lang/Object; (greylist-max-o, reflection, denied)
06-10 19:32:19.879 20360 20430 W id.apps.tachyo: Accessing hidden method Ljava/util/Collections$SynchronizedSet;-><init>(Ljava/util/Set;Ljava/lang/Object;)V (greylist-max-o, reflection, denied)
06-10 19:32:19.879 20360 20430 W id.apps.tachyo: Accessing hidden method Ljava/util/Collections$SynchronizedCollection;-><init>(Ljava/util/Collection;Ljava/lang/Object;)V (greylist-max-o, reflection, denied)
06-10 19:32:19.879 20420 20434 I cmd     : oneway function results will be dropped but finished with status OK and parcel size 4
06-10 19:32:19.940 20377 20377 I TetheringManager: registerTetheringEventCallback:com.google.android.apps.wellbeing
06-10 19:32:19.956 20331 20445 W ogle.android.g: Accessing hidden field Ljava/util/Collections$SynchronizedCollection;->mutex:Ljava/lang/Object; (greylist-max-o, reflection, denied)
06-10 19:32:19.957 20331 20445 W ogle.android.g: Accessing hidden method Ljava/util/Collections$SynchronizedSet;-><init>(Ljava/util/Set;Ljava/lang/Object;)V (greylist-max-o, reflection, denied)
06-10 19:32:19.957 20331 20445 W ogle.android.g: Accessing hidden method Ljava/util/Collections$SynchronizedCollection;-><init>(Ljava/util/Collection;Ljava/lang/Object;)V (greylist-max-o, reflection, denied)
06-10 19:32:19.964 24990 25003 W AppOps  : Noting op not finished: uid 10108 pkg com.google.android.gms code 79 startTime of in progress event=1781117324877
06-10 19:32:19.972 24990 27590 W AppOps  : Noting op not finished: uid 10108 pkg com.google.android.gms code 79 startTime of in progress event=1781117324877
06-10 19:32:19.977 24990 26279 W AppOps  : Noting op not finished: uid 10108 pkg com.google.android.gms code 79 startTime of in progress event=1781117324877
06-10 19:32:19.988 24990 27590 W AppOps  : Noting op not finished: uid 10108 pkg com.google.android.gms code 79 startTime of in progress event=1781117324877
06-10 19:32:20.003 32605   445 I ActivityScheduler: nextTriggerTime: 20692409, in 238099ms, detectorType: 39, FULL_TYPE alarmWindowMillis: 80000
06-10 19:32:20.066 20337 20459 I GAv4    : Google Analytics 202.3.00 is starting up. To enable debug logging on a device run:
06-10 19:32:20.066 20337 20459 I GAv4    :   adb shell setprop log.tag.GAv4 DEBUG
06-10 19:32:20.066 20337 20459 I GAv4    :   adb logcat -s GAv4
06-10 19:32:20.072 20331 20331 W GAV2    : Thread[main,5,main]: Need to call initialize() and be in fallback mode to start dispatch.
06-10 19:32:20.119 20337 20496 W GAv4    : CampaignTrackingReceiver is not registered, not exported or is disabled. Installation campaign tracking is not possible. See http://goo.gl/8Rd3yj for instructions.
06-10 19:32:20.124 20331 20331 W Gmail   : AccountUtils:For b/73513912, load account content://com.google.android.gm.sapi/account.-2137146394 from MailAppProvider. Is account valid result: 1.
06-10 19:32:20.131 20337 20474 W FieldDefinition: [RxCachedThreadScheduler-7] Ignoring isIndexed constraint as field also has uniqueness constraint (on just this field, and therefore SQLite will have to create an index on that. For field: bok$a@fef1bba
06-10 19:32:20.132 20331 20331 W Gmail   : AccountUtils:For b/73513912, load account content://com.google.android.gm.email.provider/account.-437561172?suppress_combined%3Dtrue from MailAppProvider. Is account valid result: 1.
06-10 19:32:20.156 32605  1312 W Auth    : [GaiaServicesFlagManager] Failed to convert account to GoogleAccount: MissingAccount. Returning false. [CONTEXT service_id=343 ]
06-10 19:32:20.170 20360 20423 I TetheringManager: registerTetheringEventCallback:com.google.android.apps.tachyon
06-10 19:32:20.180 32605  1312 W Auth    : [GaiaServicesFlagManager] Failed to convert account to GoogleAccount: MissingAccount. Returning false. [CONTEXT service_id=343 ]
06-10 19:32:20.193 20377 20426 I WM-WorkerWrapper: Worker result SUCCESS for Work [ id=0d787255-a11b-4128-b758-02255a5b93ca, tags={ com.google.apps.tiktok.contrib.work.TikTokListenableWorker, TikTokWorker#com.google.apps.tiktok.sync.impl.workmanager.SyncWorker } ]
06-10 19:32:20.196 20360 20509 W DynamiteModule: Local module descriptor class for com.google.android.gms.googlecertificates not found.
06-10 19:32:20.203 20337 20519 I TetheringManager: registerTetheringEventCallback:com.google.android.apps.docs
06-10 19:32:20.209 20377 20444 W FirebaseApp: Default FirebaseApp failed to initialize because no default options were found. This usually means that com.google.gms:google-services was not applied to your gradle project.
06-10 19:32:20.219 32605 32766 I PhenotypeResourceReader: unable to find any Phenotype resource metadata for com.google.android.gm
06-10 19:32:20.267 20360 20532 W DynamiteModule: Local module descriptor class for com.google.android.gms.measurement.dynamite not found.
06-10 19:32:20.282 24990 25003 W ActivityManager: Unable to start service Intent { cmp=com.google.android.gm/com.android.email.service.AttachmentService } U=0: not found
06-10 19:32:20.363 20360 20509 W id.apps.tachyo: ClassLoaderContext classpath size mismatch. expected=15, found=0 (DLC[];PCL[base.apk*2273798896:base.apk!classes2.dex*3178303029:base.apk!classes3.dex*518679604:base.apk!classes4.dex*3416445621:base.apk!classes5.dex*1589117938:base.apk!classes6.dex*1099718364:base.apk!classes7.dex*491832077:base.apk!classes8.dex*1805558740:base.apk!classes9.dex*312867739:base.apk!classes10.dex*868588342:base.apk!classes11.dex*3073251967:base.apk!classes12.dex*1260095936:base.apk!classes13.dex*2150377629:base.apk!classes14.dex*1415303542:base.apk!classes15.dex*128263864]{PCL[/system/framework/org.apache.http.legacy.jar*1452144318]#PCL[/system/framework/com.android.location.provider.jar*4177849200]#PCL[/system/framework/com.android.media.remotedisplay.jar*1128910120]#PCL[/system_ext/framework/androidx.window.sidecar.jar*709954415]} | DLC[];PCL[])
06-10 19:32:20.481   179   179 I servicemanager: Notifying apexservice they have clients: 1
06-10 19:32:20.502 32605   930 I PhenotypeResourceReader: unable to find any Phenotype resource metadata for com.google.android.apps.docs
06-10 19:32:20.530 20360 20532 W System  : ClassLoader referenced unknown path: 
06-10 19:32:20.557 20377 20426 W SyncManager: Unable to determine attempted syncs. They will not be used to schedule the next sync.
06-10 19:32:20.557 20377 20426 W SyncManager: java.util.concurrent.CancellationException: Task was cancelled.
06-10 19:32:20.557 20377 20426 W SyncManager: 	at nji.a(PG:132)
06-10 19:32:20.557 20377 20426 W SyncManager: 	at nji.get(PG:92)
06-10 19:32:20.557 20377 20426 W SyncManager: 	at nna.a(PG:11)
06-10 19:32:20.557 20377 20426 W SyncManager: 	at nmk.a(PG:18)
06-10 19:32:20.557 20377 20426 W SyncManager: 	at mnu.a(PG:60)
06-10 19:32:20.557 20377 20426 W SyncManager: 	at mnh.a(Unknown Source:6)
06-10 19:32:20.557 20377 20426 W SyncManager: 	at mrw.a(PG:3)
06-10 19:32:20.557 20377 20426 W SyncManager: 	at lne.a(PG:2)
06-10 19:32:20.557 20377 20426 W SyncManager: 	at nmw.b(PG:7)
06-10 19:32:20.557 20377 20426 W SyncManager: 	at nly.run(PG:12)
06-10 19:32:20.557 20377 20426 W SyncManager: 	at nmy.run(PG:11)
06-10 19:32:20.557 20377 20426 W SyncManager: 	at lmx.run(PG:2)
06-10 19:32:20.557 20377 20426 W SyncManager: 	at java.util.concurrent.ThreadPoolExecutor.runWorker(ThreadPoolExecutor.java:1167)
06-10 19:32:20.557 20377 20426 W SyncManager: 	at java.util.concurrent.ThreadPoolExecutor$Worker.run(ThreadPoolExecutor.java:641)
06-10 19:32:20.557 20377 20426 W SyncManager: 	at lku.run(Unknown Source:4)
06-10 19:32:20.557 20377 20426 W SyncManager: 	at java.lang.Thread.run(Thread.java:923)
06-10 19:32:20.581 20377 20516 W DynamiteModule: Local module descriptor class for com.google.android.gms.googlecertificates not found.
06-10 19:32:20.588 20360 20532 W id.apps.tachyo: ClassLoaderContext classpath size mismatch. expected=15, found=3 (DLC[];PCL[base.apk*2273798896:base.apk!classes2.dex*3178303029:base.apk!classes3.dex*518679604:base.apk!classes4.dex*3416445621:base.apk!classes5.dex*1589117938:base.apk!classes6.dex*1099718364:base.apk!classes7.dex*491832077:base.apk!classes8.dex*1805558740:base.apk!classes9.dex*312867739:base.apk!classes10.dex*868588342:base.apk!classes11.dex*3073251967:base.apk!classes12.dex*1260095936:base.apk!classes13.dex*2150377629:base.apk!classes14.dex*1415303542:base.apk!classes15.dex*128263864]{PCL[/system/framework/org.apache.http.legacy.jar*1452144318]#PCL[/system/framework/com.android.location.provider.jar*4177849200]#PCL[/system/framework/com.android.media.remotedisplay.jar*1128910120]#PCL[/system_ext/framework/androidx.window.sidecar.jar*709954415]} | DLC[];PCL[/product/app/Duo/Duo.apk*1593040135:/product/app/Duo/Duo.apk!classes2.dex*3900493709:/product/app/Duo/Duo.apk!classes3.dex*1687890055]{PCL[/system/framework/android.test.base.jar*315452938]#PCL[/system_ext/framework/androidx.window.sidecar.jar*709954415]})
06-10 19:32:20.596 20360 20532 W id.apps.tachyo: Found duplicate classes, falling back to extracting from APK : /data/app/~~8lSlw8pX4qaS-CNxGaVyWA==/com.google.android.gms-P3TV0sWNCjbsHMXAKhmYtw==/split_MeasurementDynamite_installtime.apk
06-10 19:32:20.598 20360 20532 W id.apps.tachyo: NOTE: This wastes RAM and hurts startup performance.
06-10 19:32:20.598 20360 20532 W id.apps.tachyo: Found duplicated class when checking oat files: 'Landroid/support/annotation/Keep;' in /data/app/~~8lSlw8pX4qaS-CNxGaVyWA==/com.google.android.gms-P3TV0sWNCjbsHMXAKhmYtw==/split_MeasurementDynamite_installtime.apk!classes2.dex and /product/app/Duo/Duo.apk
06-10 19:32:20.620 20377 20537 E ActivityThread: Failed to find provider info for com.google.android.deskclock.provider
06-10 19:32:20.621 20377 20537 W dxf     : Error calling get_bedtime_info provider
06-10 19:32:20.621 20377 20537 W dxf     : java.lang.IllegalArgumentException: Unknown authority com.google.android.deskclock.provider
06-10 19:32:20.621 20377 20537 W dxf     : 	at android.content.ContentResolver.call(ContentResolver.java:2402)
06-10 19:32:20.621 20377 20537 W dxf     : 	at android.content.ContentResolver.call(ContentResolver.java:2385)
06-10 19:32:20.621 20377 20537 W dxf     : 	at dyo.d(PG:10)
06-10 19:32:20.621 20377 20537 W dxf     : 	at dyi.a(PG:3)
06-10 19:32:20.621 20377 20537 W dxf     : 	at pst.k(PG:6)
06-10 19:32:20.621 20377 20537 W dxf     : 	at mtf.k(PG:8)
06-10 19:32:20.621 20377 20537 W dxf     : 	at pxs.run(PG:14)
06-10 19:32:20.621 20377 20537 W dxf     : 	at lmx.run(PG:2)
06-10 19:32:20.621 20377 20537 W dxf     : 	at java.util.concurrent.ThreadPoolExecutor.runWorker(ThreadPoolExecutor.java:1167)
06-10 19:32:20.621 20377 20537 W dxf     : 	at java.util.concurrent.ThreadPoolExecutor$Worker.run(ThreadPoolExecutor.java:641)
06-10 19:32:20.621 20377 20537 W dxf     : 	at lku.run(Unknown Source:4)
06-10 19:32:20.621 20377 20537 W dxf     : 	at java.lang.Thread.run(Thread.java:923)
06-10 19:32:20.622 20377 20537 W dyo     : Couldn't read bedtime from Clock
06-10 19:32:20.636 20377 20516 W .apps.wellbein: ClassLoaderContext classpath size mismatch. expected=15, found=0 (DLC[];PCL[base.apk*2273798896:base.apk!classes2.dex*3178303029:base.apk!classes3.dex*518679604:base.apk!classes4.dex*3416445621:base.apk!classes5.dex*1589117938:base.apk!classes6.dex*1099718364:base.apk!classes7.dex*491832077:base.apk!classes8.dex*1805558740:base.apk!classes9.dex*312867739:base.apk!classes10.dex*868588342:base.apk!classes11.dex*3073251967:base.apk!classes12.dex*1260095936:base.apk!classes13.dex*2150377629:base.apk!classes14.dex*1415303542:base.apk!classes15.dex*128263864]{PCL[/system/framework/org.apache.http.legacy.jar*1452144318]#PCL[/system/framework/com.android.location.provider.jar*4177849200]#PCL[/system/framework/com.android.media.remotedisplay.jar*1128910120]#PCL[/system_ext/framework/androidx.window.sidecar.jar*709954415]} | DLC[];PCL[])
06-10 19:32:20.636 20377 20516 I DynamiteModule: Considering local module com.google.android.gms.googlecertificates:0 and remote module com.google.android.gms.googlecertificates:7
06-10 19:32:20.636 20377 20516 I DynamiteModule: Selected remote version of com.google.android.gms.googlecertificates, version >= 7
06-10 19:32:20.657 20377 20516 W System  : ClassLoader referenced unknown path: 
06-10 19:32:20.667  1237  4684 I Icing   : Indexing com.google.android.gms-internal.3p:MobileApplication from com.google.android.gms
06-10 19:32:20.679  1237  1253 I PeopleChimeraService: onService. callbacks = ctwa@3d93984, request = com.google.android.gms.common.internal.GetServiceRequest@31be56d
06-10 19:32:20.738 20377 20516 W .apps.wellbein: ClassLoaderContext classpath size mismatch. expected=15, found=2 (DLC[];PCL[base.apk*2273798896:base.apk!classes2.dex*3178303029:base.apk!classes3.dex*518679604:base.apk!classes4.dex*3416445621:base.apk!classes5.dex*1589117938:base.apk!classes6.dex*1099718364:base.apk!classes7.dex*491832077:base.apk!classes8.dex*1805558740:base.apk!classes9.dex*312867739:base.apk!classes10.dex*868588342:base.apk!classes11.dex*3073251967:base.apk!classes12.dex*1260095936:base.apk!classes13.dex*2150377629:base.apk!classes14.dex*1415303542:base.apk!classes15.dex*128263864]{PCL[/system/framework/org.apache.http.legacy.jar*1452144318]#PCL[/system/framework/com.android.location.provider.jar*4177849200]#PCL[/system/framework/com.android.media.remotedisplay.jar*1128910120]#PCL[/system_ext/framework/androidx.window.sidecar.jar*709954415]} | DLC[];PCL[/product/priv-app/WellbeingPrebuilt/WellbeingPrebuilt.apk*3105014714:/product/priv-app/WellbeingPrebuilt/WellbeingPrebuilt.apk!classes2.dex*659704715]{PCL[/system/framework/android.test.base.jar*315452938]#PCL[/system/framework/org.apache.http.legacy.jar*1452144318]})
06-10 19:32:20.747 20377 20516 W .apps.wellbein: Found duplicate classes, falling back to extracting from APK : /data/app/~~8lSlw8pX4qaS-CNxGaVyWA==/com.google.android.gms-P3TV0sWNCjbsHMXAKhmYtw==/split_GoogleCertificates_installtime.apk
06-10 19:32:20.747 20377 20516 W .apps.wellbein: NOTE: This wastes RAM and hurts startup performance.
06-10 19:32:20.747 20377 20516 W .apps.wellbein: Found duplicated class when checking oat files: 'Landroid/support/annotation/Keep;' in /data/app/~~8lSlw8pX4qaS-CNxGaVyWA==/com.google.android.gms-P3TV0sWNCjbsHMXAKhmYtw==/split_GoogleCertificates_installtime.apk!classes2.dex and /product/priv-app/WellbeingPrebuilt/WellbeingPrebuilt.apk
06-10 19:32:20.782  1237  1253 I PeopleChimeraService: onService. callbacks = ctwa@89e6b69, request = com.google.android.gms.common.internal.GetServiceRequest@c63e9ee
06-10 19:32:20.795 20377 20537 W dxf     : Error calling get_bedtime_info provider
06-10 19:32:20.795 20377 20537 W dxf     : java.lang.IllegalArgumentException: Unknown authority com.google.android.deskclock.provider
06-10 19:32:20.795 20377 20537 W dxf     : 	at android.content.ContentResolver.call(ContentResolver.java:2402)
06-10 19:32:20.795 20377 20537 W dxf     : 	at android.content.ContentResolver.call(ContentResolver.java:2385)
06-10 19:32:20.795 20377 20537 W dxf     : 	at dyo.d(PG:10)
06-10 19:32:20.795 20377 20537 W dxf     : 	at dye.a(PG:4)
06-10 19:32:20.795 20377 20537 W dxf     : 	at pst.k(PG:6)
06-10 19:32:20.795 20377 20537 W dxf     : 	at mtf.k(PG:8)
06-10 19:32:20.795 20377 20537 W dxf     : 	at pxs.run(PG:14)
06-10 19:32:20.795 20377 20537 W dxf     : 	at lmx.run(PG:2)
06-10 19:32:20.795 20377 20537 W dxf     : 	at java.util.concurrent.ThreadPoolExecutor.runWorker(ThreadPoolExecutor.java:1167)
06-10 19:32:20.795 20377 20537 W dxf     : 	at java.util.concurrent.ThreadPoolExecutor$Worker.run(ThreadPoolExecutor.java:641)
06-10 19:32:20.795 20377 20537 W dxf     : 	at lku.run(Unknown Source:4)
06-10 19:32:20.795 20377 20537 W dxf     : 	at java.lang.Thread.run(Thread.java:923)
06-10 19:32:20.798 20377 20537 W dyo     : Couldn't read bedtime from Clock
06-10 19:32:20.802 20377 20444 I WM-WorkerWrapper: Work [ id=870e3fc9-f32f-4d13-97b1-5f819e625d5d, tags={ com.google.apps.tiktok.contrib.work.TikTokListenableWorker, TikTokWorker#com.google.apps.tiktok.sync.impl.workmanager.SyncWorker } ] was cancelled
06-10 19:32:20.802 20377 20444 I WM-WorkerWrapper: java.util.concurrent.CancellationException: Task was cancelled.
06-10 19:32:20.802 20377 20444 I WM-WorkerWrapper: 	at apc.d(PG:108)
06-10 19:32:20.802 20377 20444 I WM-WorkerWrapper: 	at apc.get(PG:68)
06-10 19:32:20.802 20377 20444 I WM-WorkerWrapper: 	at akw.run(PG:2)
06-10 19:32:20.802 20377 20444 I WM-WorkerWrapper: 	at aoj.run(PG:2)
06-10 19:32:20.802 20377 20444 I WM-WorkerWrapper: 	at lmx.run(PG:2)
06-10 19:32:20.802 20377 20444 I WM-WorkerWrapper: 	at java.util.concurrent.ThreadPoolExecutor.runWorker(ThreadPoolExecutor.java:1167)
06-10 19:32:20.802 20377 20444 I WM-WorkerWrapper: 	at java.util.concurrent.ThreadPoolExecutor$Worker.run(ThreadPoolExecutor.java:641)
06-10 19:32:20.802 20377 20444 I WM-WorkerWrapper: 	at lku.run(Unknown Source:4)
06-10 19:32:20.802 20377 20444 I WM-WorkerWrapper: 	at java.lang.Thread.run(Thread.java:923)
06-10 19:32:20.833  1237  4684 I Icing   : Indexing done com.google.android.gms-internal.3p:MobileApplication
06-10 19:32:20.836 20360 20509 W id.apps.tachyo: ClassLoaderContext classpath size mismatch. expected=15, found=3 (DLC[];PCL[base.apk*2273798896:base.apk!classes2.dex*3178303029:base.apk!classes3.dex*518679604:base.apk!classes4.dex*3416445621:base.apk!classes5.dex*1589117938:base.apk!classes6.dex*1099718364:base.apk!classes7.dex*491832077:base.apk!classes8.dex*1805558740:base.apk!classes9.dex*312867739:base.apk!classes10.dex*868588342:base.apk!classes11.dex*3073251967:base.apk!classes12.dex*1260095936:base.apk!classes13.dex*2150377629:base.apk!classes14.dex*1415303542:base.apk!classes15.dex*128263864]{PCL[/system/framework/org.apache.http.legacy.jar*1452144318]#PCL[/system/framework/com.android.location.provider.jar*4177849200]#PCL[/system/framework/com.android.media.remotedisplay.jar*1128910120]#PCL[/system_ext/framework/androidx.window.sidecar.jar*709954415]} | DLC[];PCL[/product/app/Duo/Duo.apk*1593040135:/product/app/Duo/Duo.apk!classes2.dex*3900493709:/product/app/Duo/Duo.apk!classes3.dex*1687890055]{PCL[/system/framework/android.test.base.jar*315452938]#PCL[/system_ext/framework/androidx.window.sidecar.jar*709954415]})
06-10 19:32:20.836 20360 20532 W DynamiteModule: Local module descriptor class for com.google.android.gms.measurement.dynamite not found.
06-10 19:32:20.838 20360 20509 W id.apps.tachyo: Found duplicate classes, falling back to extracting from APK : /data/app/~~8lSlw8pX4qaS-CNxGaVyWA==/com.google.android.gms-P3TV0sWNCjbsHMXAKhmYtw==/split_GoogleCertificates_installtime.apk
06-10 19:32:20.841 20360 20509 W id.apps.tachyo: NOTE: This wastes RAM and hurts startup performance.
06-10 19:32:20.841 20360 20509 W id.apps.tachyo: Found duplicated class when checking oat files: 'Landroid/support/annotation/Keep;' in /data/app/~~8lSlw8pX4qaS-CNxGaVyWA==/com.google.android.gms-P3TV0sWNCjbsHMXAKhmYtw==/split_GoogleCertificates_installtime.apk!classes2.dex and /product/app/Duo/Duo.apk
06-10 19:32:20.958 24990 25003 I system_server: oneway function results will be dropped but finished with status OK and parcel size 4
06-10 19:32:20.959 20360 20440 E TY_CpuInfo: [000:856] [20440] Unknown chipset!
06-10 19:32:20.959 20360 20440 E TY_CpuInfo: [000:856] [20440] rry: SMALL
06-10 19:32:20.961 20360 20440 E TY_CpuInfo: [000:858] [20440] rry: SMALL
06-10 19:32:20.961 20360 20440 E TY_CpuInfo: 	at dyo.a(Unknown Source:145)
06-10 19:32:20.961 20360 20440 E TY_CpuInfo: 	at rdv.a(PG:1)
06-10 19:32:20.961 20360 20440 E TY_CpuInfo: 	at dyr.b(PG:4)
06-10 19:32:20.961 20360 20440 E TY_CpuInfo: 	at jzo.e(PG:13)
06-10 19:32:20.961 20360 20440 E TY_CpuInfo: 	at jzo.a(PG:9)
06-10 19:32:20.961 20360 20440 E TY_CpuInfo: 	at jzj.a(Unknown Source:12)
06-10 19:32:20.961 20360 20440 E TY_CpuInfo: 	at sbf.a(PG:4)
06-10 19:32:20.961 20360 20440 E TY_CpuInfo: 	at sdb.b(Unknown Source:2)
06-10 19:32:20.961 20360 20440 E TY_CpuInfo: 	at scf.run(PG:3)
06-10 19:32:20.961 20360 20440 E TY_CpuInfo: 	at sdd.run(Unknown Source:4)
06-10 19:32:20.961 20360 20440 E TY_CpuInfo: 
06-10 19:32:20.794 20377 20537 E ActivityThread: Failed to find provider info for com.google.android.deskclock.provider
06-10 19:32:21.036 24990 25015 I ActivityManager: Start proc 20571:com.android.chrome/u0a116 for service {com.android.chrome/org.chromium.chrome.browser.usage_stats.UsageStatsBrowserServiceProvider}
06-10 19:32:21.052 20571 20571 W .android.chrom: Unexpected CPU variant for X86 using defaults: x86
06-10 19:32:21.065 20571 20571 E .android.chrom: Not starting debugger since process cannot load the jdwp agent.
06-10 19:32:21.091 20360 20566 E id.apps.tachyo: No package ID 6b found for ID 0x6b0b0013.
06-10 19:32:21.094 20360 20566 I FA      : App measurement initialized, version: 169000
06-10 19:32:21.094 20360 20566 I FA      : To enable debug logging run: adb shell se