06-10 15:45:36.667   570  1617 W InputReader: Device virtio_input_multi_touch_8 is associated with display ADISPLAY_ID_NONE.
06-10 15:45:36.667   570  1617 W InputReader: Device virtio_input_multi_touch_5 is associated with display ADISPLAY_ID_NONE.
06-10 15:45:36.667   570  1617 W InputReader: Device virtio_input_multi_touch_2 is associated with display ADISPLAY_ID_NONE.
06-10 15:45:36.677 18837 18921 W SQLiteLog: (28) double-quoted string literal: "
06-10 15:45:36.677 18837 18921 W SQLiteLog: (28) double-quoted string literal: "8C151DE70E16F17C579B6BEEFA829734"
06-10 15:45:36.759 18837 18837 W System.err: java.lang.NullPointerException: Attempt to invoke virtual method 'void com.plan.kot32.tomatotime.activity.view.TopHeaderView.updateColor()' on a null object reference
06-10 15:45:36.759 18837 18837 W System.err: 	at com.plan.kot32.tomatotime.activity.MainActivity.IllIIllIll(Unknown Source:20)
06-10 15:45:36.759 18837 18837 W System.err: 	at com.plan.kot32.tomatotime.activity.MainActivity.j(Unknown Source:149)
06-10 15:45:36.759 18837 18837 W System.err: 	at com.plan.kot32.tomatotime.activity.MainActivity.onCreate(Native Method)
06-10 15:45:36.759 18837 18837 W System.err: 	at android.app.Activity.performCreate(Activity.java:8000)
06-10 15:45:36.759 18837 18837 W System.err: 	at android.app.Activity.performCreate(Activity.java:7984)
06-10 15:45:36.759 18837 18837 W System.err: 	at android.app.Instrumentation.callActivityOnCreate(Instrumentation.java:1309)
06-10 15:45:36.759 18837 18837 W System.err: 	at android.app.ActivityThread.performLaunchActivity(ActivityThread.java:3422)
06-10 15:45:36.759 18837 18837 W System.err: 	at android.app.ActivityThread.handleLaunchActivity(ActivityThread.java:3601)
06-10 15:45:36.759 18837 18837 W System.err: 	at android.app.servertransaction.LaunchActivityItem.execute(LaunchActivityItem.java:85)
06-10 15:45:36.759 18837 18837 W System.err: 	at android.app.servertransaction.TransactionExecutor.executeCallbacks(TransactionExecutor.java:135)
06-10 15:45:36.759 18837 18837 W System.err: 	at android.app.servertransaction.TransactionExecutor.execute(TransactionExecutor.java:95)
06-10 15:45:36.759 18837 18837 W System.err: 	at android.app.ActivityThread$H.handleMessage(ActivityThread.java:2066)
06-10 15:45:36.759 18837 18837 W System.err: 	at android.os.Handler.dispatchMessage(Handler.java:106)
06-10 15:45:36.759 18837 18837 W System.err: 	at android.os.Looper.loop(Looper.java:223)
06-10 15:45:36.759 18837 18837 W System.err: 	at android.app.ActivityThread.main(ActivityThread.java:7656)
06-10 15:45:36.759 18837 18837 W System.err: 	at java.lang.reflect.Method.invoke(Native Method)
06-10 15:45:36.759 18837 18837 W System.err: 	at com.android.internal.os.RuntimeInit$MethodAndArgsCaller.run(RuntimeInit.java:592)
06-10 15:45:36.759 18837 18837 W System.err: 	at com.android.internal.os.ZygoteInit.main(ZygoteInit.java:947)
06-10 15:45:36.775 18837 18837 W System.err: java.lang.NullPointerException: Attempt to invoke virtual method 'void com.plan.kot32.tomatotime.activity.view.TopHeaderView.updateColor()' on a null object reference
06-10 15:45:36.775 18837 18837 W System.err: 	at com.plan.kot32.tomatotime.activity.MainActivity.IllIIllIll(Unknown Source:20)
06-10 15:45:36.775 18837 18837 W System.err: 	at com.plan.kot32.tomatotime.activity.MainActivity.j(Unknown Source:149)
06-10 15:45:36.775 18837 18837 W System.err: 	at com.plan.kot32.tomatotime.activity.MainActivity.onResume(Unknown Source:12)
06-10 15:45:36.775 18837 18837 W System.err: 	at android.app.Instrumentation.callActivityOnResume(Instrumentation.java:1456)
06-10 15:45:36.775 18837 18837 W System.err: 	at android.app.Activity.performResume(Activity.java:8135)
06-10 15:45:36.775 18837 18837 W System.err: 	at android.app.ActivityThread.performResumeActivity(ActivityThread.java:4434)
06-10 15:45:36.775 18837 18837 W System.err: 	at android.app.ActivityThread.handleResumeActivity(ActivityThread.java:4476)
06-10 15:45:36.775 18837 18837 W System.err: 	at android.app.servertransaction.ResumeActivityItem.execute(ResumeActivityItem.java:52)
06-10 15:45:36.775 18837 18837 W System.err: 	at android.app.servertransaction.TransactionExecutor.executeLifecycleState(TransactionExecutor.java:176)
06-10 15:45:36.775 18837 18837 W System.err: 	at android.app.servertransaction.TransactionExecutor.execute(TransactionExecutor.java:97)
06-10 15:45:36.775 18837 18837 W System.err: 	at android.app.ActivityThread$H.handleMessage(ActivityThread.java:2066)
06-10 15:45:36.775 18837 18837 W System.err: 	at android.os.Handler.dispatchMessage(Handler.java:106)
06-10 15:45:36.775 18837 18837 W System.err: 	at android.os.Looper.loop(Looper.java:223)
06-10 15:45:36.775 18837 18837 W System.err: 	at android.app.ActivityThread.main(ActivityThread.java:7656)
06-10 15:45:36.775 18837 18837 W System.err: 	at java.lang.reflect.Method.invoke(Native Method)
06-10 15:45:36.775 18837 18837 W System.err: 	at com.android.internal.os.RuntimeInit$MethodAndArgsCaller.run(RuntimeInit.java:592)
06-10 15:45:36.775 18837 18837 W System.err: 	at com.android.internal.os.ZygoteInit.main(ZygoteInit.java:947)
06-10 15:45:36.792 18837 18921 W SQLiteLog: (28) double-quoted string literal: "8C151DE70E16F17C579B6BEEFA829734"
06-10 15:45:36.792 18837 18921 W SQLiteLog: (28) double-quoted string literal: ""
06-10 15:45:36.792 18837 18921 W SQLiteLog: (28) double-quoted string literal: "8C151DE70E16F17C579B6BEEFA829734"
06-10 15:45:36.792 18837 18921 W SQLiteLog: (28) double-quoted string literal: "-1"
06-10 15:45:37.086   570   607 I ActivityTaskManager: Displayed com.plan.kot32.tomatotime/.activity.MainActivity: +429ms
06-10 15:45:37.829  1473 12351 I PBSessionCacheImpl: Deleted sessionId[6480103610401771] from persistence.
06-10 15:45:37.832  1473  2192 W SearchServiceCore: Abort, client detached.
06-10 15:45:37.846 18991 18993 I cmd     : oneway function results will be dropped but finished with status OK and parcel size 4
06-10 15:45:38.733   570   581 W System  : A resource failed to call release. 
06-10 15:45:38.733   570   581 I chatty  : uid=1000(system) FinalizerDaemon identical 2 lines
06-10 15:45:38.733   570   581 W System  : A resource failed to call release. 
06-10 15:45:38.734   570   581 W System  : A resource failed to call dispose. 
06-10 15:45:38.839 19027 19031 I cmd     : oneway function results will be dropped but finished with status OK and parcel size 4
06-10 15:45:38.845 19032 19034 I cmd     : oneway function results will be dropped but finished with status OK and parcel size 4
06-10 15:45:39.223 19066 19067 I cmd     : oneway function results will be dropped but finished with status OK and parcel size 4
06-10 15:45:39.574 19094 19096 I cmd     : oneway function results will be dropped but finished with status OK and parcel size 4
06-10 15:45:39.789 19111 19113 I cmd     : oneway function results will be dropped but finished with status OK and parcel size 4
06-10 15:45:39.963 19127 19129 I cmd     : oneway function results will be dropped but finished with status OK and parcel size 4
06-10 15:45:40.124 19142 19144 I cmd     : oneway function results will be dropped but finished with status OK and parcel size 4
06-10 15:45:40.336 19154 19154 E libc    : Access denied finding property "persist.device_config.runtime_native_boot.profilebootclasspath"
06-10 15:45:40.336 19154 19154 E libc    : Access denied finding property "persist.device_config.runtime_native_boot.enable_apex_image"
06-10 15:45:40.336 19154 19154 I AndroidRuntime: Using default boot image
06-10 15:45:40.336 19154 19154 E libc    : Access denied finding property "persist.device_config.runtime_native_boot.disable_lock_profiling"
06-10 15:45:40.336 19154 19154 I AndroidRuntime: Leaving lock profiling enabled
06-10 15:45:40.336 19154 19154 E libc    : Access denied finding property "persist.device_config.runtime_native_boot.enable_generational_cc"
06-10 15:45:40.326 19154 19154 W app_process: type=1400 audit(0.0:445): avc: denied { read } for name="u:object_r:device_config_runtime_native_boot_prop:s0" dev="tmpfs" ino=8372 scontext=u:r:shell:s0 tcontext=u:object_r:device_config_runtime_native_boot_prop:s0 tclass=file permissive=0
06-10 15:45:40.334 19154 19154 I chatty  : uid=2000(shell) main identical 2 lines
06-10 15:45:40.334 19154 19154 W app_process: type=1400 audit(0.0:448): avc: denied { read } for name="u:object_r:device_config_runtime_native_boot_prop:s0" dev="tmpfs" ino=8372 scontext=u:r:shell:s0 tcontext=u:object_r:device_config_runtime_native_boot_prop:s0 tclass=file permissive=0
06-10 15:45:40.375 19154 19154 W app_process: Unexpected CPU variant for X86 using defaults: x86
06-10 15:45:40.376 19154 19154 I app_process: The ClassLoaderContext is a special shared library.
06-10 15:45:40.384 19154 19154 W app_process: JNI RegisterNativeMethods: attempt to register 0 native methods for android.media.AudioAttributes
06-10 15:45:40.516   402   402 I perfetto: probes_producer.cc:329  Producer stop (id=17)
06-10 15:45:40.517   411   411 I perfetto: ng_service_impl.cc:1948 Tracing session 17 ended, total sessions:1
06-10 15:45:40.606   570  2486 I system_server: oneway function results will be dropped but finished with status OK and parcel size 4
06-10 15:45:40.607   570  2486 I system_server: oneway function results will be dropped but finished with status OK and parcel size 4
06-10 15:45:40.763   570  1568 I system_server: oneway function results will be dropped but finished with status OK and parcel size 4
06-10 15:45:40.802 19185 19190 I cmd     : oneway function results will be dropped but finished with status OK and parcel size 4
06-10 15:45:40.826 18837 18837 I eup     : register native abi method success
06-10 15:45:40.839   570   608 W BroadcastQueue: Permission Denial: broadcasting Intent { act=android.net.conn.CONNECTIVITY_CHANGE flg=0x4200010 (has extras) } from null (pid=-1, uid=-1) requires com.tencent.bugly.BuglyBroadcastReceiver.permission due to registered receiver BroadcastFilter{5d31420 10154/u0 ReceiverList{757f723 18837 com.plan.kot32.tomatotime/10154/u0 remote:4544852}}
06-10 15:45:40.908 18837 19192 W System.err: java.lang.SecurityException: getDataNetworkTypeForSubscriber
06-10 15:45:40.911 18837 19192 W System.err: 	at android.os.Parcel.createExceptionOrNull(Parcel.java:2373)
06-10 15:45:40.911 18837 19192 W System.err: 	at android.os.Parcel.createException(Parcel.java:2357)
06-10 15:45:40.911 18837 19192 W System.err: 	at android.os.Parcel.readException(Parcel.java:2340)
06-10 15:45:40.911 18837 19192 W System.err: 	at android.os.Parcel.readException(Parcel.java:2282)
06-10 15:45:40.911 18837 19192 W System.err: 	at com.android.internal.telephony.ITelephony$Stub$Proxy.getNetworkTypeForSubscriber(ITelephony.java:8762)
06-10 15:45:40.911 18837 19192 W System.err: 	at android.telephony.TelephonyManager.getNetworkType(TelephonyManager.java:3021)
06-10 15:45:40.911 18837 19192 W System.err: 	at android.telephony.TelephonyManager.getNetworkType(TelephonyManager.java:2985)
06-10 15:45:40.911 18837 19192 W System.err: 	at com.tencent.bugly.proguard.ab.c(Unknown Source:57)
06-10 15:45:40.911 18837 19192 W System.err: 	at com.tencent.bugly.proguard.ae.a(Unknown Source:96)
06-10 15:45:40.911 18837 19192 W System.err: 	at com.tencent.bugly.proguard.r.a(Unknown Source:562)
06-10 15:45:40.911 18837 19192 W System.err: 	at com.tencent.bugly.proguard.r.a(Unknown Source:140)
06-10 15:45:40.911 18837 19192 W System.err: 	at com.tencent.bugly.proguard.r.a(Unknown Source:0)
06-10 15:45:40.911 18837 19192 W System.err: 	at com.tencent.bugly.proguard.r$2.run(Unknown Source:4)
06-10 15:45:40.911 18837 19192 W System.err: 	at java.util.concurrent.Executors$RunnableAdapter.call(Executors.java:462)
06-10 15:45:40.911 18837 19192 W System.err: 	at java.util.concurrent.FutureTask.run(FutureTask.java:266)
06-10 15:45:40.911 18837 19192 W System.err: 	at java.util.concurrent.ScheduledThreadPoolExecutor$ScheduledFutureTask.run(ScheduledThreadPoolExecutor.java:301)
06-10 15:45:40.911 18837 19192 W System.err: 	at java.util.concurrent.ThreadPoolExecutor.runWorker(ThreadPoolExecutor.java:1167)
06-10 15:45:40.911 18837 19192 W System.err: 	at java.util.concurrent.ThreadPoolExecutor$Worker.run(ThreadPoolExecutor.java:641)
06-10 15:45:40.911 18837 19192 W System.err: 	at java.lang.Thread.run(Thread.java:923)
06-10 15:45:40.923 18837 19215 W System.err: java.lang.SecurityException: getDataNetworkTypeForSubscriber
06-10 15:45:40.923 18837 19215 W System.err: 	at android.os.Parcel.createExceptionOrNull(Parcel.java:2373)
06-10 15:45:40.923 18837 19215 W System.err: 	at android.os.Parcel.createException(Parcel.java:2357)
06-10 15:45:40.923 18837 19215 W System.err: 	at android.os.Parcel.readException(Parcel.java:2340)
06-10 15:45:40.923 18837 19215 W System.err: 	at android.os.Parcel.readException(Parcel.java:2282)
06-10 15:45:40.923 18837 19215 W System.err: 	at com.android.internal.telephony.ITelephony$Stub$Proxy.getNetworkTypeForSubscriber(ITelephony.java:8762)
06-10 15:45:40.923 18837 19215 W System.err: 	at android.telephony.TelephonyManager.getNetworkType(TelephonyManager.java:3021)
06-10 15:45:40.923 18837 19215 W System.err: 	at android.telephony.TelephonyManager.getNetworkType(TelephonyManager.java:2985)
06-10 15:45:40.923 18837 19215 W System.err: 	at com.tencent.bugly.proguard.ab.c(Unknown Source:57)
06-10 15:45:40.923 18837 19215 W System.err: 	at com.tencent.bugly.proguard.aj.run(Unknown Source:11)
06-10 15:45:40.923 18837 19215 W System.err: 	at com.tencent.bugly.proguard.ai$1.run(Unknown Source:2)
06-10 15:45:40.923 18837 19215 W System.err: 	at java.lang.Thread.run(Thread.java:923)
06-10 15:45:40.946 18837 19215 W System.err: java.lang.SecurityException: getDataNetworkTypeForSubscriber
06-10 15:45:40.946 18837 19215 W System.err: 	at android.os.Parcel.createExceptionOrNull(Parcel.java:2373)
06-10 15:45:40.946 18837 19215 W System.err: 	at android.os.Parcel.createException(Parcel.java:2357)
06-10 15:45:40.946 18837 19215 W System.err: 	at android.os.Parcel.readException(Parcel.java:2340)
06-10 15:45:40.946 18837 19215 W System.err: 	at android.os.Parcel.readException(Parcel.java:2282)
06-10 15:45:40.946 18837 19215 W System.err: 	at com.android.internal.telephony.ITelephony$Stub$Proxy.getNetworkTypeForSubscriber(ITelephony.java:8762)
06-10 15:45:40.946 18837 19215 W System.err: 	at android.telephony.TelephonyManager.getNetworkType(TelephonyManager.java:3021)
06-10 15:45:40.946 18837 19215 W System.err: 	at android.telephony.TelephonyManager.getNetworkType(TelephonyManager.java:2985)
06-10 15:45:40.946 18837 19215 W System.err: 	at com.tencent.bugly.proguard.ab.c(Unknown Source:57)
06-10 15:45:40.946 18837 19215 W System.err: 	at com.tencent.bugly.proguard.af.a(Unknown Source:138)
06-10 15:45:40.946 18837 19215 W System.err: 	at com.tencent.bugly.proguard.aj.run(Unknown Source:368)
06-10 15:45:40.946 18837 19215 W System.err: 	at com.tencent.bugly.proguard.ai$1.run(Unknown Source:2)
06-10 15:45:40.946 18837 19215 W System.err: 	at java.lang.Thread.run(Thread.java:923)
06-10 15:45:41.666   402   402 I perfetto: probes_producer.cc:329  Producer stop (id=18)
06-10 15:45:41.667   411   411 I perfetto: ng_service_impl.cc:1948 Tracing session 18 ended, total sessions:0
06-10 15:45:41.668   402   402 I perfetto: ftrace_procfs.cc:183    disabled ftrace
06-10 15:45:42.124 19240 19242 I cmd     : oneway function results will be dropped but finished with status OK and parcel size 4
06-10 15:45:42.585   570   608 W ActivityManager: Timeout executing service: ServiceRecord{b892a53 u0 com.android.systemui/.dump.SystemUIAuxiliaryDumpService}
06-10 15:45:42.598   570 19257 I ActivityManager: dumpStackTraces pids={749=true, 1025=true, 1089=true, 1298=true, 1365=true, 1430=true, 1453=true, 1473=true, 1527=true, 1626=true, 2240=true, 3235=true, 6037=true, 6218=true, 8865=true, 8894=true, 10223=true, 10858=true, 11121=true, 18837=true} nativepids=[187, 289, 290, 372, 377, 413, 415, 435, 436, 438, 447, 449, 749]
06-10 15:45:42.844   570 19257 I ActivityManager: Skipping next CPU consuming process, not a java proc: 570
06-10 15:45:42.844   570 19257 I ActivityManager: Skipping next CPU consuming process, not a java proc: 377
06-10 15:45:42.844   570 19257 I ActivityManager: Skipping next CPU consuming process, not a java proc: 297
06-10 15:45:42.844   570 19257 I ActivityManager: Skipping next CPU consuming process, not a java proc: 372
06-10 15:45:42.844   570 19257 I ActivityManager: Skipping next CPU consuming process, not a java proc: 9898
06-10 15:45:42.845   570 19257 I ActivityManager: Dumping to /data/anr/anr_2026-06-10-15-45-42-844
06-10 15:45:42.845   570 19257 I ActivityManager: Collecting stacks for pid 9787
06-10 15:45:42.846   570 19257 I system_server: libdebuggerd_client: started dumping process 9787
06-10 15:45:42.847   284   284 I tombstoned: registered intercept for pid 9787 and type kDebuggerdJavaBacktrace
06-10 15:45:42.848  9787  9797 I ndroid.systemu: Thread[6,tid=9797,WaitingInMainSignalCatcherLoop,Thread*=0xdc406210,peer=0x139405a0,"Signal Catcher"]: reacting to signal 3
06-10 15:45:42.848  9787  9797 I ndroid.systemu: 
06-10 15:45:42.964   284   284 I tombstoned: received crash request for pid 9787
06-10 15:45:42.964   284   284 I tombstoned: found intercept fd 512 for pid 9787 and type kDebuggerdJavaBacktrace
06-10 15:45:42.964  9787  9797 I ndroid.systemu: Wrote stack traces to tombstoned
06-10 15:45:42.965   570 19257 I system_server: libdebuggerd_client: done dumping process 9787
06-10 15:45:42.967   570 19257 I ActivityManager: Collecting stacks for pid 570
06-10 15:45:42.968   570 19257 I system_server: libdebuggerd_client: started dumping process 570
06-10 15:45:42.969   284   284 I tombstoned: registered intercept for pid 570 and type kDebuggerdJavaBacktrace
06-10 15:45:42.969   570   576 I system_server: Thread[2,tid=576,WaitingInMainSignalCatcherLoop,Thread*=0xdc409a10,peer=0x14880150,"Signal Catcher"]: reacting to signal 3
06-10 15:45:42.969   570   576 I system_server: 
06-10 15:45:43.113   284   284 I tombstoned: received crash request for pid 570
06-10 15:45:43.113   284   284 I tombstoned: found intercept fd 512 for pid 570 and type kDebuggerdJavaBacktrace
06-10 15:45:43.114   570   576 I system_server: Wrote stack traces to tombstoned
06-10 15:45:43.114   570 19257 I system_server: libdebuggerd_client: done dumping process 570
06-10 15:45:43.117   570 19257 I ActivityManager: Collecting stacks for pid 1574
06-10 15:45:43.117   570 19257 I system_server: libdebuggerd_client: started dumping process 1574
06-10 15:45:43.117   284   284 I tombstoned: registered intercept for pid 1574 and type kDebuggerdJavaBacktrace
06-10 15:45:43.118  1574  1588 I or.multidispla: Thread[6,tid=1588,WaitingInMainSignalCatcherLoop,Thread*=0xdc40d210,peer=0x12dc01b0,"Signal Catcher"]: reacting to signal 3
06-10 15:45:43.118  1574  1588 I or.multidispla: 
06-10 15:45:43.134   284   284 I tombstoned: received crash request for pid 1574
06-10 15:45:43.134   284   284 I tombstoned: found intercept fd 512 for pid 1574 and type kDebuggerdJavaBacktrace
06-10 15:45:43.135  1574  1588 I or.multidispla: Wrote stack traces to tombstoned
06-10 15:45:43.135   570 19257 I system_server: libdebuggerd_client: done dumping process 1574
06-10 15:45:43.137   570 19257 I ActivityManager: Collecting stacks for pid 1548
06-10 15:45:43.137   570 19257 I system_server: libdebuggerd_client: started dumping process 1548
06-10 15:45:43.137   284   284 I tombstoned: registered intercept for pid 1548 and type kDebuggerdJavaBacktrace
06-10 15:45:43.138  1548  1559 I .ims.rcsservic: Thread[6,tid=1559,WaitingInMainSignalCatcherLoop,Thread*=0xdc408c10,peer=0x12e401b0,"Signal Catcher"]: reacting to signal 3
06-10 15:45:43.138  1548  1559 I .ims.rcsservic: 
06-10 15:45:43.153   284   284 I tombstoned: received crash request for pid 1548
06-10 15:45:43.153   284   284 I tombstoned: found intercept fd 512 for pid 1548 and type kDebuggerdJavaBacktrace
06-10 15:45:43.153  1548  1559 I .ims.rcsservic: Wrote stack traces to tombstoned
06-10 15:45:43.153   570 19257 I system_server: libdebuggerd_client: done dumping process 1548
06-10 15:45:43.155   570 19257 I ActivityManager: Collecting stacks for pid 908
06-10 15:45:43.155   570 19257 I system_server: libdebuggerd_client: started dumping process 908
06-10 15:45:43.155   284   284 I tombstoned: registered intercept for pid 908 and type kDebuggerdJavaBacktrace
06-10 15:45:43.155   908   928 I rkstack.proces: Thread[6,tid=928,WaitingInMainSignalCatcherLoop,Thread*=0xdc404610,peer=0x12f401b0,"Signal Catcher"]: reacting to signal 3
06-10 15:45:43.155   908   928 I rkstack.proces: 
06-10 15:45:43.175   284   284 I tombstoned: received crash request for pid 908
06-10 15:45:43.175   284   284 I tombstoned: found intercept fd 512 for pid 908 and type kDebuggerdJavaBacktrace
06-10 15:45:43.175   908   928 I rkstack.proces: Wrote stack traces to tombstoned
06-10 15:45:43.175   570 19257 I system_server: libdebuggerd_client: done dumping process 908
06-10 15:45:43.178   570 19257 I ActivityManager: Collecting stacks for pid 975
06-10 15:45:43.178   570 19257 I system_server: libdebuggerd_client: started dumping process 975
06-10 15:45:43.178   284   284 I tombstoned: registered intercept for pid 975 and type kDebuggerdJavaBacktrace
06-10 15:45:43.179   975   992 I m.android.phon: Thread[4,tid=992,WaitingInMainSignalCatcherLoop,Thread*=0xdc405410,peer=0x13700000,"Signal Catcher"]: reacting to signal 3
06-10 15:45:43.179   975   992 I m.android.phon: 
06-10 15:45:43.205   284   284 I tombstoned: received crash request for pid 975
06-10 15:45:43.205   284   284 I tombstoned: found intercept fd 512 for pid 975 and type kDebuggerdJavaBacktrace
06-10 15:45:43.205   975   992 I m.android.phon: Wrote stack traces to tombstoned
06-10 15:45:43.206   570 19257 I system_server: libdebuggerd_client: done dumping process 975
06-10 15:45:43.207   570 19257 I ActivityManager: Collecting stacks for pid 946
06-10 15:45:43.207   570 19257 I system_server: libdebuggerd_client: started dumping process 946
06-10 15:45:43.208   284   284 I tombstoned: registered intercept for pid 946 and type kDebuggerdJavaBacktrace
06-10 15:45:43.208   946   966 I com.android.se: Thread[3,tid=966,WaitingInMainSignalCatcherLoop,Thread*=0xdc408c10,peer=0x12e001b0,"Signal Catcher"]: reacting to signal 3
06-10 15:45:43.208   946   966 I com.android.se: 
06-10 15:45:43.223   284   284 I tombstoned: received crash request for pid 946
06-10 15:45:43.223   284   284 I tombstoned: found intercept fd 512 for pid 946 and type kDebuggerdJavaBacktrace
06-10 15:45:43.223   946   966 I com.android.se: Wrote stack traces to tombstoned
06-10 15:45:43.224   570 19257 I system_server: libdebuggerd_client: done dumping process 946
06-10 15:45:43.226   570 19257 I ActivityManager: Collecting stacks for native pid 187
06-10 15:45:43.226   570 19257 I system_server: libdebuggerd_client: started dumping process 187
06-10 15:45:43.226   284   284 I tombstoned: registered intercept for pid 187 and type kDebuggerdNativeBacktrace
06-10 15:45:43.226   187   187 I libc    : Requested dump for tid 187 (Binder:187_2)
06-10 15:45:43.230 19265 19265 F crash_dump32: crash_dump.cpp:474] failed to attach to thread 187: Permission denied
06-10 15:45:43.231   284   284 I tombstoned: received crash request for pid 187
06-10 15:45:43.231   284   284 I tombstoned: found registered intercept of type kDebuggerdNativeBacktrace for requested type kDebuggerdAnyIntercept
06-10 15:45:43.231   284   284 I tombstoned: found intercept fd 512 for pid 187 and type kDebuggerdNativeBacktrace
06-10 15:45:43.231   570 19257 I system_server: libdebuggerd_client: done dumping process 187
06-10 15:45:43.231   284   284 W tombstoned: crash socket received short read of length 0 (expected 12)
06-10 15:45:43.226 19265 19265 W crash_dump32: type=1400 audit(0.0:449): avc: denied { ptrace } for scontext=u:r:crash_dump:s0 tcontext=u:r:vold:s0 tclass=process permissive=0
--------- beginning of crash
06-10 15:45:43.232   187   187 F libc    : crash_dump helper failed to exec
06-10 15:45:43.234   570 19257 I ActivityManager: Collecting stacks for native pid 289
06-10 15:45:43.234   570 19257 I system_server: libdebuggerd_client: started dumping process 289
06-10 15:45:43.234   284   284 I tombstoned: registered intercept for pid 289 and type kDebuggerdNativeBacktrace
06-10 15:45:43.234   289   289 I libc    : Requested dump for tid 289 (Binder:289_2)
06-10 15:45:43.240 19268 19268 I crash_dump32: obtaining output fd from tombstoned, type: kDebuggerdNativeBacktrace
06-10 15:45:43.240   284   284 I tombstoned: received crash request for pid 289
06-10 15:45:43.240   284   284 I tombstoned: found intercept fd 512 for pid 289 and type kDebuggerdNativeBacktrace
06-10 15:45:43.240 19268 19268 I crash_dump32: performing dump of process 289 (target tid = 289)
06-10 15:45:43.249   570 19257 I system_server: libdebuggerd_client: done dumping process 289
06-10 15:45:43.250   570 19257 I ActivityManager: Collecting stacks for native pid 290
06-10 15:45:43.251   570 19257 I system_server: libdebuggerd_client: started dumping process 290
06-10 15:45:43.251   284   284 I tombstoned: registered intercept for pid 290 and type kDebuggerdNativeBacktrace
06-10 15:45:43.252   290   290 I libc    : Requested dump for tid 290 (Binder:290_4)
06-10 15:45:43.260 19273 19273 I crash_dump32: obtaining output fd from tombstoned, type: kDebuggerdNativeBacktrace
06-10 15:45:43.261   284   284 I tombstoned: received crash request for pid 290
06-10 15:45:43.261   284   284 I tombstoned: found intercept fd 512 for pid 290 and type kDebuggerdNativeBacktrace
06-10 15:45:43.261 19273 19273 I crash_dump32: performing dump of process 290 (target tid = 290)
06-10 15:45:43.273   570 19257 I system_server: libdebuggerd_client: done dumping process 290
06-10 15:45:43.274   570 19257 I ActivityManager: Collecting stacks for native pid 372
06-10 15:45:43.275   570 19257 I system_server: libdebuggerd_client: started dumping process 372
06-10 15:45:43.275   284   284 I tombstoned: registered intercept for pid 372 and type kDebuggerdNativeBacktrace
06-10 15:45:43.276   372   372 I libc    : Requested dump for tid 372 (audioserver)
06-10 15:45:43.283 19278 19278 I crash_dump32: obtaining output fd from tombstoned, type: kDebuggerdNativeBacktrace
06-10 15:45:43.284   284   284 I tombstoned: received crash request for pid 372
06-10 15:45:43.284   284   284 I tombstoned: found intercept fd 512 for pid 372 and type kDebuggerdNativeBacktrace
06-10 15:45:43.284 19278 19278 I crash_dump32: performing dump of process 372 (target tid = 372)
06-10 15:45:43.297   570 19257 I system_server: libdebuggerd_client: done dumping process 372
06-10 15:45:43.298   570 19257 I ActivityManager: Collecting stacks for native pid 377
06-10 15:45:43.298   570 19257 I system_server: libdebuggerd_client: started dumping process 377
06-10 15:45:43.299   284   284 I tombstoned: registered intercept for pid 377 and type kDebuggerdNativeBacktrace
06-10 15:45:43.299   377   377 I libc    : Requested dump for tid 377 (surfaceflinger)
06-10 15:45:43.308 19283 19283 I crash_dump32: obtaining output fd from tombstoned, type: kDebuggerdNativeBacktrace
06-10 15:45:43.308   284   284 I tombstoned: received crash request for pid 377
06-10 15:45:43.308   284   284 I tombstoned: found intercept fd 512 for pid 377 and type kDebuggerdNativeBacktrace
06-10 15:45:43.308 19283 19283 I crash_dump32: performing dump of process 377 (target tid = 377)
06-10 15:45:43.318   570 19257 I system_server: libdebuggerd_client: done dumping process 377
06-10 15:45:43.321   570 19257 I ActivityManager: Collecting stacks for native pid 413
06-10 15:45:43.321   570 19257 I system_server: libdebuggerd_client: started dumping process 413
06-10 15:45:43.321   284   284 I tombstoned: registered intercept for pid 413 and type kDebuggerdNativeBacktrace
06-10 15:45:43.322   413   413 I libc    : Requested dump for tid 413 (cameraserver)
06-10 15:45:43.328 19288 19288 I crash_dump32: obtaining output fd from tombstoned, type: kDebuggerdNativeBacktrace
06-10 15:45:43.328   284   284 I tombstoned: received crash request for pid 413
06-10 15:45:43.328   284   284 I tombstoned: found intercept fd 512 for pid 413 and type kDebuggerdNativeBacktrace
06-10 15:45:43.328 19288 19288 I crash_dump32: performing dump of process 413 (target tid = 413)
06-10 15:45:43.332   570 19257 I system_server: libdebuggerd_client: done dumping process 413
06-10 15:45:43.334   570 19257 I ActivityManager: Collecting stacks for native pid 415
06-10 15:45:43.335   570 19257 I system_server: libdebuggerd_client: started dumping process 415
06-10 15:45:43.335   284   284 I tombstoned: registered intercept for pid 415 and type kDebuggerdNativeBacktrace
06-10 15:45:43.335   415   415 I libc    : Requested dump for tid 415 (drmserver)
06-10 15:45:43.340 19293 19293 I crash_dump32: obtaining output fd from tombstoned, type: kDebuggerdNativeBacktrace
06-10 15:45:43.340   284   284 I tombstoned: received crash request for pid 415
06-10 15:45:43.340   284   284 I tombstoned: found intercept fd 512 for pid 415 and type kDebuggerdNativeBacktrace
06-10 15:45:43.340 19293 19293 I crash_dump32: performing dump of process 415 (target tid = 415)
06-10 15:45:43.344   570 19257 I system_server: libdebuggerd_client: done dumping process 415
06-10 15:45:43.346   570 19257 I ActivityManager: Collecting stacks for native pid 435
06-10 15:45:43.346   570 19257 I system_server: libdebuggerd_client: started dumping process 435
06-10 15:45:43.346   284   284 I tombstoned: registered intercept for pid 435 and type kDebuggerdNativeBacktrace
06-10 15:45:43.346   284   284 I tombstoned: received crash request for pid 435
06-10 15:45:43.346   284   284 I tombstoned: found intercept fd 512 for pid 435 and type kDebuggerdNativeBacktrace
06-10 15:45:43.356   570 19257 I system_server: libdebuggerd_client: done dumping process 435
06-10 15:45:43.357   570 19257 I ActivityManager: Collecting stacks for native pid 436
06-10 15:45:43.357   570 19257 I system_server: libdebuggerd_client: started dumping process 436
06-10 15:45:43.358   284   284 I tombstoned: registered intercept for pid 436 and type kDebuggerdNativeBacktrace
06-10 15:45:43.358   436   436 I libc    : Requested dump for tid 436 (mediametrics)
06-10 15:45:43.363 19298 19298 I crash_dump32: obtaining output fd from tombstoned, type: kDebuggerdNativeBacktrace
06-10 15:45:43.364   284   284 I tombstoned: received crash request for pid 436
06-10 15:45:43.364   284   284 I tombstoned: found intercept fd 512 for pid 436 and type kDebuggerdNativeBacktrace
06-10 15:45:43.364 19298 19298 I crash_dump32: performing dump of process 436 (target tid = 436)
06-10 15:45:43.367   570 19257 I system_server: libdebuggerd_client: done dumping process 436
06-10 15:45:43.369   570 19257 I ActivityManager: Collecting stacks for native pid 438
06-10 15:45:43.370   570 19257 I system_server: libdebuggerd_client: started dumping process 438
06-10 15:45:43.370   284   284 I tombstoned: registered intercept for pid 438 and type kDebuggerdNativeBacktrace
06-10 15:45:43.370   438   438 I libc    : Requested dump for tid 438 (mediaserver)
06-10 15:45:43.378 19303 19303 I crash_dump32: obtaining output fd from tombstoned, type: kDebuggerdNativeBacktrace
06-10 15:45:43.378   284   284 I tombstoned: received crash request for pid 438
06-10 15:45:43.378   284   284 I tombstoned: found intercept fd 512 for pid 438 and type kDebuggerdNativeBacktrace
06-10 15:45:43.378 19303 19303 I crash_dump32: performing dump of process 438 (target tid = 438)
06-10 15:45:43.384   570 19257 I system_server: libdebuggerd_client: done dumping process 438
06-10 15:45:43.386   570 19257 I ActivityManager: Collecting stacks for native pid 447
06-10 15:45:43.386   570 19257 I system_server: libdebuggerd_client: started dumping process 447
06-10 15:45:43.386   284   284 I tombstoned: registered intercept for pid 447 and type kDebuggerdNativeBacktrace
06-10 15:45:43.387   284   284 I tombstoned: received crash request for pid 447
06-10 15:45:43.387   284   284 I tombstoned: found intercept fd 512 for pid 447 and type kDebuggerdNativeBacktrace
06-10 15:45:43.403   570 19257 I system_server: libdebuggerd_client: done dumping process 447
06-10 15:45:43.405   570 19257 I ActivityManager: Collecting stacks for native pid 449
06-10 15:45:43.405   570 19257 I system_server: libdebuggerd_client: started dumping process 449
06-10 15:45:43.405   284   284 I tombstoned: registered intercept for pid 449 and type kDebuggerdNativeBacktrace
06-10 15:45:43.405   284   284 I tombstoned: received crash request for pid 449
06-10 15:45:43.405   284   284 I tombstoned: found intercept fd 512 for pid 449 and type kDebuggerdNativeBacktrace
06-10 15:45:43.441   570 19257 I system_server: libdebuggerd_client: done dumping process 449
06-10 15:45:43.443   570 19257 I ActivityManager: Collecting stacks for native pid 749
06-10 15:45:43.443   570 19257 I system_server: libdebuggerd_client: started dumping process 749
06-10 15:45:43.444   284   284 I tombstoned: registered intercept for pid 749 and type kDebuggerdNativeBacktrace
06-10 15:45:43.444   749   749 I libc    : Requested dump for tid 749 (droid.bluetooth)
06-10 15:45:43.464 19308 19308 I crash_dump32: obtaining output fd from tombstoned, type: kDebuggerdNativeBacktrace
06-10 15:45:43.465   284   284 I tombstoned: received crash request for pid 749
06-10 15:45:43.465   284   284 I tombstoned: found intercept fd 512 for pid 749 and type kDebuggerdNativeBacktrace
06-10 15:45:43.465 19308 19308 I crash_dump32: performing dump of process 749 (target tid = 749)
06-10 15:45:43.579   570 19257 I system_server: libdebuggerd_client: done dumping process 749
06-10 15:45:43.581   570 19257 I ActivityManager: Collecting stacks for extra pid 1089
06-10 15:45:43.581   570 19257 I system_server: libdebuggerd_client: started dumping process 1089
06-10 15:45:43.582   284   284 I tombstoned: registered intercept for pid 1089 and type kDebuggerdJavaBacktrace
06-10 15:45:43.583  1089  1106 I s.nexuslaunche: Thread[6,tid=1106,WaitingInMainSignalCatcherLoop,Thread*=0xdc400010,peer=0x136801b0,"Signal Catcher"]: reacting to signal 3
06-10 15:45:43.583  1089  1106 I s.nexuslaunche: 
06-10 15:45:43.664   284   284 I tombstoned: received crash request for pid 1089
06-10 15:45:43.664   284   284 I tombstoned: found intercept fd 512 for pid 1089 and type kDebuggerdJavaBacktrace
06-10 15:45:43.664  1089  1106 I s.nexuslaunche: Wrote stack traces to tombstoned
06-10 15:45:43.664   570 19257 I system_server: libdebuggerd_client: done dumping process 1089
06-10 15:45:43.666   570 19257 I ActivityManager: Collecting stacks for extra pid 1473
06-10 15:45:43.667   570 19257 I system_server: libdebuggerd_client: started dumping process 1473
06-10 15:45:43.667   284   284 I tombstoned: registered intercept for pid 1473 and type kDebuggerdJavaBacktrace
06-10 15:45:43.668  1473  1480 I earchbox:searc: Thread[4,tid=1480,WaitingInMainSignalCatcherLoop,Thread*=0xdc406210,peer=0x136001b0,"Signal Catcher"]: reacting to signal 3
06-10 15:45:43.668  1473  1480 I earchbox:searc: 
06-10 15:45:43.708   570  2807 I system_server: oneway function results will be dropped but finished with status OK and parcel size 4
06-10 15:45:43.781   284   284 I tombstoned: received crash request for pid 1473
06-10 15:45:43.781   284   284 I tombstoned: found intercept fd 512 for pid 1473 and type kDebuggerdJavaBacktrace
06-10 15:45:43.781  1473  1480 I earchbox:searc: Wrote stack traces to tombstoned
06-10 15:45:43.781   570 19257 I system_server: libdebuggerd_client: done dumping process 1473
06-10 15:45:43.783   570 19257 I ActivityManager: Collecting stacks for extra pid 18837
06-10 15:45:43.784   570 19257 I system_server: libdebuggerd_client: started dumping process 18837
06-10 15:45:43.784   284   284 I tombstoned: registered intercept for pid 18837 and type kDebuggerdJavaBacktrace
06-10 15:45:43.785 18837 18847 I ot32.tomatotim: Thread[6,tid=18847,WaitingInMainSignalCatcherLoop,Thread*=0xdc406210,peer=0x13880000,"Signal Catcher"]: reacting to signal 3
06-10 15:45:43.785 18837 18847 I ot32.tomatotim: 
06-10 15:45:43.833   284   284 I tombstoned: received crash request for pid 18837
06-10 15:45:43.833   284   284 I tombstoned: found intercept fd 512 for pid 18837 and type kDebuggerdJavaBacktrace
06-10 15:45:43.833 18837 18847 I ot32.tomatotim: Wrote stack traces to tombstoned
06-10 15:45:43.833   570 19257 I system_server: libdebuggerd_client: done dumping process 18837
06-10 15:45:43.835   570 19257 I ActivityManager: Done dumping
06-10 15:45:43.836   570 19257 E ActivityManager: ANR in com.android.systemui
06-10 15:45:43.836   570 19257 E ActivityManager: PID: 9787
06-10 15:45:43.836   570 19257 E ActivityManager: Reason: executing service com.android.systemui/.dump.SystemUIAuxiliaryDumpService
06-10 15:45:43.836   570 19257 E ActivityManager: Load: 1.64 / 0.81 / 0.33
06-10 15:45:43.836   570 19257 E ActivityManager: ----- Output from /proc/pressure/memory -----
06-10 15:45:43.836   570 19257 E ActivityManager: some avg10=0.00 avg60=0.00 avg300=0.00 total=7442484
06-10 15:45:43.836   570 19257 E ActivityManager: full avg10=0.00 avg60=0.00 avg300=0.00 total=1577553
06-10 15:45:43.836   570 19257 E ActivityManager: ----- End output from /proc/pressure/memory -----
06-10 15:45:43.836   570 19257 E ActivityManager: 
06-10 15:45:43.836   570 19257 E ActivityManager: CPU usage from 199516ms to 0ms ago (2026-06-10 15:42:23.071 to 2026-06-10 15:45:42.587):
06-10 15:45:43.836   570 19257 E ActivityManager:   13% 12197/minicap: 5.1% user + 8.7% kernel / faults: 1512768 minor
06-10 15:45:43.836   570 19257 E ActivityManager:   11% 377/surfaceflinger: 0.2% user + 10% kernel / faults: 348 minor 4 major
06-10 15:45:43.836   570 19257 E ActivityManager:   5.6% 570/system_server: 3.2% user + 2.4% kernel / faults: 172765 minor 6 major
06-10 15:45:43.836   570 19257 E ActivityManager:   4.9% 389/adbd: 0.2% user + 4.6% kernel / faults: 148967 minor
06-10 15:45:43.836   570 19257 E ActivityManager:   4.4% 314/android.hardware.graphics.composer@2.3-service: 0% user + 4.4% kernel
06-10 15:45:43.836   570 19257 E ActivityManager:   1% 1626/io.github.ylimit.droidbotapp: 0.4% user + 0.6% kernel / faults: 35976 minor
06-10 15:45:43.836   570 19257 E ActivityManager:   0.9% 1089/com.google.android.apps.nexuslauncher: 0.1% user + 0.7% kernel / faults: 1231 minor
06-10 15:45:43.836   570 19257 E ActivityManager:   0.7% 3235/com.google.android.gms: 0.5% user + 0.2% kernel / faults: 35397 minor
06-10 15:45:43.836   570 19257 E ActivityManager:   0.6% 297/android.hardware.audio.service.ranchu: 0% user + 0.6% kernel / faults: 63 minor
06-10 15:45:43.836   570 19257 E ActivityManager:   0.6% 311/android.hardware.graphics.allocator@3.0-service: 0% user + 0.6% kernel
06-10 15:45:43.836   570 19257 E ActivityManager:   0.5% 372/audioserver: 0.1% user + 0.4% kernel / faults: 27 minor
06-10 15:45:43.836   570 19257 E ActivityManager:   0.4% 176/logd: 0% user + 0.4% kernel / faults: 4 minor
06-10 15:45:43.836   570 19257 E ActivityManager:   0.3% 299/android.hardware.bluetooth@1.1-service.sim: 0.2% user + 0.1% kernel
06-10 15:45:43.836   570 19257 E ActivityManager:   0.3% 343/android.hardware.sensors@2.1-service.multihal: 0% user + 0.3% kernel
06-10 15:45:43.836   570 19257 E ActivityManager:   0.3% 749/com.android.bluetooth: 0.2% user + 0.1% kernel / faults: 184 minor
06-10 15:45:43.836   570 19257 E ActivityManager:   0.2% 1298/com.google.android.gms.persistent: 0.1% user + 0.1% kernel / faults: 1702 minor
06-10 15:45:43.836   570 19257 E ActivityManager:   0.2% 1473/com.google.android.googlequicksearchbox:search: 0.1% user + 0% kernel / faults: 3593 minor 3 major
06-10 15:45:43.836   570 19257 E ActivityManager:   0.2% 9787/com.android.systemui: 0.1% user + 0% kernel / faults: 571 minor
06-10 15:45:43.836   570 19257 E ActivityManager:   0.1% 8865/com.google.process.gapps: 0.1% user + 0% kernel / faults: 467 minor
06-10 15:45:43.836   570 19257 E ActivityManager:   0.1% 179/servicemanager: 0% user + 0.1% kernel
06-10 15:45:43.836   570 19257 E ActivityManager:   0.1% 402/traced_probes: 0% user + 0.1% kernel / faults: 22 minor
06-10 15:45:43.836   570 19257 E ActivityManager:   0.1% 9/ksoftirqd/0: 0% user + 0.1% kernel
06-10 15:45:43.836   570 19257 E ActivityManager:   0% 10/rcu_preempt: 0% user + 0% kernel
06-10 15:45:43.836   570 19257 E ActivityManager:   0% 519/process-tracker: 0% user + 0% kernel
06-10 15:45:43.836   570 19257 E ActivityManager:   0% 290/netd: 0% user + 0% kernel / faults: 536 minor
06-10 15:45:43.836   570 19257 E ActivityManager:   0% 381/logcat: 0% user + 0% kernel
06-10 15:45:43.836   570 19257 E ActivityManager:   0% 908/com.android.networkstack.process: 0% user + 0% kernel / faults: 362 minor
06-10 15:45:43.836   570 19257 E ActivityManager:   0% 207/jbd2/dm-5-8: 0% user + 0% kernel
06-10 15:45:43.836   570 19257 E ActivityManager:   0% 975/com.android.phone: 0% user + 0% kernel / faults: 573 minor
06-10 15:45:43.836   570 19257 E ActivityManager:   0% 16/ksoftirqd/1: 0% user + 0% kernel
06-10 15:45:43.836   570 19257 E ActivityManager:   0% 26/ksoftirqd/3: 0% user + 0% kernel
06-10 15:45:43.836   570 19257 E ActivityManager:   0% 21/ksoftirqd/2: 0% user + 0% kernel
06-10 15:45:43.836   570 19257 E ActivityManager:   0% 6842/kworker/u8:4-phy0: 0% user + 0% kernel
06-10 15:45:43.836   570 19257 E ActivityManager:   0% 289/statsd: 0% user + 0% kernel / faults: 10 minor
06-10 15:45:43.836   570 19257 E ActivityManager:   0% 427/iorapd: 0% user + 0% kernel / faults: 263 minor
06-10 15:45:43.836   570 19257 E ActivityManager:   0% 851/webview_zygote: 0% user + 0% kernel / faults: 1197 minor
06-10 15:45:43.836   570 19257 E ActivityManager:   0% 12204/logcat: 0% user + 0% kernel / faults: 4 minor
06-10 15:45:43.836   570 19257 E ActivityManager:   0% 177/lmkd: 0% user + 0% kernel
06-10 15:45:43.836   570 19257 E ActivityManager:   0% 839/android.hardware.gnss@2.0-service.ranchu: 0% user + 0% kernel
06-10 15:45:43.836   570 19257 E ActivityManager:   0% 8374/kworker/2:1-events: 0% user + 0% kernel
06-10 15:45:43.836   570 19257 E ActivityManager:   0% 10634/kworker/3:2-mm_percpu_wq: 0% user + 0% kernel
06-10 15:45:43.836   570 19257 E ActivityManager:   0% 15/migration/1: 0% user + 0% kernel
06-10 15:45:43.836   570 19257 E ActivityManager:   0% 95/kswapd0: 0% user + 0% kernel
06-10 15:45:43.836   570 19257 E ActivityManager:   0% 11/migration/0: 0% user + 0% kernel
06-10 15:45:43.836   570 19257 E ActivityManager:   0% 131/kworker/1:1H-kblockd: 0% user + 0% kernel
06-10 15:45:43.836   570 19257 E ActivityManager:   0% 132/kworker/2:1H-kblockd: 0% user + 0% kernel
06-10 15:45:43.836   570 19257 E ActivityManager:   0% 292/zygote: 0% user + 0% kernel / faults: 333 minor
06-10 15:45:43.836   570 19257 E ActivityManager:   0% 411/traced: 0% user + 0% kernel / faults: 136 minor
06-10 15:45:43.836   570 19257 E ActivityManager:   0% 12337/kworker/1:0-events: 0% user + 0% kernel
06-10 15:45:43.836   570 19257 E ActivityManager:   0% 20/migration/2: 0% user + 0% kernel
06-10 15:45:43.836   570 19257 E ActivityManager:   0% 128/kworker/3:1H-kblockd: 0% user + 0% kernel
06-10 15:45:43.836   570 19257 E ActivityManager:   0% 436/media.metrics: 0% user + 0% kernel / faults: 145 minor
06-10 15:45:43.836   570 19257 E ActivityManager:   0% 681/android.hardware.input.classifier@1.0-service.default: 0% user + 0% kernel / faults: 2 minor
06-10 15:45:43.836   570 19257 E ActivityManager:   0% 1527/com.google.android.googlequicksearchbox:interactor: 0% user + 0% kernel
06-10 15:45:43.836   570 19257 E ActivityManager:   0% 2240/com.google.android.ims: 0% user + 0% kernel / faults: 19 minor
06-10 15:45:43.836   570 19257 E ActivityManager:   0% 1/init: 0% user + 0% kernel / faults: 6 minor
06-10 15:45:43.836   570 19257 E ActivityManager:   0% 25/migration/3: 0% user + 0% kernel
06-10 15:45:43.836   570 19257 E ActivityManager:   0% 144/kworker/0:1H-kblockd: 0% user + 0% kernel
06-10 15:45:43.836   570 19257 E ActivityManager:   0% 448/libgoldfish-rild: 0% user + 0% kernel / faults: 20 minor
06-10 15:45:43.836   570 19257 E ActivityManager:   0% 461/android.hardware.biometrics.fingerprint@2.1-service: 0% user + 0% kernel
06-10 15:45:43.836   570 19257 E ActivityManager:   0% 1430/com.google.process.gservices: 0% user + 0% kernel / faults: 207 minor
06-10 15:45:43.836   570 19257 E ActivityManager:   0% 6037/com.google.android.configupdater: 0% user + 0% kernel
06-10 15:45:43.836   570 19257 E ActivityManager:   0% 8659/kworker/3:1-mm_percpu_wq: 0% user + 0% kernel
06-10 15:45:43.836   570 19257 E ActivityManager:   0% 8894/com.android.vending:background: 0% user + 0% kernel / faults: 1 minor
06-10 15:45:43.836   570 19257 E ActivityManager:   0% 10258/kworker/0:2-events: 0% user + 0% kernel
06-10 15:45:43.836   570 19257 E ActivityManager:  +0% 13157/kworker/0:0-events: 0% user + 0% kernel
06-10 15:45:43.836   570 19257 E ActivityManager:  +0% 13412/kworker/u9:2-fscrypt_read_queue: 0% user + 0% kernel
06-10 15:45:43.836   570 19257 E ActivityManager:  +0% 18837/com.plan.kot32.tomatotime: 0% user + 0% kernel
06-10 15:45:43.836   570 19257 E ActivityManager: 17% TOTAL: 4.5% user + 10% kernel + 0% iowait + 1.8% irq + 0.2% softirq
06-10 15:45:43.836   570 19257 E ActivityManager: CPU usage from 12ms to 247ms later (2026-06-10 15:45:42.599 to 2026-06-10 15:45:42.835):
06-10 15:45:43.836   570 19257 E ActivityManager:   13% 570/system_server: 4.4% user + 8.8% kernel / faults: 254 minor
06-10 15:45:43.836   570 19257 E ActivityManager:     8.8% 19257/AnrConsumer: 4.4% user + 4.4% kernel
06-10 15:45:43.836   570 19257 E ActivityManager:   8.7% 377/surfaceflinger: 0% user + 8.7% kernel
06-10 15:45:43.836   570 19257 E ActivityManager:     4.3% 386/Binder:377_1: 0% user + 4.3% kernel
06-10 15:45:43.836   570 19257 E ActivityManager:     4.3% 407/app: 0% user + 4.3% kernel
06-10 15:45:43.836   570 19257 E ActivityManager:   4.3% 297/android.hardware.audio.service.ranchu: 0% user + 4.3% kernel
06-10 15:45:43.836   570 19257 E ActivityManager:   4.4% 372/audioserver: 4.4% user + 0% kernel
06-10 15:45:43.836   570 19257 E ActivityManager:     4.4% 457/AudioOut_D: 0% user + 4.4% kernel
06-10 15:45:43.836   570 19257 E ActivityManager:   4.4% 1089/com.google.android.apps.nexuslauncher: 4.4% user + 0% kernel
06-10 15:45:43.836   570 19257 E ActivityManager:     4.4% 1089/s.nexuslauncher: 4.4% user + 0% kernel
06-10 15:45:43.836   570 19257 E ActivityManager:   4.5% 1473/com.google.android.googlequicksearchbox:search: 4.5% user + 0% kernel / faults: 1063 minor
06-10 15:45:43.836   570 19257 E ActivityManager:     4.5% 1484/HeapTaskDaemon: 4.5% user + 0% kernel
06-10 15:45:43.836   570 19257 E ActivityManager:   4.6% 9898/kworker/u8:0-phy0: 0% user + 4.6% kernel
06-10 15:45:43.836   570 19257 E ActivityManager:   4.7% 18837/com.plan.kot32.tomatotime: 0% user + 4.7% kernel
06-10 15:45:43.836   570 19257 E ActivityManager: 10% TOTAL: 3.2% user + 4.3% kernel + 2.1% irq + 1% softirq
06-10 15:45:43.840   570 19312 I DropBoxManagerService: add tag=system_app_anr isTagEnabled=true flags=0x2
06-10 15:45:43.846   570   608 W BroadcastQueue: Background execution not allowed: receiving Intent { act=android.intent.action.DROPBOX_ENTRY_ADDED flg=0x10 (has extras) } to com.google.android.gms/.stats.service.DropBoxEntryAddedReceiver
06-10 15:45:43.846   570   608 W BroadcastQueue: Background execution not allowed: receiving Intent { act=android.intent.action.DROPBOX_ENTRY_ADDED flg=0x10 (has extras) } to com.google.android.gms/.chimera.GmsIntentOperationService$PersistentTrustedReceiver
06-10 15:45:43.888   570  3572 W OpenGLRenderer: Failed to choose config with EGL_SWAP_BEHAVIOR_PRESERVED, retrying without...
06-10 15:45:43.963   570   596 W Looper  : Slow dispatch took 102ms android.ui h=android.view.Choreographer$FrameHandler c=android.view.Choreographer$FrameDisplayEventReceiver@fb7fc99 m=0
06-10 15:45:43.995 19332 19333 I cmd     : oneway function results will be dropped but finished with status OK and parcel size 4
06-10 15:45:44.236   570   581 W System  : A resource failed to call release. 
06-10 15:45:44.236   570   581 W System  : A resource failed to call release. 
06-10 15:45:44.335 19361 19363 I cmd     : oneway function results will be dropped but finished with status OK and parcel size 4
06-10 15:45:44.652 19388 19390 I cmd     : oneway function results will be dropped but finished with status OK and parcel size 4
06-10 15:45:45.139 19432 19434 I cmd     : oneway function results will be dropped but finished with status OK and parcel size 4
06-10 15:45:45.302 19447 19449 I cmd     : oneway function results will be dropped but finished with status OK and parcel size 4
06-10 15:45:45.452 19462 19464 I cmd     : oneway function results will be dropped but finished with status OK and parcel size 4
06-10 15:45:45.648 19475 19475 E libc    : Access denied finding property "persist.device_config.runtime_native_boot.profilebootclasspath"
06-10 15:45:45.648 19475 19475 E libc    : Access denied finding property "persist.device_config.runtime_native_boot.enable_apex_image"
06-10 15:45:45.648 19475 19475 I AndroidRuntime: Using default boot image
